47.92.175.167 - - [18/Aug/2023:14:42:24 +0800] "GET /ajax.php?act=comps HTTP/1.1" 200 63163 "http://www.xeryx.top/index.php" "Mozilla/5.0 (Windows NT 10.0; Win64; x64) AppleWebKit/537.36 (KHTML, like Gecko) Chrome/92.0.4515.131 Safari/537.36 SLBrowser/8.0.1.4031 SLBChan/105"
47.92.175.167 - - [18/Aug/2023:14:42:33 +0800] "POST /ajax.php?act=context HTTP/1.1" 200 59 "http://www.xeryx.top/index.php" "Mozilla/5.0 (Windows NT 10.0; Win64; x64) AppleWebKit/537.36 (KHTML, like Gecko) Chrome/92.0.4515.131 Safari/537.36 SLBrowser/8.0.1.4031 SLBChan/105"
47.92.175.167 - - [18/Aug/2023:14:42:38 +0800] "GET /ajax.php?act=comps HTTP/1.1" 200 73192 "http://www.xeryx.top/index.php" "Mozilla/5.0 (Windows NT 10.0; Win64; x64) AppleWebKit/537.36 (KHTML, like Gecko) Chrome/92.0.4515.131 Safari/537.36 SLBrowser/8.0.1.4031 SLBChan/105"
114.95.173.130 - - [18/Aug/2023:14:46:11 +0800] "POST /ajax.php?act=context HTTP/1.1" 200 59 "http://www.xeryx.top/index.php" "Mozilla/5.0 (Windows NT 10.0; Win64; x64) AppleWebKit/537.36 (KHTML, like Gecko) Chrome/115.0.0.0 Safari/537.36"
114.95.173.130 - - [18/Aug/2023:14:46:16 +0800] "GET /ajax.php?act=comps HTTP/1.1" 200 72887 "http://www.xeryx.top/index.php" "Mozilla/5.0 (Windows NT 10.0; Win64; x64) AppleWebKit/537.36 (KHTML, like Gecko) Chrome/115.0.0.0 Safari/537.36"
114.85.34.250 - - [18/Aug/2023:14:47:16 +0800] "POST /ajax.php?act=context HTTP/1.1" 200 59 "http://www.xeryx.top/index.php" "Mozilla/5.0 (Windows NT 10.0; Win64; x64) AppleWebKit/537.36 (KHTML, like Gecko) Chrome/115.0.0.0 Safari/537.36"
114.85.34.250 - - [18/Aug/2023:14:47:21 +0800] "GET /ajax.php?act=comps HTTP/1.1" 200 74158 "http://www.xeryx.top/index.php" "Mozilla/5.0 (Windows NT 10.0; Win64; x64) AppleWebKit/537.36 (KHTML, like Gecko) Chrome/115.0.0.0 Safari/537.36"
117.136.120.230 - - [18/Aug/2023:14:47:53 +0800] "GET /index.php HTTP/1.1" 200 4480 "-" "Mozilla/5.0 (Windows NT 10.0; Win64; x64) AppleWebKit/537.36 (KHTML, like Gecko) Chrome/115.0.0.0 Safari/537.36"
221.218.103.226 - - [18/Aug/2023:14:48:13 +0800] "GET /favicon.ico HTTP/1.1" 404 548 "-" "Mozilla/5.0 (Windows NT 10.0; WOW64) AppleWebKit/537.36 (KHTML, like Gecko) Chrome/94.0.4606.71 Safari/537.36 Core/1.94.201.400 QQBrowser/11.9.5325.400"
221.218.103.226 - - [18/Aug/2023:14:48:21 +0800] "GET /favicon.ico HTTP/1.1" 404 548 "-" "Mozilla/5.0 (Windows NT 10.0; WOW64) AppleWebKit/537.36 (KHTML, like Gecko) Chrome/94.0.4606.71 Safari/537.36 Core/1.94.201.400 QQBrowser/11.9.5325.400"
117.136.120.230 - - [18/Aug/2023:14:48:22 +0800] "POST /ajax.php?act=context HTTP/1.1" 200 134 "http://www.xeryx.top/index.php" "Mozilla/5.0 (Windows NT 10.0; Win64; x64) AppleWebKit/537.36 (KHTML, like Gecko) Chrome/115.0.0.0 Safari/537.36"
117.136.120.230 - - [18/Aug/2023:14:48:24 +0800] "GET /user/login.php HTTP/1.1" 200 1718 "http://www.xeryx.top/index.php" "Mozilla/5.0 (Windows NT 10.0; Win64; x64) AppleWebKit/537.36 (KHTML, like Gecko) Chrome/115.0.0.0 Safari/537.36"
221.218.103.226 - - [18/Aug/2023:14:48:28 +0800] "GET /favicon.ico HTTP/1.1" 404 548 "-" "Mozilla/5.0 (Windows NT 10.0; WOW64) AppleWebKit/537.36 (KHTML, like Gecko) Chrome/94.0.4606.71 Safari/537.36 Core/1.94.201.400 QQBrowser/11.9.5325.400"
117.136.120.230 - - [18/Aug/2023:14:48:30 +0800] "POST /user/common.php?action=login HTTP/1.1" 200 104 "http://www.xeryx.top/user/login.php" "Mozilla/5.0 (Windows NT 10.0; Win64; x64) AppleWebKit/537.36 (KHTML, like Gecko) Chrome/115.0.0.0 Safari/537.36"
117.136.120.230 - - [18/Aug/2023:14:48:32 +0800] "GET /index.php HTTP/1.1" 200 4473 "http://www.xeryx.top/user/login.php" "Mozilla/5.0 (Windows NT 10.0; Win64; x64) AppleWebKit/537.36 (KHTML, like Gecko) Chrome/115.0.0.0 Safari/537.36"
221.218.103.226 - - [18/Aug/2023:14:48:33 +0800] "GET /favicon.ico HTTP/1.1" 404 548 "-" "Mozilla/5.0 (Windows NT 10.0; WOW64) AppleWebKit/537.36 (KHTML, like Gecko) Chrome/94.0.4606.71 Safari/537.36 Core/1.94.201.400 QQBrowser/11.9.5325.400"
221.218.103.226 - - [18/Aug/2023:14:48:38 +0800] "GET /favicon.ico HTTP/1.1" 404 548 "-" "Mozilla/5.0 (Windows NT 10.0; WOW64) AppleWebKit/537.36 (KHTML, like Gecko) Chrome/94.0.4606.71 Safari/537.36 Core/1.94.201.400 QQBrowser/11.9.5325.400"
159.226.43.10 - - [18/Aug/2023:14:48:43 +0800] "POST /ajax.php?act=context HTTP/1.1" 200 134 "http://www.xeryx.top/index.php" "Mozilla/5.0 (Windows NT 10.0; WOW64) AppleWebKit/537.36 (KHTML, like Gecko) Chrome/86.0.4240.198 Safari/537.36"
159.226.43.10 - - [18/Aug/2023:14:48:45 +0800] "GET /user/login.php HTTP/1.1" 200 1718 "http://www.xeryx.top/user/login.php" "Mozilla/5.0 (Windows NT 10.0; WOW64) AppleWebKit/537.36 (KHTML, like Gecko) Chrome/86.0.4240.198 Safari/537.36"
159.226.43.10 - - [18/Aug/2023:14:48:48 +0800] "POST /user/common.php?action=login HTTP/1.1" 200 104 "http://www.xeryx.top/user/login.php" "Mozilla/5.0 (Windows NT 10.0; WOW64) AppleWebKit/537.36 (KHTML, like Gecko) Chrome/86.0.4240.198 Safari/537.36"
159.226.43.10 - - [18/Aug/2023:14:48:49 +0800] "GET /user/login.php HTTP/1.1" 200 1718 "http://www.xeryx.top/user/login.php" "Mozilla/5.0 (Windows NT 10.0; WOW64) AppleWebKit/537.36 (KHTML, like Gecko) Chrome/86.0.4240.198 Safari/537.36"
159.226.43.10 - - [18/Aug/2023:14:48:50 +0800] "GET /assets/fonts/inter/inter-v11-latin-600.woff2 HTTP/1.1" 200 17564 "http://www.xeryx.top/assets/css/oneui.min-5.6.css" "Mozilla/5.0 (Windows NT 10.0; WOW64) AppleWebKit/537.36 (KHTML, like Gecko) Chrome/86.0.4240.198 Safari/537.36"
159.226.43.10 - - [18/Aug/2023:14:48:50 +0800] "GET /assets/fonts/inter/inter-v11-latin-regular.woff2 HTTP/1.1" 200 16608 "http://www.xeryx.top/assets/css/oneui.min-5.6.css" "Mozilla/5.0 (Windows NT 10.0; WOW64) AppleWebKit/537.36 (KHTML, like Gecko) Chrome/86.0.4240.198 Safari/537.36"
159.226.43.10 - - [18/Aug/2023:14:48:50 +0800] "GET /assets/fonts/inter/inter-v11-latin-700.woff2 HTTP/1.1" 200 17592 "http://www.xeryx.top/assets/css/oneui.min-5.6.css" "Mozilla/5.0 (Windows NT 10.0; WOW64) AppleWebKit/537.36 (KHTML, like Gecko) Chrome/86.0.4240.198 Safari/537.36"
159.226.43.10 - - [18/Aug/2023:14:48:50 +0800] "GET /assets/fonts/inter/inter-v11-latin-500.woff2 HTTP/1.1" 200 17448 "http://www.xeryx.top/assets/css/oneui.min-5.6.css" "Mozilla/5.0 (Windows NT 10.0; WOW64) AppleWebKit/537.36 (KHTML, like Gecko) Chrome/86.0.4240.198 Safari/537.36"
159.226.43.10 - - [18/Aug/2023:14:48:51 +0800] "GET /assets/fonts/fontawesome/fa-solid-900.woff2 HTTP/1.1" 200 150516 "http://www.xeryx.top/assets/css/oneui.min-5.6.css" "Mozilla/5.0 (Windows NT 10.0; WOW64) AppleWebKit/537.36 (KHTML, like Gecko) Chrome/86.0.4240.198 Safari/537.36"
159.226.43.10 - - [18/Aug/2023:14:48:54 +0800] "POST /user/common.php?action=login HTTP/1.1" 200 104 "http://www.xeryx.top/user/login.php" "Mozilla/5.0 (Windows NT 10.0; WOW64) AppleWebKit/537.36 (KHTML, like Gecko) Chrome/86.0.4240.198 Safari/537.36"
159.226.43.10 - - [18/Aug/2023:14:48:55 +0800] "GET /index.php HTTP/1.1" 200 4473 "http://www.xeryx.top/user/login.php" "Mozilla/5.0 (Windows NT 10.0; WOW64) AppleWebKit/537.36 (KHTML, like Gecko) Chrome/86.0.4240.198 Safari/537.36"
159.226.43.10 - - [18/Aug/2023:14:48:57 +0800] "GET /index.php?_pjax=%23pjax-container HTTP/1.1" 200 4473 "http://www.xeryx.top/index.php" "Mozilla/5.0 (Windows NT 10.0; WOW64) AppleWebKit/537.36 (KHTML, like Gecko) Chrome/86.0.4240.198 Safari/537.36"
117.136.120.230 - - [18/Aug/2023:14:48:59 +0800] "POST /ajax.php?act=context HTTP/1.1" 200 59 "http://www.xeryx.top/index.php" "Mozilla/5.0 (Windows NT 10.0; Win64; x64) AppleWebKit/537.36 (KHTML, like Gecko) Chrome/115.0.0.0 Safari/537.36"
117.136.120.230 - - [18/Aug/2023:14:49:03 +0800] "GET /ajax.php?act=comps HTTP/1.1" 200 45805 "http://www.xeryx.top/index.php" "Mozilla/5.0 (Windows NT 10.0; Win64; x64) AppleWebKit/537.36 (KHTML, like Gecko) Chrome/115.0.0.0 Safari/537.36"
159.226.43.10 - - [18/Aug/2023:14:49:07 +0800] "POST /ajax.php?act=context HTTP/1.1" 200 59 "http://www.xeryx.top/index.php" "Mozilla/5.0 (Windows NT 10.0; WOW64) AppleWebKit/537.36 (KHTML, like Gecko) Chrome/86.0.4240.198 Safari/537.36"
159.226.43.10 - - [18/Aug/2023:14:49:08 +0800] "GET /ajax.php?act=comps HTTP/1.1" 200 11186 "http://www.xeryx.top/index.php" "Mozilla/5.0 (Windows NT 10.0; WOW64) AppleWebKit/537.36 (KHTML, like Gecko) Chrome/86.0.4240.198 Safari/537.36"
117.136.120.230 - - [18/Aug/2023:14:49:31 +0800] "POST /ajax.php?act=context HTTP/1.1" 200 59 "http://www.xeryx.top/index.php" "Mozilla/5.0 (Windows NT 10.0; Win64; x64) AppleWebKit/537.36 (KHTML, like Gecko) Chrome/115.0.0.0 Safari/537.36"
117.136.120.230 - - [18/Aug/2023:14:49:35 +0800] "GET /ajax.php?act=comps HTTP/1.1" 200 47915 "http://www.xeryx.top/index.php" "Mozilla/5.0 (Windows NT 10.0; Win64; x64) AppleWebKit/537.36 (KHTML, like Gecko) Chrome/115.0.0.0 Safari/537.36"
159.226.43.10 - - [18/Aug/2023:14:50:57 +0800] "POST /ajax.php?act=context HTTP/1.1" 200 59 "http://www.xeryx.top/index.php" "Mozilla/5.0 (Windows NT 10.0; WOW64) AppleWebKit/537.36 (KHTML, like Gecko) Chrome/86.0.4240.198 Safari/537.36"
159.226.43.10 - - [18/Aug/2023:14:50:59 +0800] "GET /ajax.php?act=comps HTTP/1.1" 200 20839 "http://www.xeryx.top/index.php" "Mozilla/5.0 (Windows NT 10.0; WOW64) AppleWebKit/537.36 (KHTML, like Gecko) Chrome/86.0.4240.198 Safari/537.36"
159.226.43.10 - - [18/Aug/2023:14:52:15 +0800] "POST /ajax.php?act=context HTTP/1.1" 200 59 "http://www.xeryx.top/index.php" "Mozilla/5.0 (Windows NT 10.0; WOW64) AppleWebKit/537.36 (KHTML, like Gecko) Chrome/86.0.4240.198 Safari/537.36"
159.226.43.10 - - [18/Aug/2023:14:52:19 +0800] "GET /ajax.php?act=comps HTTP/1.1" 200 41887 "http://www.xeryx.top/index.php" "Mozilla/5.0 (Windows NT 10.0; WOW64) AppleWebKit/537.36 (KHTML, like Gecko) Chrome/86.0.4240.198 Safari/537.36"
159.226.43.10 - - [18/Aug/2023:14:56:40 +0800] "POST /ajax.php?act=context HTTP/1.1" 200 59 "http://www.xeryx.top/index.php" "Mozilla/5.0 (Windows NT 10.0; WOW64) AppleWebKit/537.36 (KHTML, like Gecko) Chrome/86.0.4240.198 Safari/537.36"
114.95.171.167 - - [18/Aug/2023:14:56:41 +0800] "GET /user/index.php HTTP/1.1" 302 19674 "-" "Mozilla/5.0 (Windows NT 10.0; Win64; x64) AppleWebKit/537.36 (KHTML, like Gecko) Chrome/107.0.0.0 Safari/537.36 NetType/WIFI MicroMessenger/7.0.20.1781(0x6700143B) WindowsWechat(0x6309062b) XWEB/8379 Flue"
114.95.173.130 - - [18/Aug/2023:14:56:42 +0800] "GET /user/login.php HTTP/1.1" 200 1718 "-" "Mozilla/5.0 (Windows NT 10.0; Win64; x64) AppleWebKit/537.36 (KHTML, like Gecko) Chrome/107.0.0.0 Safari/537.36 NetType/WIFI MicroMessenger/7.0.20.1781(0x6700143B) WindowsWechat(0x6309062b) XWEB/8379 Flue"
159.226.43.10 - - [18/Aug/2023:14:56:46 +0800] "GET /ajax.php?act=comps HTTP/1.1" 200 72614 "http://www.xeryx.top/index.php" "Mozilla/5.0 (Windows NT 10.0; WOW64) AppleWebKit/537.36 (KHTML, like Gecko) Chrome/86.0.4240.198 Safari/537.36"
114.95.171.167 - - [18/Aug/2023:14:57:13 +0800] "GET /user/index.php HTTP/1.1" 302 19674 "-" "Mozilla/5.0 (Windows NT 10.0; Win64; x64) AppleWebKit/537.36 (KHTML, like Gecko) Chrome/115.0.0.0 Safari/537.36 Edg/115.0.1901.203"
114.95.171.167 - - [18/Aug/2023:14:57:13 +0800] "GET /user/login.php HTTP/1.1" 200 1718 "-" "Mozilla/5.0 (Windows NT 10.0; Win64; x64) AppleWebKit/537.36 (KHTML, like Gecko) Chrome/115.0.0.0 Safari/537.36 Edg/115.0.1901.203"
114.95.171.167 - - [18/Aug/2023:14:57:16 +0800] "POST /user/common.php?action=login HTTP/1.1" 200 104 "http://www.xeryx.top/user/login.php" "Mozilla/5.0 (Windows NT 10.0; Win64; x64) AppleWebKit/537.36 (KHTML, like Gecko) Chrome/115.0.0.0 Safari/537.36 Edg/115.0.1901.203"
114.85.34.250 - - [18/Aug/2023:14:57:18 +0800] "GET /index.php HTTP/1.1" 200 4473 "http://www.xeryx.top/user/login.php" "Mozilla/5.0 (Windows NT 10.0; Win64; x64) AppleWebKit/537.36 (KHTML, like Gecko) Chrome/115.0.0.0 Safari/537.36 Edg/115.0.1901.203"
114.85.34.250 - - [18/Aug/2023:14:57:20 +0800] "GET /assets/fonts/fontawesome/fa-regular-400.woff2 HTTP/1.1" 200 25236 "http://www.xeryx.top/assets/css/oneui.min-5.6.css" "Mozilla/5.0 (Windows NT 10.0; Win64; x64) AppleWebKit/537.36 (KHTML, like Gecko) Chrome/115.0.0.0 Safari/537.36 Edg/115.0.1901.203"
114.85.34.250 - - [18/Aug/2023:14:57:20 +0800] "GET /assets/fonts/simple-line-icons/Simple-Line-Icons.woff2?v=2.4.0 HTTP/1.1" 200 30064 "http://www.xeryx.top/assets/css/oneui.min-5.6.css" "Mozilla/5.0 (Windows NT 10.0; Win64; x64) AppleWebKit/537.36 (KHTML, like Gecko) Chrome/115.0.0.0 Safari/537.36 Edg/115.0.1901.203"
114.85.34.250 - - [18/Aug/2023:14:57:38 +0800] "GET /index.php HTTP/1.1" 200 4473 "-" "Mozilla/5.0 (Windows NT 10.0; Win64; x64) AppleWebKit/537.36 (KHTML, like Gecko) Chrome/115.0.0.0 Safari/537.36 Edg/115.0.1901.203"
180.163.29.212 - - [18/Aug/2023:14:57:42 +0800] "GET /user/login.php HTTP/1.1" 200 5388 "-" "Mozilla/5.0 (iPhone; CPU iPhone OS 10_2_1 like Mac OS X) AppleWebKit/602.4.6 (KHTML, like Gecko) Mobile/14D27 MicroMessenger/6.5.5 NetType/WIFI Language/zh_CN"
159.226.43.10 - - [18/Aug/2023:14:57:55 +0800] "POST /ajax.php?act=context HTTP/1.1" 200 59 "http://www.xeryx.top/index.php" "Mozilla/5.0 (Windows NT 10.0; WOW64) AppleWebKit/537.36 (KHTML, like Gecko) Chrome/86.0.4240.198 Safari/537.36"
159.226.43.10 - - [18/Aug/2023:14:58:01 +0800] "GET /ajax.php?act=comps HTTP/1.1" 200 91720 "http://www.xeryx.top/index.php" "Mozilla/5.0 (Windows NT 10.0; WOW64) AppleWebKit/537.36 (KHTML, like Gecko) Chrome/86.0.4240.198 Safari/537.36"
223.166.248.119 - - [18/Aug/2023:14:58:29 +0800] "POST /ajax.php?act=context HTTP/1.1" 200 59 "http://www.xeryx.top/index.php" "Mozilla/5.0 (Windows NT 10.0; Win64; x64) AppleWebKit/537.36 (KHTML, like Gecko) Chrome/115.0.0.0 Safari/537.36"
223.166.248.119 - - [18/Aug/2023:14:58:31 +0800] "GET /ajax.php?act=comps HTTP/1.1" 200 32500 "http://www.xeryx.top/index.php" "Mozilla/5.0 (Windows NT 10.0; Win64; x64) AppleWebKit/537.36 (KHTML, like Gecko) Chrome/115.0.0.0 Safari/537.36"
114.95.171.185 - - [18/Aug/2023:15:02:41 +0800] "GET /index.php HTTP/1.1" 200 4480 "-" "Mozilla/5.0 (Windows NT 10.0; Win64; x64) AppleWebKit/537.36 (KHTML, like Gecko) Chrome/115.0.0.0 Safari/537.36 Edg/115.0.1901.203"
114.95.171.185 - - [18/Aug/2023:15:02:44 +0800] "GET /assets/fonts/fontawesome/fa-regular-400.woff2 HTTP/1.1" 200 25236 "http://www.xeryx.top/assets/css/oneui.min-5.6.css" "Mozilla/5.0 (Windows NT 10.0; Win64; x64) AppleWebKit/537.36 (KHTML, like Gecko) Chrome/115.0.0.0 Safari/537.36 Edg/115.0.1901.203"
114.95.171.185 - - [18/Aug/2023:15:02:44 +0800] "GET /assets/fonts/inter/inter-v11-latin-700.woff2 HTTP/1.1" 200 17592 "http://www.xeryx.top/assets/css/oneui.min-5.6.css" "Mozilla/5.0 (Windows NT 10.0; Win64; x64) AppleWebKit/537.36 (KHTML, like Gecko) Chrome/115.0.0.0 Safari/537.36 Edg/115.0.1901.203"
114.95.171.185 - - [18/Aug/2023:15:02:44 +0800] "GET /assets/fonts/inter/inter-v11-latin-600.woff2 HTTP/1.1" 200 17564 "http://www.xeryx.top/assets/css/oneui.min-5.6.css" "Mozilla/5.0 (Windows NT 10.0; Win64; x64) AppleWebKit/537.36 (KHTML, like Gecko) Chrome/115.0.0.0 Safari/537.36 Edg/115.0.1901.203"
114.95.171.185 - - [18/Aug/2023:15:02:44 +0800] "GET /assets/fonts/simple-line-icons/Simple-Line-Icons.woff2?v=2.4.0 HTTP/1.1" 200 30064 "http://www.xeryx.top/assets/css/oneui.min-5.6.css" "Mozilla/5.0 (Windows NT 10.0; Win64; x64) AppleWebKit/537.36 (KHTML, like Gecko) Chrome/115.0.0.0 Safari/537.36 Edg/115.0.1901.203"
114.95.171.185 - - [18/Aug/2023:15:02:44 +0800] "GET /assets/fonts/inter/inter-v11-latin-regular.woff2 HTTP/1.1" 200 16608 "http://www.xeryx.top/assets/css/oneui.min-5.6.css" "Mozilla/5.0 (Windows NT 10.0; Win64; x64) AppleWebKit/537.36 (KHTML, like Gecko) Chrome/115.0.0.0 Safari/537.36 Edg/115.0.1901.203"
114.95.171.185 - - [18/Aug/2023:15:02:44 +0800] "GET /assets/js//config/chat.json HTTP/1.1" 200 51501 "http://www.xeryx.top/index.php" "Mozilla/5.0 (Windows NT 10.0; Win64; x64) AppleWebKit/537.36 (KHTML, like Gecko) Chrome/115.0.0.0 Safari/537.36 Edg/115.0.1901.203"
114.95.171.185 - - [18/Aug/2023:15:02:46 +0800] "GET /assets/fonts/fontawesome/fa-solid-900.woff2 HTTP/1.1" 200 150516 "http://www.xeryx.top/assets/css/oneui.min-5.6.css" "Mozilla/5.0 (Windows NT 10.0; Win64; x64) AppleWebKit/537.36 (KHTML, like Gecko) Chrome/115.0.0.0 Safari/537.36 Edg/115.0.1901.203"
103.230.15.178 - - [18/Aug/2023:15:04:46 +0800] "GET /ueditor/net/controller1.ashx?action=catchimage HTTP/1.1" 404 146 "-" "Mozilla/5.0 (Windows NT 10.0; WOW64; rv:48.0) Gecko/20100101 Firefox/48.0"
159.226.43.10 - - [18/Aug/2023:15:08:08 +0800] "POST /ajax.php?act=context HTTP/1.1" 200 59 "http://www.xeryx.top/index.php" "Mozilla/5.0 (Windows NT 10.0; WOW64) AppleWebKit/537.36 (KHTML, like Gecko) Chrome/86.0.4240.198 Safari/537.36"
159.226.43.10 - - [18/Aug/2023:15:08:12 +0800] "GET /ajax.php?act=comps HTTP/1.1" 200 41822 "http://www.xeryx.top/index.php" "Mozilla/5.0 (Windows NT 10.0; WOW64) AppleWebKit/537.36 (KHTML, like Gecko) Chrome/86.0.4240.198 Safari/537.36"
61.135.171.237 - - [18/Aug/2023:15:09:11 +0800] "POST /ajax.php?act=context HTTP/1.1" 200 59 "http://www.xeryx.top/index.php" "Mozilla/5.0 (Windows NT 10.0; Win64; x64) AppleWebKit/537.36 (KHTML, like Gecko) Chrome/115.0.0.0 Safari/537.36 Edg/115.0.1901.203"
61.135.171.237 - - [18/Aug/2023:15:09:15 +0800] "GET /ajax.php?act=comps HTTP/1.1" 200 32069 "http://www.xeryx.top/index.php" "Mozilla/5.0 (Windows NT 10.0; Win64; x64) AppleWebKit/537.36 (KHTML, like Gecko) Chrome/115.0.0.0 Safari/537.36 Edg/115.0.1901.203"
61.135.171.237 - - [18/Aug/2023:15:09:53 +0800] "POST /ajax.php?act=context HTTP/1.1" 200 59 "http://www.xeryx.top/index.php" "Mozilla/5.0 (Windows NT 10.0; Win64; x64) AppleWebKit/537.36 (KHTML, like Gecko) Chrome/115.0.0.0 Safari/537.36 Edg/115.0.1901.203"
61.135.171.237 - - [18/Aug/2023:15:09:56 +0800] "GET /ajax.php?act=comps HTTP/1.1" 200 32883 "http://www.xeryx.top/index.php" "Mozilla/5.0 (Windows NT 10.0; Win64; x64) AppleWebKit/537.36 (KHTML, like Gecko) Chrome/115.0.0.0 Safari/537.36 Edg/115.0.1901.203"
61.135.171.237 - - [18/Aug/2023:15:10:30 +0800] "POST /ajax.php?act=context HTTP/1.1" 200 59 "http://www.xeryx.top/index.php" "Mozilla/5.0 (Windows NT 10.0; Win64; x64) AppleWebKit/537.36 (KHTML, like Gecko) Chrome/115.0.0.0 Safari/537.36 Edg/115.0.1901.203"
39.144.45.139 - - [18/Aug/2023:15:10:31 +0800] "GET /index.php HTTP/1.1" 200 4473 "-" "Mozilla/5.0 (Windows NT 10.0; Win64; x64) AppleWebKit/537.36 (KHTML, like Gecko) Chrome/116.0.0.0 Safari/537.36"
123.119.176.195 - - [18/Aug/2023:15:10:39 +0800] "GET / HTTP/1.1" 200 4473 "-" "Mozilla/5.0 (Windows NT 10.0; Win64; x64) AppleWebKit/537.36 (KHTML, like Gecko) Chrome/115.0.0.0 Safari/537.36 Edg/115.0.1901.203"
39.144.45.139 - - [18/Aug/2023:15:10:46 +0800] "POST /ajax.php?act=context HTTP/1.1" 200 59 "http://www.xeryx.top/index.php" "Mozilla/5.0 (Windows NT 10.0; Win64; x64) AppleWebKit/537.36 (KHTML, like Gecko) Chrome/116.0.0.0 Safari/537.36"
159.226.43.10 - - [18/Aug/2023:15:10:49 +0800] "POST /ajax.php?act=context HTTP/1.1" 200 59 "http://www.xeryx.top/index.php" "Mozilla/5.0 (Windows NT 10.0; WOW64) AppleWebKit/537.36 (KHTML, like Gecko) Chrome/86.0.4240.198 Safari/537.36"
39.144.45.139 - - [18/Aug/2023:15:10:50 +0800] "GET /ajax.php?act=comps HTTP/1.1" 200 34844 "http://www.xeryx.top/index.php" "Mozilla/5.0 (Windows NT 10.0; Win64; x64) AppleWebKit/537.36 (KHTML, like Gecko) Chrome/116.0.0.0 Safari/537.36"
159.226.43.10 - - [18/Aug/2023:15:10:53 +0800] "GET /ajax.php?act=comps HTTP/1.1" 200 44722 "http://www.xeryx.top/index.php" "Mozilla/5.0 (Windows NT 10.0; WOW64) AppleWebKit/537.36 (KHTML, like Gecko) Chrome/86.0.4240.198 Safari/537.36"
61.135.171.237 - - [18/Aug/2023:15:10:54 +0800] "GET /ajax.php?act=comps HTTP/1.1" 200 232616 "http://www.xeryx.top/index.php" "Mozilla/5.0 (Windows NT 10.0; Win64; x64) AppleWebKit/537.36 (KHTML, like Gecko) Chrome/115.0.0.0 Safari/537.36 Edg/115.0.1901.203"
123.119.176.195 - - [18/Aug/2023:15:10:59 +0800] "POST /ajax.php?act=context HTTP/1.1" 200 59 "http://www.xeryx.top/" "Mozilla/5.0 (Windows NT 10.0; Win64; x64) AppleWebKit/537.36 (KHTML, like Gecko) Chrome/115.0.0.0 Safari/537.36 Edg/115.0.1901.203"
123.119.176.195 - - [18/Aug/2023:15:11:03 +0800] "GET /ajax.php?act=comps HTTP/1.1" 200 29375 "http://www.xeryx.top/" "Mozilla/5.0 (Windows NT 10.0; Win64; x64) AppleWebKit/537.36 (KHTML, like Gecko) Chrome/115.0.0.0 Safari/537.36 Edg/115.0.1901.203"
221.221.162.33 - - [18/Aug/2023:15:12:13 +0800] "POST /ajax.php?act=context HTTP/1.1" 200 59 "http://www.xeryx.top/index.php" "Mozilla/5.0 (Windows NT 10.0; Win64; x64) AppleWebKit/537.36 (KHTML, like Gecko) Chrome/115.0.0.0 Safari/537.36 Edg/115.0.1901.203"
221.221.162.33 - - [18/Aug/2023:15:12:18 +0800] "GET /ajax.php?act=comps HTTP/1.1" 200 66987 "http://www.xeryx.top/index.php" "Mozilla/5.0 (Windows NT 10.0; Win64; x64) AppleWebKit/537.36 (KHTML, like Gecko) Chrome/115.0.0.0 Safari/537.36 Edg/115.0.1901.203"
221.221.162.33 - - [18/Aug/2023:15:12:42 +0800] "POST /ajax.php?act=context HTTP/1.1" 200 59 "http://www.xeryx.top/index.php" "Mozilla/5.0 (Windows NT 10.0; Win64; x64) AppleWebKit/537.36 (KHTML, like Gecko) Chrome/115.0.0.0 Safari/537.36 Edg/115.0.1901.203"
221.221.162.33 - - [18/Aug/2023:15:12:44 +0800] "GET /ajax.php?act=comps HTTP/1.1" 200 23112 "http://www.xeryx.top/index.php" "Mozilla/5.0 (Windows NT 10.0; Win64; x64) AppleWebKit/537.36 (KHTML, like Gecko) Chrome/115.0.0.0 Safari/537.36 Edg/115.0.1901.203"
221.221.162.33 - - [18/Aug/2023:15:12:54 +0800] "POST /ajax.php?act=context HTTP/1.1" 200 59 "http://www.xeryx.top/index.php" "Mozilla/5.0 (Windows NT 10.0; Win64; x64) AppleWebKit/537.36 (KHTML, like Gecko) Chrome/115.0.0.0 Safari/537.36 Edg/115.0.1901.203"
221.221.162.33 - - [18/Aug/2023:15:13:03 +0800] "GET /ajax.php?act=comps HTTP/1.1" 200 121513 "http://www.xeryx.top/index.php" "Mozilla/5.0 (Windows NT 10.0; Win64; x64) AppleWebKit/537.36 (KHTML, like Gecko) Chrome/115.0.0.0 Safari/537.36 Edg/115.0.1901.203"
221.221.161.140 - - [18/Aug/2023:15:14:48 +0800] "POST /ajax.php?act=context HTTP/1.1" 200 59 "http://www.xeryx.top/index.php" "Mozilla/5.0 (Windows NT 10.0; Win64; x64) AppleWebKit/537.36 (KHTML, like Gecko) Chrome/115.0.0.0 Safari/537.36 Edg/115.0.1901.203"
221.221.161.140 - - [18/Aug/2023:15:14:57 +0800] "GET /ajax.php?act=comps HTTP/1.1" 200 133753 "http://www.xeryx.top/index.php" "Mozilla/5.0 (Windows NT 10.0; Win64; x64) AppleWebKit/537.36 (KHTML, like Gecko) Chrome/115.0.0.0 Safari/537.36 Edg/115.0.1901.203"
221.221.160.159 - - [18/Aug/2023:15:17:23 +0800] "POST /ajax.php?act=context HTTP/1.1" 200 59 "http://www.xeryx.top/index.php" "Mozilla/5.0 (Windows NT 10.0; Win64; x64) AppleWebKit/537.36 (KHTML, like Gecko) Chrome/115.0.0.0 Safari/537.36 Edg/115.0.1901.203"
221.221.160.159 - - [18/Aug/2023:15:17:29 +0800] "GET /ajax.php?act=comps HTTP/1.1" 200 89471 "http://www.xeryx.top/index.php" "Mozilla/5.0 (Windows NT 10.0; Win64; x64) AppleWebKit/537.36 (KHTML, like Gecko) Chrome/115.0.0.0 Safari/537.36 Edg/115.0.1901.203"
114.95.171.167 - - [18/Aug/2023:15:17:30 +0800] "POST /ajax.php?act=context HTTP/1.1" 200 59 "http://www.xeryx.top/index.php" "Mozilla/5.0 (Windows NT 10.0; WOW64) AppleWebKit/537.36 (KHTML, like Gecko) Chrome/94.0.4606.71 Safari/537.36 SE 2.X MetaSr 1.0"
114.95.171.167 - - [18/Aug/2023:15:17:34 +0800] "GET /ajax.php?act=comps HTTP/1.1" 200 63658 "http://www.xeryx.top/index.php" "Mozilla/5.0 (Windows NT 10.0; WOW64) AppleWebKit/537.36 (KHTML, like Gecko) Chrome/94.0.4606.71 Safari/537.36 SE 2.X MetaSr 1.0"
221.221.160.159 - - [18/Aug/2023:15:18:01 +0800] "POST /ajax.php?act=context HTTP/1.1" 200 59 "http://www.xeryx.top/index.php" "Mozilla/5.0 (Windows NT 10.0; Win64; x64) AppleWebKit/537.36 (KHTML, like Gecko) Chrome/115.0.0.0 Safari/537.36 Edg/115.0.1901.203"
221.221.160.159 - - [18/Aug/2023:15:18:04 +0800] "GET /ajax.php?act=comps HTTP/1.1" 200 42160 "http://www.xeryx.top/index.php" "Mozilla/5.0 (Windows NT 10.0; Win64; x64) AppleWebKit/537.36 (KHTML, like Gecko) Chrome/115.0.0.0 Safari/537.36 Edg/115.0.1901.203"
221.221.160.159 - - [18/Aug/2023:15:18:38 +0800] "POST /ajax.php?act=context HTTP/1.1" 200 59 "http://www.xeryx.top/index.php" "Mozilla/5.0 (Windows NT 10.0; Win64; x64) AppleWebKit/537.36 (KHTML, like Gecko) Chrome/115.0.0.0 Safari/537.36 Edg/115.0.1901.203"
221.221.160.159 - - [18/Aug/2023:15:18:42 +0800] "GET /ajax.php?act=comps HTTP/1.1" 200 48242 "http://www.xeryx.top/index.php" "Mozilla/5.0 (Windows NT 10.0; Win64; x64) AppleWebKit/537.36 (KHTML, like Gecko) Chrome/115.0.0.0 Safari/537.36 Edg/115.0.1901.203"
221.221.160.159 - - [18/Aug/2023:15:19:03 +0800] "POST /ajax.php?act=context HTTP/1.1" 200 59 "http://www.xeryx.top/index.php" "Mozilla/5.0 (Windows NT 10.0; Win64; x64) AppleWebKit/537.36 (KHTML, like Gecko) Chrome/115.0.0.0 Safari/537.36 Edg/115.0.1901.203"
221.221.160.159 - - [18/Aug/2023:15:19:06 +0800] "GET /ajax.php?act=comps HTTP/1.1" 200 32311 "http://www.xeryx.top/index.php" "Mozilla/5.0 (Windows NT 10.0; Win64; x64) AppleWebKit/537.36 (KHTML, like Gecko) Chrome/115.0.0.0 Safari/537.36 Edg/115.0.1901.203"
159.226.43.10 - - [18/Aug/2023:15:20:34 +0800] "POST /ajax.php?act=context HTTP/1.1" 200 59 "http://www.xeryx.top/index.php" "Mozilla/5.0 (Windows NT 10.0; WOW64) AppleWebKit/537.36 (KHTML, like Gecko) Chrome/86.0.4240.198 Safari/537.36"
159.226.43.10 - - [18/Aug/2023:15:20:39 +0800] "GET /ajax.php?act=comps HTTP/1.1" 200 73876 "http://www.xeryx.top/index.php" "Mozilla/5.0 (Windows NT 10.0; WOW64) AppleWebKit/537.36 (KHTML, like Gecko) Chrome/86.0.4240.198 Safari/537.36"
39.100.148.61 - - [18/Aug/2023:15:22:31 +0800] "POST /ajax.php?act=context HTTP/1.1" 200 59 "http://www.xeryx.top/index.php" "Mozilla/5.0 (Windows NT 10.0; WOW64) AppleWebKit/537.36 (KHTML, like Gecko) Chrome/94.0.4606.71 Safari/537.36 SE 2.X MetaSr 1.0"
114.95.169.40 - - [18/Aug/2023:15:22:36 +0800] "POST /ajax.php?act=context HTTP/1.1" 200 59 "http://www.xeryx.top/index.php" "Mozilla/5.0 (Windows NT 10.0; Win64; x64) AppleWebKit/537.36 (KHTML, like Gecko) Chrome/92.0.4515.131 Safari/537.36 SLBrowser/8.0.1.4031 SLBChan/11"
114.95.169.40 - - [18/Aug/2023:15:22:42 +0800] "GET /ajax.php?act=comps HTTP/1.1" 200 72668 "http://www.xeryx.top/index.php" "Mozilla/5.0 (Windows NT 10.0; Win64; x64) AppleWebKit/537.36 (KHTML, like Gecko) Chrome/92.0.4515.131 Safari/537.36 SLBrowser/8.0.1.4031 SLBChan/11"
39.100.148.61 - - [18/Aug/2023:15:22:51 +0800] "GET /ajax.php?act=comps HTTP/1.1" 200 283855 "http://www.xeryx.top/index.php" "Mozilla/5.0 (Windows NT 10.0; WOW64) AppleWebKit/537.36 (KHTML, like Gecko) Chrome/94.0.4606.71 Safari/537.36 SE 2.X MetaSr 1.0"
221.221.161.140 - - [18/Aug/2023:15:23:06 +0800] "POST /ajax.php?act=context HTTP/1.1" 200 59 "http://www.xeryx.top/index.php" "Mozilla/5.0 (Windows NT 10.0; Win64; x64) AppleWebKit/537.36 (KHTML, like Gecko) Chrome/115.0.0.0 Safari/537.36 Edg/115.0.1901.203"
221.221.161.140 - - [18/Aug/2023:15:23:09 +0800] "GET /ajax.php?act=comps HTTP/1.1" 200 36899 "http://www.xeryx.top/index.php" "Mozilla/5.0 (Windows NT 10.0; Win64; x64) AppleWebKit/537.36 (KHTML, like Gecko) Chrome/115.0.0.0 Safari/537.36 Edg/115.0.1901.203"
47.92.175.167 - - [18/Aug/2023:15:26:28 +0800] "GET /index.php HTTP/1.1" 200 4480 "-" "Mozilla/5.0 (Windows NT 10.0; WOW64) AppleWebKit/537.36 (KHTML, like Gecko) Chrome/86.0.4240.198 Safari/537.36"
47.92.175.167 - - [18/Aug/2023:15:26:32 +0800] "GET /user/login.php HTTP/1.1" 200 1718 "http://www.xeryx.top/index.php" "Mozilla/5.0 (Windows NT 10.0; WOW64) AppleWebKit/537.36 (KHTML, like Gecko) Chrome/86.0.4240.198 Safari/537.36"
47.92.175.167 - - [18/Aug/2023:15:26:32 +0800] "GET /assets/fonts/inter/inter-v11-latin-500.woff2 HTTP/1.1" 206 1 "http://www.xeryx.top/assets/css/oneui.min-5.6.css" "Mozilla/5.0 (Windows NT 10.0; WOW64) AppleWebKit/537.36 (KHTML, like Gecko) Chrome/86.0.4240.198 Safari/537.36"
47.92.175.167 - - [18/Aug/2023:15:26:32 +0800] "GET /assets/fonts/inter/inter-v11-latin-500.woff2 HTTP/1.1" 206 8163 "http://www.xeryx.top/assets/css/oneui.min-5.6.css" "Mozilla/5.0 (Windows NT 10.0; WOW64) AppleWebKit/537.36 (KHTML, like Gecko) Chrome/86.0.4240.198 Safari/537.36"
47.92.175.167 - - [18/Aug/2023:15:26:39 +0800] "POST /user/common.php?action=login HTTP/1.1" 200 84 "http://www.xeryx.top/user/login.php" "Mozilla/5.0 (Windows NT 10.0; WOW64) AppleWebKit/537.36 (KHTML, like Gecko) Chrome/86.0.4240.198 Safari/537.36"
47.92.175.167 - - [18/Aug/2023:15:26:47 +0800] "POST /user/common.php?action=login HTTP/1.1" 200 104 "http://www.xeryx.top/user/login.php" "Mozilla/5.0 (Windows NT 10.0; WOW64) AppleWebKit/537.36 (KHTML, like Gecko) Chrome/86.0.4240.198 Safari/537.36"
47.92.175.167 - - [18/Aug/2023:15:26:49 +0800] "GET /index.php HTTP/1.1" 200 4473 "http://www.xeryx.top/user/login.php" "Mozilla/5.0 (Windows NT 10.0; WOW64) AppleWebKit/537.36 (KHTML, like Gecko) Chrome/86.0.4240.198 Safari/537.36"
47.92.175.167 - - [18/Aug/2023:15:27:12 +0800] "POST /ajax.php?act=context HTTP/1.1" 200 59 "http://www.xeryx.top/index.php" "Mozilla/5.0 (Windows NT 10.0; WOW64) AppleWebKit/537.36 (KHTML, like Gecko) Chrome/86.0.4240.198 Safari/537.36"
114.85.34.250 - - [18/Aug/2023:15:27:15 +0800] "POST /ajax.php?act=context HTTP/1.1" 200 59 "http://www.xeryx.top/index.php" "Mozilla/5.0 (Windows NT 10.0; Win64; x64) AppleWebKit/537.36 (KHTML, like Gecko) Chrome/92.0.4515.131 Safari/537.36 SLBrowser/8.0.1.4031 SLBChan/11"
47.92.175.167 - - [18/Aug/2023:15:27:16 +0800] "GET /ajax.php?act=comps HTTP/1.1" 200 58765 "http://www.xeryx.top/index.php" "Mozilla/5.0 (Windows NT 10.0; WOW64) AppleWebKit/537.36 (KHTML, like Gecko) Chrome/86.0.4240.198 Safari/537.36"
114.85.34.250 - - [18/Aug/2023:15:27:17 +0800] "GET /ajax.php?act=comps HTTP/1.1" 200 24186 "http://www.xeryx.top/index.php" "Mozilla/5.0 (Windows NT 10.0; Win64; x64) AppleWebKit/537.36 (KHTML, like Gecko) Chrome/92.0.4515.131 Safari/537.36 SLBrowser/8.0.1.4031 SLBChan/11"
114.95.173.130 - - [18/Aug/2023:15:27:29 +0800] "POST /ajax.php?act=context HTTP/1.1" 200 59 "http://www.xeryx.top/index.php" "Mozilla/5.0 (Windows NT 10.0; Win64; x64) AppleWebKit/537.36 (KHTML, like Gecko) Chrome/92.0.4515.131 Safari/537.36 SLBrowser/8.0.1.4031 SLBChan/11"
114.95.173.130 - - [18/Aug/2023:15:27:34 +0800] "GET /ajax.php?act=comps HTTP/1.1" 200 69081 "http://www.xeryx.top/index.php" "Mozilla/5.0 (Windows NT 10.0; Win64; x64) AppleWebKit/537.36 (KHTML, like Gecko) Chrome/92.0.4515.131 Safari/537.36 SLBrowser/8.0.1.4031 SLBChan/11"
114.95.173.130 - - [18/Aug/2023:15:27:48 +0800] "POST /ajax.php?act=context HTTP/1.1" 200 59 "http://www.xeryx.top/index.php" "Mozilla/5.0 (Windows NT 10.0; Win64; x64) AppleWebKit/537.36 (KHTML, like Gecko) Chrome/92.0.4515.131 Safari/537.36 SLBrowser/8.0.1.4031 SLBChan/105"
114.95.173.130 - - [18/Aug/2023:15:27:53 +0800] "GET /ajax.php?act=comps HTTP/1.1" 200 68807 "http://www.xeryx.top/index.php" "Mozilla/5.0 (Windows NT 10.0; Win64; x64) AppleWebKit/537.36 (KHTML, like Gecko) Chrome/92.0.4515.131 Safari/537.36 SLBrowser/8.0.1.4031 SLBChan/105"
47.92.175.167 - - [18/Aug/2023:15:27:58 +0800] "POST /ajax.php?act=context HTTP/1.1" 200 59 "http://www.xeryx.top/index.php" "Mozilla/5.0 (Windows NT 10.0; WOW64) AppleWebKit/537.36 (KHTML, like Gecko) Chrome/86.0.4240.198 Safari/537.36"
114.95.173.130 - - [18/Aug/2023:15:28:04 +0800] "POST /ajax.php?act=context HTTP/1.1" 200 59 "http://www.xeryx.top/index.php" "Mozilla/5.0 (Windows NT 10.0; Win64; x64) AppleWebKit/537.36 (KHTML, like Gecko) Chrome/92.0.4515.131 Safari/537.36 SLBrowser/8.0.1.4031 SLBChan/11"
47.92.175.167 - - [18/Aug/2023:15:28:05 +0800] "GET /ajax.php?act=comps HTTP/1.1" 200 90339 "http://www.xeryx.top/index.php" "Mozilla/5.0 (Windows NT 10.0; WOW64) AppleWebKit/537.36 (KHTML, like Gecko) Chrome/86.0.4240.198 Safari/537.36"
114.95.173.130 - - [18/Aug/2023:15:28:08 +0800] "GET /ajax.php?act=comps HTTP/1.1" 200 40719 "http://www.xeryx.top/index.php" "Mozilla/5.0 (Windows NT 10.0; Win64; x64) AppleWebKit/537.36 (KHTML, like Gecko) Chrome/92.0.4515.131 Safari/537.36 SLBrowser/8.0.1.4031 SLBChan/11"
114.85.34.250 - - [18/Aug/2023:15:29:46 +0800] "POST /ajax.php?act=context HTTP/1.1" 200 59 "http://www.xeryx.top/index.php" "Mozilla/5.0 (Windows NT 10.0; Win64; x64) AppleWebKit/537.36 (KHTML, like Gecko) Chrome/92.0.4515.131 Safari/537.36 SLBrowser/8.0.1.4031 SLBChan/105"
54.249.72.10 - - [18/Aug/2023:15:29:47 +0800] "POST /ajax.php?act=context HTTP/1.1" 200 134 "http://www.xeryx.top/index.php" "Mozilla/5.0 (Windows NT 10.0; Win64; x64) AppleWebKit/537.36 (KHTML, like Gecko) Chrome/116.0.0.0 Safari/537.36"
114.85.34.250 - - [18/Aug/2023:15:29:50 +0800] "GET /ajax.php?act=comps HTTP/1.1" 200 65888 "http://www.xeryx.top/index.php" "Mozilla/5.0 (Windows NT 10.0; Win64; x64) AppleWebKit/537.36 (KHTML, like Gecko) Chrome/92.0.4515.131 Safari/537.36 SLBrowser/8.0.1.4031 SLBChan/105"
54.249.72.10 - - [18/Aug/2023:15:29:51 +0800] "GET /user/login.php HTTP/1.1" 200 1718 "http://www.xeryx.top/index.php" "Mozilla/5.0 (Windows NT 10.0; Win64; x64) AppleWebKit/537.36 (KHTML, like Gecko) Chrome/116.0.0.0 Safari/537.36"
54.249.72.10 - - [18/Aug/2023:15:29:54 +0800] "POST /user/common.php?action=login HTTP/1.1" 200 104 "http://www.xeryx.top/user/login.php" "Mozilla/5.0 (Windows NT 10.0; Win64; x64) AppleWebKit/537.36 (KHTML, like Gecko) Chrome/116.0.0.0 Safari/537.36"
54.249.72.10 - - [18/Aug/2023:15:29:55 +0800] "GET /index.php HTTP/1.1" 200 4473 "http://www.xeryx.top/user/login.php" "Mozilla/5.0 (Windows NT 10.0; Win64; x64) AppleWebKit/537.36 (KHTML, like Gecko) Chrome/116.0.0.0 Safari/537.36"
223.166.248.119 - - [18/Aug/2023:15:30:13 +0800] "GET /index.php HTTP/1.1" 200 4480 "-" "Mozilla/5.0 (Windows NT 10.0; Win64; x64) AppleWebKit/537.36 (KHTML, like Gecko) Chrome/116.0.0.0 Safari/537.36"
114.95.171.167 - - [18/Aug/2023:15:30:18 +0800] "GET /user/login.php HTTP/1.1" 200 1718 "http://www.xeryx.top/index.php" "Mozilla/5.0 (Windows NT 10.0; Win64; x64) AppleWebKit/537.36 (KHTML, like Gecko) Chrome/116.0.0.0 Safari/537.36"
223.166.248.119 - - [18/Aug/2023:15:30:18 +0800] "GET /assets/fonts/inter/inter-v11-latin-500.woff2 HTTP/1.1" 200 17448 "http://www.xeryx.top/assets/css/oneui.min-5.6.css" "Mozilla/5.0 (Windows NT 10.0; Win64; x64) AppleWebKit/537.36 (KHTML, like Gecko) Chrome/116.0.0.0 Safari/537.36"
114.95.171.167 - - [18/Aug/2023:15:30:22 +0800] "POST /user/common.php?action=login HTTP/1.1" 200 104 "http://www.xeryx.top/user/login.php" "Mozilla/5.0 (Windows NT 10.0; Win64; x64) AppleWebKit/537.36 (KHTML, like Gecko) Chrome/116.0.0.0 Safari/537.36"
114.95.171.167 - - [18/Aug/2023:15:30:23 +0800] "GET /index.php HTTP/1.1" 200 4473 "http://www.xeryx.top/user/login.php" "Mozilla/5.0 (Windows NT 10.0; Win64; x64) AppleWebKit/537.36 (KHTML, like Gecko) Chrome/116.0.0.0 Safari/537.36"
54.249.72.10 - - [18/Aug/2023:15:30:27 +0800] "POST /ajax.php?act=context HTTP/1.1" 200 59 "http://www.xeryx.top/index.php" "Mozilla/5.0 (Windows NT 10.0; Win64; x64) AppleWebKit/537.36 (KHTML, like Gecko) Chrome/116.0.0.0 Safari/537.36"
54.249.72.10 - - [18/Aug/2023:15:30:31 +0800] "GET /ajax.php?act=comps HTTP/1.1" 200 49979 "http://www.xeryx.top/index.php" "Mozilla/5.0 (Windows NT 10.0; Win64; x64) AppleWebKit/537.36 (KHTML, like Gecko) Chrome/116.0.0.0 Safari/537.36"
222.70.4.31 - - [18/Aug/2023:15:30:38 +0800] "POST /ajax.php?act=context HTTP/1.1" 200 59 "http://www.xeryx.top/index.php" "Mozilla/5.0 (Windows NT 10.0; Win64; x64) AppleWebKit/537.36 (KHTML, like Gecko) Chrome/115.0.0.0 Safari/537.36"
222.70.4.31 - - [18/Aug/2023:15:30:45 +0800] "GET /ajax.php?act=comps HTTP/1.1" 200 109388 "http://www.xeryx.top/index.php" "Mozilla/5.0 (Windows NT 10.0; Win64; x64) AppleWebKit/537.36 (KHTML, like Gecko) Chrome/115.0.0.0 Safari/537.36"
114.95.171.167 - - [18/Aug/2023:15:30:52 +0800] "POST /ajax.php?act=context HTTP/1.1" 200 59 "http://www.xeryx.top/index.php" "Mozilla/5.0 (Windows NT 10.0; Win64; x64) AppleWebKit/537.36 (KHTML, like Gecko) Chrome/116.0.0.0 Safari/537.36"
114.95.171.167 - - [18/Aug/2023:15:30:56 +0800] "GET /ajax.php?act=comps HTTP/1.1" 200 42587 "http://www.xeryx.top/index.php" "Mozilla/5.0 (Windows NT 10.0; Win64; x64) AppleWebKit/537.36 (KHTML, like Gecko) Chrome/116.0.0.0 Safari/537.36"
47.92.175.167 - - [18/Aug/2023:15:30:59 +0800] "POST /ajax.php?act=context HTTP/1.1" 200 59 "http://www.xeryx.top/index.php" "Mozilla/5.0 (Windows NT 10.0; WOW64) AppleWebKit/537.36 (KHTML, like Gecko) Chrome/86.0.4240.198 Safari/537.36"
47.92.175.167 - - [18/Aug/2023:15:30:59 +0800] "POST /ajax.php?act=context HTTP/1.1" 200 59 "http://www.xeryx.top/index.php" "Mozilla/5.0 (Windows NT 10.0; WOW64) AppleWebKit/537.36 (KHTML, like Gecko) Chrome/86.0.4240.198 Safari/537.36"
47.92.175.167 - - [18/Aug/2023:15:31:00 +0800] "GET /ajax.php?act=comps HTTP/1.1" 200 5 "http://www.xeryx.top/index.php" "Mozilla/5.0 (Windows NT 10.0; WOW64) AppleWebKit/537.36 (KHTML, like Gecko) Chrome/86.0.4240.198 Safari/537.36"
47.92.175.167 - - [18/Aug/2023:15:31:01 +0800] "GET /ajax.php?act=comps HTTP/1.1" 200 5 "http://www.xeryx.top/index.php" "Mozilla/5.0 (Windows NT 10.0; WOW64) AppleWebKit/537.36 (KHTML, like Gecko) Chrome/86.0.4240.198 Safari/537.36"
47.92.175.167 - - [18/Aug/2023:15:31:04 +0800] "POST /ajax.php?act=context HTTP/1.1" 200 59 "http://www.xeryx.top/index.php" "Mozilla/5.0 (Windows NT 10.0; WOW64) AppleWebKit/537.36 (KHTML, like Gecko) Chrome/86.0.4240.198 Safari/537.36"
47.92.175.167 - - [18/Aug/2023:15:31:05 +0800] "GET /ajax.php?act=comps HTTP/1.1" 200 5 "http://www.xeryx.top/index.php" "Mozilla/5.0 (Windows NT 10.0; WOW64) AppleWebKit/537.36 (KHTML, like Gecko) Chrome/86.0.4240.198 Safari/537.36"
52.167.144.16 - - [18/Aug/2023:15:31:08 +0800] "GET /user/login.php HTTP/1.1" 200 1718 "-" "Mozilla/5.0 AppleWebKit/537.36 (KHTML, like Gecko; compatible; bingbot/2.0; +http://www.bing.com/bingbot.htm) Chrome/103.0.5060.134 Safari/537.36"
159.226.43.10 - - [18/Aug/2023:15:31:10 +0800] "POST /ajax.php?act=context HTTP/1.1" 200 59 "http://www.xeryx.top/index.php" "Mozilla/5.0 (Windows NT 10.0; WOW64) AppleWebKit/537.36 (KHTML, like Gecko) Chrome/86.0.4240.198 Safari/537.36"
52.167.144.66 - - [18/Aug/2023:15:31:12 +0800] "GET /index.php HTTP/1.1" 200 4480 "-" "Mozilla/5.0 AppleWebKit/537.36 (KHTML, like Gecko; compatible; bingbot/2.0; +http://www.bing.com/bingbot.htm) Chrome/103.0.5060.134 Safari/537.36"
159.226.43.10 - - [18/Aug/2023:15:31:14 +0800] "GET /ajax.php?act=comps HTTP/1.1" 200 53376 "http://www.xeryx.top/index.php" "Mozilla/5.0 (Windows NT 10.0; WOW64) AppleWebKit/537.36 (KHTML, like Gecko) Chrome/86.0.4240.198 Safari/537.36"
117.136.120.230 - - [18/Aug/2023:15:32:11 +0800] "POST /ajax.php?act=context HTTP/1.1" 200 59 "http://www.xeryx.top/index.php" "Mozilla/5.0 (Windows NT 10.0; Win64; x64) AppleWebKit/537.36 (KHTML, like Gecko) Chrome/115.0.0.0 Safari/537.36"
117.136.120.230 - - [18/Aug/2023:15:32:19 +0800] "GET /ajax.php?act=comps HTTP/1.1" 200 104527 "http://www.xeryx.top/index.php" "Mozilla/5.0 (Windows NT 10.0; Win64; x64) AppleWebKit/537.36 (KHTML, like Gecko) Chrome/115.0.0.0 Safari/537.36"
222.70.4.31 - - [18/Aug/2023:15:32:25 +0800] "POST /ajax.php?act=context HTTP/1.1" 200 59 "http://www.xeryx.top/index.php" "Mozilla/5.0 (Windows NT 10.0; Win64; x64) AppleWebKit/537.36 (KHTML, like Gecko) Chrome/115.0.0.0 Safari/537.36"
222.70.4.31 - - [18/Aug/2023:15:32:35 +0800] "GET /ajax.php?act=comps HTTP/1.1" 200 140687 "http://www.xeryx.top/index.php" "Mozilla/5.0 (Windows NT 10.0; Win64; x64) AppleWebKit/537.36 (KHTML, like Gecko) Chrome/115.0.0.0 Safari/537.36"
47.92.175.167 - - [18/Aug/2023:15:33:49 +0800] "POST /ajax.php?act=context HTTP/1.1" 200 59 "http://www.xeryx.top/index.php" "Mozilla/5.0 (Windows NT 10.0; WOW64) AppleWebKit/537.36 (KHTML, like Gecko) Chrome/86.0.4240.198 Safari/537.36"
47.92.175.167 - - [18/Aug/2023:15:33:49 +0800] "POST /ajax.php?act=context HTTP/1.1" 200 59 "http://www.xeryx.top/index.php" "Mozilla/5.0 (Windows NT 10.0; WOW64) AppleWebKit/537.36 (KHTML, like Gecko) Chrome/86.0.4240.198 Safari/537.36"
47.92.175.167 - - [18/Aug/2023:15:33:57 +0800] "GET /ajax.php?act=comps HTTP/1.1" 200 99929 "http://www.xeryx.top/index.php" "Mozilla/5.0 (Windows NT 10.0; WOW64) AppleWebKit/537.36 (KHTML, like Gecko) Chrome/86.0.4240.198 Safari/537.36"
47.92.175.167 - - [18/Aug/2023:15:34:03 +0800] "GET /index.php HTTP/1.1" 200 4473 "http://www.xeryx.top/user/login.php" "Mozilla/5.0 (Windows NT 10.0; WOW64) AppleWebKit/537.36 (KHTML, like Gecko) Chrome/86.0.4240.198 Safari/537.36"
47.92.175.167 - - [18/Aug/2023:15:34:03 +0800] "GET /ajax.php?act=comps HTTP/1.1" 200 65094 "http://www.xeryx.top/index.php" "Mozilla/5.0 (Windows NT 10.0; WOW64) AppleWebKit/537.36 (KHTML, like Gecko) Chrome/86.0.4240.198 Safari/537.36"
47.92.175.167 - - [18/Aug/2023:15:34:07 +0800] "POST /ajax.php?act=context HTTP/1.1" 200 59 "http://www.xeryx.top/index.php" "Mozilla/5.0 (Windows NT 10.0; WOW64) AppleWebKit/537.36 (KHTML, like Gecko) Chrome/86.0.4240.198 Safari/537.36"
47.92.175.167 - - [18/Aug/2023:15:34:12 +0800] "GET /ajax.php?act=comps HTTP/1.1" 200 59032 "http://www.xeryx.top/index.php" "Mozilla/5.0 (Windows NT 10.0; WOW64) AppleWebKit/537.36 (KHTML, like Gecko) Chrome/86.0.4240.198 Safari/537.36"
54.249.72.10 - - [18/Aug/2023:15:34:49 +0800] "POST /ajax.php?act=context HTTP/1.1" 200 59 "http://www.xeryx.top/index.php" "Mozilla/5.0 (Windows NT 10.0; Win64; x64) AppleWebKit/537.36 (KHTML, like Gecko) Chrome/116.0.0.0 Safari/537.36"
54.249.72.10 - - [18/Aug/2023:15:34:54 +0800] "GET /ajax.php?act=comps HTTP/1.1" 200 47311 "http://www.xeryx.top/index.php" "Mozilla/5.0 (Windows NT 10.0; Win64; x64) AppleWebKit/537.36 (KHTML, like Gecko) Chrome/116.0.0.0 Safari/537.36"
180.163.29.219 - - [18/Aug/2023:15:35:53 +0800] "GET /index.php HTTP/1.1" 200 12865 "-" "Mozilla/5.0 (Windows NT 6.1; WOW64) AppleWebKit/537.36 (KHTML, like Gecko) Chrome/56.0.2924.87 Safari/537.36"
117.136.120.230 - - [18/Aug/2023:15:36:56 +0800] "POST /ajax.php?act=context HTTP/1.1" 200 59 "http://www.xeryx.top/index.php" "Mozilla/5.0 (Windows NT 10.0; Win64; x64) AppleWebKit/537.36 (KHTML, like Gecko) Chrome/115.0.0.0 Safari/537.36"
117.136.120.230 - - [18/Aug/2023:15:37:02 +0800] "GET /ajax.php?act=comps HTTP/1.1" 200 54877 "http://www.xeryx.top/index.php" "Mozilla/5.0 (Windows NT 10.0; Win64; x64) AppleWebKit/537.36 (KHTML, like Gecko) Chrome/115.0.0.0 Safari/537.36"
47.92.175.167 - - [18/Aug/2023:15:37:03 +0800] "POST /ajax.php?act=context HTTP/1.1" 200 59 "http://www.xeryx.top/index.php" "Mozilla/5.0 (Windows NT 10.0; Win64; x64) AppleWebKit/537.36 (KHTML, like Gecko) Chrome/92.0.4515.131 Safari/537.36 SLBrowser/8.0.1.4031 SLBChan/105"
47.92.175.167 - - [18/Aug/2023:15:37:07 +0800] "GET /ajax.php?act=comps HTTP/1.1" 200 45643 "http://www.xeryx.top/index.php" "Mozilla/5.0 (Windows NT 10.0; Win64; x64) AppleWebKit/537.36 (KHTML, like Gecko) Chrome/92.0.4515.131 Safari/537.36 SLBrowser/8.0.1.4031 SLBChan/105"
39.100.87.147 - - [18/Aug/2023:15:37:07 +0800] "POST /ajax.php?act=context HTTP/1.1" 200 59 "http://www.xeryx.top/index.php" "Mozilla/5.0 (Windows NT 10.0; Win64; x64) AppleWebKit/537.36 (KHTML, like Gecko) Chrome/115.0.0.0 Safari/537.36"
39.100.87.147 - - [18/Aug/2023:15:37:13 +0800] "GET /ajax.php?act=comps HTTP/1.1" 200 68437 "http://www.xeryx.top/index.php" "Mozilla/5.0 (Windows NT 10.0; Win64; x64) AppleWebKit/537.36 (KHTML, like Gecko) Chrome/115.0.0.0 Safari/537.36"
47.92.175.167 - - [18/Aug/2023:15:37:33 +0800] "POST /ajax.php?act=context HTTP/1.1" 200 59 "http://www.xeryx.top/index.php" "Mozilla/5.0 (Windows NT 10.0; Win64; x64) AppleWebKit/537.36 (KHTML, like Gecko) Chrome/92.0.4515.131 Safari/537.36 SLBrowser/8.0.1.4031 SLBChan/105"
47.92.175.167 - - [18/Aug/2023:15:37:37 +0800] "GET /ajax.php?act=comps HTTP/1.1" 200 51329 "http://www.xeryx.top/index.php" "Mozilla/5.0 (Windows NT 10.0; Win64; x64) AppleWebKit/537.36 (KHTML, like Gecko) Chrome/92.0.4515.131 Safari/537.36 SLBrowser/8.0.1.4031 SLBChan/105"
47.92.6.139 - - [18/Aug/2023:15:38:14 +0800] "POST /ajax.php?act=context HTTP/1.1" 200 59 "http://www.xeryx.top/index.php" "Mozilla/5.0 (Windows NT 10.0; Win64; x64) AppleWebKit/537.36 (KHTML, like Gecko) Chrome/116.0.0.0 Safari/537.36"
47.92.6.139 - - [18/Aug/2023:15:38:23 +0800] "GET /ajax.php?act=comps HTTP/1.1" 200 125757 "http://www.xeryx.top/index.php" "Mozilla/5.0 (Windows NT 10.0; Win64; x64) AppleWebKit/537.36 (KHTML, like Gecko) Chrome/116.0.0.0 Safari/537.36"
159.226.43.10 - - [18/Aug/2023:15:39:54 +0800] "POST /ajax.php?act=context HTTP/1.1" 200 59 "http://www.xeryx.top/index.php" "Mozilla/5.0 (Windows NT 10.0; WOW64) AppleWebKit/537.36 (KHTML, like Gecko) Chrome/86.0.4240.198 Safari/537.36"
159.226.43.10 - - [18/Aug/2023:15:39:56 +0800] "GET /ajax.php?act=comps HTTP/1.1" 200 25878 "http://www.xeryx.top/index.php" "Mozilla/5.0 (Windows NT 10.0; WOW64) AppleWebKit/537.36 (KHTML, like Gecko) Chrome/86.0.4240.198 Safari/537.36"
114.95.171.185 - - [18/Aug/2023:15:40:31 +0800] "GET /index.php HTTP/1.1" 200 4473 "-" "Mozilla/5.0 (Windows NT 10.0; Win64; x64) AppleWebKit/537.36 (KHTML, like Gecko) Chrome/115.0.0.0 Safari/537.36"
114.95.171.185 - - [18/Aug/2023:15:40:55 +0800] "POST /ajax.php?act=context HTTP/1.1" 200 59 "http://www.xeryx.top/index.php" "Mozilla/5.0 (Windows NT 10.0; Win64; x64) AppleWebKit/537.36 (KHTML, like Gecko) Chrome/115.0.0.0 Safari/537.36"
114.95.171.185 - - [18/Aug/2023:15:41:02 +0800] "GET /ajax.php?act=comps HTTP/1.1" 200 75634 "http://www.xeryx.top/index.php" "Mozilla/5.0 (Windows NT 10.0; Win64; x64) AppleWebKit/537.36 (KHTML, like Gecko) Chrome/115.0.0.0 Safari/537.36"
47.92.6.139 - - [18/Aug/2023:15:41:48 +0800] "POST /ajax.php?act=context HTTP/1.1" 200 59 "http://www.xeryx.top/index.php" "Mozilla/5.0 (Windows NT 10.0; Win64; x64) AppleWebKit/537.36 (KHTML, like Gecko) Chrome/116.0.0.0 Safari/537.36"
47.92.6.139 - - [18/Aug/2023:15:41:53 +0800] "GET /ajax.php?act=comps HTTP/1.1" 200 60707 "http://www.xeryx.top/index.php" "Mozilla/5.0 (Windows NT 10.0; Win64; x64) AppleWebKit/537.36 (KHTML, like Gecko) Chrome/116.0.0.0 Safari/537.36"
114.95.171.185 - - [18/Aug/2023:15:42:05 +0800] "POST /ajax.php?act=context HTTP/1.1" 200 59 "http://www.xeryx.top/index.php" "Mozilla/5.0 (Windows NT 10.0; Win64; x64) AppleWebKit/537.36 (KHTML, like Gecko) Chrome/115.0.0.0 Safari/537.36"
114.95.171.185 - - [18/Aug/2023:15:42:11 +0800] "GET /ajax.php?act=comps HTTP/1.1" 200 81394 "http://www.xeryx.top/index.php" "Mozilla/5.0 (Windows NT 10.0; Win64; x64) AppleWebKit/537.36 (KHTML, like Gecko) Chrome/115.0.0.0 Safari/537.36"
117.136.120.230 - - [18/Aug/2023:15:44:18 +0800] "POST /ajax.php?act=context HTTP/1.1" 200 59 "http://www.xeryx.top/index.php" "Mozilla/5.0 (Windows NT 10.0; Win64; x64) AppleWebKit/537.36 (KHTML, like Gecko) Chrome/115.0.0.0 Safari/537.36"
117.136.120.230 - - [18/Aug/2023:15:44:22 +0800] "GET /ajax.php?act=comps HTTP/1.1" 200 53143 "http://www.xeryx.top/index.php" "Mozilla/5.0 (Windows NT 10.0; Win64; x64) AppleWebKit/537.36 (KHTML, like Gecko) Chrome/115.0.0.0 Safari/537.36"
47.92.175.167 - - [18/Aug/2023:15:44:26 +0800] "POST /ajax.php?act=context HTTP/1.1" 200 59 "http://www.xeryx.top/index.php" "Mozilla/5.0 (Windows NT 10.0; Win64; x64) AppleWebKit/537.36 (KHTML, like Gecko) Chrome/92.0.4515.131 Safari/537.36 SLBrowser/8.0.1.4031 SLBChan/105"
47.92.175.167 - - [18/Aug/2023:15:44:31 +0800] "GET /ajax.php?act=comps HTTP/1.1" 200 61506 "http://www.xeryx.top/index.php" "Mozilla/5.0 (Windows NT 10.0; Win64; x64) AppleWebKit/537.36 (KHTML, like Gecko) Chrome/92.0.4515.131 Safari/537.36 SLBrowser/8.0.1.4031 SLBChan/105"
47.92.175.167 - - [18/Aug/2023:15:45:05 +0800] "POST /ajax.php?act=context HTTP/1.1" 200 59 "http://www.xeryx.top/index.php" "Mozilla/5.0 (Windows NT 10.0; Win64; x64) AppleWebKit/537.36 (KHTML, like Gecko) Chrome/92.0.4515.131 Safari/537.36 SLBrowser/8.0.1.4031 SLBChan/105"
47.92.175.167 - - [18/Aug/2023:15:45:08 +0800] "GET /ajax.php?act=comps HTTP/1.1" 200 39896 "http://www.xeryx.top/index.php" "Mozilla/5.0 (Windows NT 10.0; Win64; x64) AppleWebKit/537.36 (KHTML, like Gecko) Chrome/92.0.4515.131 Safari/537.36 SLBrowser/8.0.1.4031 SLBChan/105"
47.92.175.167 - - [18/Aug/2023:15:47:32 +0800] "POST /ajax.php?act=context HTTP/1.1" 200 59 "http://www.xeryx.top/index.php" "Mozilla/5.0 (Windows NT 10.0; Win64; x64) AppleWebKit/537.36 (KHTML, like Gecko) Chrome/92.0.4515.131 Safari/537.36 SLBrowser/8.0.1.4031 SLBChan/105"
47.92.175.167 - - [18/Aug/2023:15:47:36 +0800] "GET /ajax.php?act=comps HTTP/1.1" 200 55353 "http://www.xeryx.top/index.php" "Mozilla/5.0 (Windows NT 10.0; Win64; x64) AppleWebKit/537.36 (KHTML, like Gecko) Chrome/92.0.4515.131 Safari/537.36 SLBrowser/8.0.1.4031 SLBChan/105"
101.82.85.136 - - [18/Aug/2023:15:47:51 +0800] "POST /ajax.php?act=context HTTP/1.1" 200 59 "http://www.xeryx.top/index.php" "Mozilla/5.0 (Windows NT 10.0; Win64; x64) AppleWebKit/537.36 (KHTML, like Gecko) Chrome/115.0.0.0 Safari/537.36 Edg/115.0.1901.203"
101.82.85.136 - - [18/Aug/2023:15:47:56 +0800] "GET /ajax.php?act=comps HTTP/1.1" 200 73426 "http://www.xeryx.top/index.php" "Mozilla/5.0 (Windows NT 10.0; Win64; x64) AppleWebKit/537.36 (KHTML, like Gecko) Chrome/115.0.0.0 Safari/537.36 Edg/115.0.1901.203"
47.92.175.167 - - [18/Aug/2023:15:49:20 +0800] "POST /ajax.php?act=context HTTP/1.1" 200 59 "http://www.xeryx.top/index.php" "Mozilla/5.0 (Windows NT 10.0; Win64; x64) AppleWebKit/537.36 (KHTML, like Gecko) Chrome/92.0.4515.131 Safari/537.36 SLBrowser/8.0.1.4031 SLBChan/105"
47.92.175.167 - - [18/Aug/2023:15:49:24 +0800] "GET /ajax.php?act=comps HTTP/1.1" 200 67108 "http://www.xeryx.top/index.php" "Mozilla/5.0 (Windows NT 10.0; Win64; x64) AppleWebKit/537.36 (KHTML, like Gecko) Chrome/92.0.4515.131 Safari/537.36 SLBrowser/8.0.1.4031 SLBChan/105"
39.100.87.147 - - [18/Aug/2023:15:50:35 +0800] "POST /ajax.php?act=context HTTP/1.1" 200 59 "http://www.xeryx.top/index.php" "Mozilla/5.0 (Windows NT 10.0; Win64; x64) AppleWebKit/537.36 (KHTML, like Gecko) Chrome/92.0.4515.131 Safari/537.36 SLBrowser/8.0.1.4031 SLBChan/11"
