39.100.148.61 - - [18/Aug/2023:13:17:14 +0800] "GET /ajax.php?act=comps HTTP/1.1" 200 52027 "http://www.xeryx.top/index.php" "Mozilla/5.0 (Windows NT 10.0; Win64; x64) AppleWebKit/537.36 (KHTML, like Gecko) Chrome/115.0.0.0 Safari/537.36 Edg/115.0.1901.203"
39.100.148.61 - - [18/Aug/2023:13:17:31 +0800] "POST /ajax.php?act=context HTTP/1.1" 200 59 "http://www.xeryx.top/index.php" "Mozilla/5.0 (Windows NT 10.0; Win64; x64) AppleWebKit/537.36 (KHTML, like Gecko) Chrome/115.0.0.0 Safari/537.36 Edg/115.0.1901.203"
39.100.148.61 - - [18/Aug/2023:13:17:34 +0800] "GET /ajax.php?act=comps HTTP/1.1" 200 40915 "http://www.xeryx.top/index.php" "Mozilla/5.0 (Windows NT 10.0; Win64; x64) AppleWebKit/537.36 (KHTML, like Gecko) Chrome/115.0.0.0 Safari/537.36 Edg/115.0.1901.203"
39.100.148.61 - - [18/Aug/2023:13:17:54 +0800] "POST /ajax.php?act=context HTTP/1.1" 200 59 "http://www.xeryx.top/index.php" "Mozilla/5.0 (Windows NT 10.0; Win64; x64) AppleWebKit/537.36 (KHTML, like Gecko) Chrome/115.0.0.0 Safari/537.36 Edg/115.0.1901.203"
39.100.148.61 - - [18/Aug/2023:13:18:04 +0800] "GET /ajax.php?act=comps HTTP/1.1" 200 136141 "http://www.xeryx.top/index.php" "Mozilla/5.0 (Windows NT 10.0; Win64; x64) AppleWebKit/537.36 (KHTML, like Gecko) Chrome/115.0.0.0 Safari/537.36 Edg/115.0.1901.203"
222.70.4.31 - - [18/Aug/2023:13:19:20 +0800] "POST /ajax.php?act=context HTTP/1.1" 200 59 "http://www.xeryx.top/index.php" "Mozilla/5.0 (Windows NT 10.0; Win64; x64) AppleWebKit/537.36 (KHTML, like Gecko) Chrome/115.0.0.0 Safari/537.36"
222.70.4.31 - - [18/Aug/2023:13:19:26 +0800] "GET /ajax.php?act=comps HTTP/1.1" 200 58172 "http://www.xeryx.top/index.php" "Mozilla/5.0 (Windows NT 10.0; Win64; x64) AppleWebKit/537.36 (KHTML, like Gecko) Chrome/115.0.0.0 Safari/537.36"
39.100.148.61 - - [18/Aug/2023:13:19:56 +0800] "POST /ajax.php?act=context HTTP/1.1" 200 59 "http://www.xeryx.top/index.php" "Mozilla/5.0 (Windows NT 10.0; Win64; x64) AppleWebKit/537.36 (KHTML, like Gecko) Chrome/115.0.0.0 Safari/537.36 Edg/115.0.1901.203"
39.100.148.61 - - [18/Aug/2023:13:20:00 +0800] "GET /ajax.php?act=comps HTTP/1.1" 200 61048 "http://www.xeryx.top/index.php" "Mozilla/5.0 (Windows NT 10.0; Win64; x64) AppleWebKit/537.36 (KHTML, like Gecko) Chrome/115.0.0.0 Safari/537.36 Edg/115.0.1901.203"
39.100.148.61 - - [18/Aug/2023:13:21:17 +0800] "POST /ajax.php?act=context HTTP/1.1" 200 59 "http://www.xeryx.top/index.php" "Mozilla/5.0 (Windows NT 10.0; Win64; x64) AppleWebKit/537.36 (KHTML, like Gecko) Chrome/115.0.0.0 Safari/537.36 Edg/115.0.1901.203"
39.100.148.61 - - [18/Aug/2023:13:21:17 +0800] "POST /ajax.php?act=context HTTP/1.1" 200 59 "http://www.xeryx.top/index.php" "Mozilla/5.0 (Windows NT 10.0; Win64; x64) AppleWebKit/537.36 (KHTML, like Gecko) Chrome/115.0.0.0 Safari/537.36 Edg/115.0.1901.203"
39.100.148.61 - - [18/Aug/2023:13:21:25 +0800] "GET /ajax.php?act=comps HTTP/1.1" 200 115794 "http://www.xeryx.top/index.php" "Mozilla/5.0 (Windows NT 10.0; Win64; x64) AppleWebKit/537.36 (KHTML, like Gecko) Chrome/115.0.0.0 Safari/537.36 Edg/115.0.1901.203"
39.100.148.61 - - [18/Aug/2023:13:21:33 +0800] "GET /ajax.php?act=comps HTTP/1.1" 200 115794 "http://www.xeryx.top/index.php" "Mozilla/5.0 (Windows NT 10.0; Win64; x64) AppleWebKit/537.36 (KHTML, like Gecko) Chrome/115.0.0.0 Safari/537.36 Edg/115.0.1901.203"
222.70.4.31 - - [18/Aug/2023:13:22:43 +0800] "POST /ajax.php?act=context HTTP/1.1" 200 59 "http://www.xeryx.top/index.php" "Mozilla/5.0 (Windows NT 10.0; Win64; x64) AppleWebKit/537.36 (KHTML, like Gecko) Chrome/115.0.0.0 Safari/537.36"
222.70.4.31 - - [18/Aug/2023:13:22:48 +0800] "GET /ajax.php?act=comps HTTP/1.1" 200 62307 "http://www.xeryx.top/index.php" "Mozilla/5.0 (Windows NT 10.0; Win64; x64) AppleWebKit/537.36 (KHTML, like Gecko) Chrome/115.0.0.0 Safari/537.36"
39.100.148.61 - - [18/Aug/2023:13:22:56 +0800] "GET /index.php HTTP/1.1" 200 4473 "http://www.xeryx.top/user/login.php" "Mozilla/5.0 (Windows NT 10.0; Win64; x64) AppleWebKit/537.36 (KHTML, like Gecko) Chrome/115.0.0.0 Safari/537.36 Edg/115.0.1901.203"
39.100.148.61 - - [18/Aug/2023:13:23:41 +0800] "POST /ajax.php?act=context HTTP/1.1" 200 59 "http://www.xeryx.top/index.php" "Mozilla/5.0 (Windows NT 10.0; Win64; x64) AppleWebKit/537.36 (KHTML, like Gecko) Chrome/115.0.0.0 Safari/537.36 Edg/115.0.1901.203"
39.100.148.61 - - [18/Aug/2023:13:23:43 +0800] "GET /ajax.php?act=comps HTTP/1.1" 200 27163 "http://www.xeryx.top/index.php" "Mozilla/5.0 (Windows NT 10.0; Win64; x64) AppleWebKit/537.36 (KHTML, like Gecko) Chrome/115.0.0.0 Safari/537.36 Edg/115.0.1901.203"
39.100.148.61 - - [18/Aug/2023:13:23:49 +0800] "POST /ajax.php?act=context HTTP/1.1" 200 59 "http://www.xeryx.top/index.php" "Mozilla/5.0 (Windows NT 10.0; Win64; x64) AppleWebKit/537.36 (KHTML, like Gecko) Chrome/115.0.0.0 Safari/537.36 Edg/115.0.1901.203"
39.100.148.61 - - [18/Aug/2023:13:23:52 +0800] "GET /ajax.php?act=comps HTTP/1.1" 200 36528 "http://www.xeryx.top/index.php" "Mozilla/5.0 (Windows NT 10.0; Win64; x64) AppleWebKit/537.36 (KHTML, like Gecko) Chrome/115.0.0.0 Safari/537.36 Edg/115.0.1901.203"
39.100.148.61 - - [18/Aug/2023:13:24:14 +0800] "POST /ajax.php?act=context HTTP/1.1" 200 59 "http://www.xeryx.top/index.php" "Mozilla/5.0 (Windows NT 10.0; Win64; x64) AppleWebKit/537.36 (KHTML, like Gecko) Chrome/115.0.0.0 Safari/537.36 Edg/115.0.1901.203"
39.100.148.61 - - [18/Aug/2023:13:24:19 +0800] "GET /ajax.php?act=comps HTTP/1.1" 200 62171 "http://www.xeryx.top/index.php" "Mozilla/5.0 (Windows NT 10.0; Win64; x64) AppleWebKit/537.36 (KHTML, like Gecko) Chrome/115.0.0.0 Safari/537.36 Edg/115.0.1901.203"
39.100.148.61 - - [18/Aug/2023:13:24:59 +0800] "POST /ajax.php?act=context HTTP/1.1" 200 59 "http://www.xeryx.top/index.php" "Mozilla/5.0 (Windows NT 10.0; Win64; x64) AppleWebKit/537.36 (KHTML, like Gecko) Chrome/115.0.0.0 Safari/537.36 Edg/115.0.1901.203"
39.100.148.61 - - [18/Aug/2023:13:25:03 +0800] "GET /ajax.php?act=comps HTTP/1.1" 200 60908 "http://www.xeryx.top/index.php" "Mozilla/5.0 (Windows NT 10.0; Win64; x64) AppleWebKit/537.36 (KHTML, like Gecko) Chrome/115.0.0.0 Safari/537.36 Edg/115.0.1901.203"
39.100.148.61 - - [18/Aug/2023:13:25:45 +0800] "POST /ajax.php?act=context HTTP/1.1" 200 59 "http://www.xeryx.top/index.php" "Mozilla/5.0 (Windows NT 10.0; Win64; x64) AppleWebKit/537.36 (KHTML, like Gecko) Chrome/115.0.0.0 Safari/537.36 Edg/115.0.1901.203"
39.100.148.61 - - [18/Aug/2023:13:25:53 +0800] "GET /ajax.php?act=comps HTTP/1.1" 200 118799 "http://www.xeryx.top/index.php" "Mozilla/5.0 (Windows NT 10.0; Win64; x64) AppleWebKit/537.36 (KHTML, like Gecko) Chrome/115.0.0.0 Safari/537.36 Edg/115.0.1901.203"
39.100.148.61 - - [18/Aug/2023:13:27:34 +0800] "POST /ajax.php?act=context HTTP/1.1" 200 59 "http://www.xeryx.top/index.php" "Mozilla/5.0 (Windows NT 10.0; Win64; x64) AppleWebKit/537.36 (KHTML, like Gecko) Chrome/115.0.0.0 Safari/537.36 Edg/115.0.1901.203"
39.100.148.61 - - [18/Aug/2023:13:27:36 +0800] "GET /ajax.php?act=comps HTTP/1.1" 200 35292 "http://www.xeryx.top/index.php" "Mozilla/5.0 (Windows NT 10.0; Win64; x64) AppleWebKit/537.36 (KHTML, like Gecko) Chrome/115.0.0.0 Safari/537.36 Edg/115.0.1901.203"
114.95.169.40 - - [18/Aug/2023:13:33:05 +0800] "POST /ajax.php?act=context HTTP/1.1" 200 59 "http://www.xeryx.top/index.php" "Mozilla/5.0 (Windows NT 10.0; Win64; x64) AppleWebKit/537.36 (KHTML, like Gecko) Chrome/115.0.0.0 Safari/537.36 Edg/115.0.1901.203"
114.95.169.40 - - [18/Aug/2023:13:33:15 +0800] "GET /ajax.php?act=comps HTTP/1.1" 200 135492 "http://www.xeryx.top/index.php" "Mozilla/5.0 (Windows NT 10.0; Win64; x64) AppleWebKit/537.36 (KHTML, like Gecko) Chrome/115.0.0.0 Safari/537.36 Edg/115.0.1901.203"
223.166.248.119 - - [18/Aug/2023:13:35:29 +0800] "POST /ajax.php?act=context HTTP/1.1" 200 59 "http://www.xeryx.top/index.php" "Mozilla/5.0 (Windows NT 10.0; Win64; x64) AppleWebKit/537.36 (KHTML, like Gecko) Chrome/92.0.4515.131 Safari/537.36 SLBrowser/8.0.1.4031 SLBChan/105"
223.166.248.119 - - [18/Aug/2023:13:35:34 +0800] "GET /ajax.php?act=comps HTTP/1.1" 200 50933 "http://www.xeryx.top/index.php" "Mozilla/5.0 (Windows NT 10.0; Win64; x64) AppleWebKit/537.36 (KHTML, like Gecko) Chrome/92.0.4515.131 Safari/537.36 SLBrowser/8.0.1.4031 SLBChan/105"
114.85.34.250 - - [18/Aug/2023:13:35:48 +0800] "GET /index.php HTTP/1.1" 200 4473 "-" "Mozilla/5.0 (Windows NT 10.0; Win64; x64) AppleWebKit/537.36 (KHTML, like Gecko) Chrome/92.0.4515.131 Safari/537.36 SLBrowser/8.0.1.4031 SLBChan/105"
39.100.77.114 - - [18/Aug/2023:13:36:19 +0800] "GET /index.php HTTP/1.1" 200 4473 "-" "Mozilla/5.0 (Windows NT 10.0; Win64; x64) AppleWebKit/537.36 (KHTML, like Gecko) Chrome/116.0.0.0 Safari/537.36"
39.100.77.114 - - [18/Aug/2023:13:36:21 +0800] "GET /assets/fonts/inter/inter-v11-latin-600.woff2 HTTP/1.1" 200 17564 "http://www.xeryx.top/assets/css/oneui.min-5.6.css" "Mozilla/5.0 (Windows NT 10.0; Win64; x64) AppleWebKit/537.36 (KHTML, like Gecko) Chrome/116.0.0.0 Safari/537.36"
39.100.77.114 - - [18/Aug/2023:13:36:21 +0800] "GET /assets/fonts/fontawesome/fa-regular-400.woff2 HTTP/1.1" 200 25236 "http://www.xeryx.top/assets/css/oneui.min-5.6.css" "Mozilla/5.0 (Windows NT 10.0; Win64; x64) AppleWebKit/537.36 (KHTML, like Gecko) Chrome/116.0.0.0 Safari/537.36"
39.100.77.114 - - [18/Aug/2023:13:36:21 +0800] "GET /assets/fonts/simple-line-icons/Simple-Line-Icons.woff2?v=2.4.0 HTTP/1.1" 200 30064 "http://www.xeryx.top/assets/css/oneui.min-5.6.css" "Mozilla/5.0 (Windows NT 10.0; Win64; x64) AppleWebKit/537.36 (KHTML, like Gecko) Chrome/116.0.0.0 Safari/537.36"
39.100.77.114 - - [18/Aug/2023:13:36:21 +0800] "GET /assets/fonts/inter/inter-v11-latin-700.woff2 HTTP/1.1" 200 17592 "http://www.xeryx.top/assets/css/oneui.min-5.6.css" "Mozilla/5.0 (Windows NT 10.0; Win64; x64) AppleWebKit/537.36 (KHTML, like Gecko) Chrome/116.0.0.0 Safari/537.36"
39.100.77.114 - - [18/Aug/2023:13:36:22 +0800] "GET /assets/fonts/inter/inter-v11-latin-regular.woff2 HTTP/1.1" 200 16608 "http://www.xeryx.top/assets/css/oneui.min-5.6.css" "Mozilla/5.0 (Windows NT 10.0; Win64; x64) AppleWebKit/537.36 (KHTML, like Gecko) Chrome/116.0.0.0 Safari/537.36"
39.100.77.114 - - [18/Aug/2023:13:36:30 +0800] "GET /assets/fonts/fontawesome/fa-solid-900.woff2 HTTP/1.1" 200 150516 "http://www.xeryx.top/assets/css/oneui.min-5.6.css" "Mozilla/5.0 (Windows NT 10.0; Win64; x64) AppleWebKit/537.36 (KHTML, like Gecko) Chrome/116.0.0.0 Safari/537.36"
114.95.171.167 - - [18/Aug/2023:13:36:35 +0800] "POST /ajax.php?act=context HTTP/1.1" 200 59 "http://www.xeryx.top/index.php" "Mozilla/5.0 (Windows NT 10.0; Win64; x64) AppleWebKit/537.36 (KHTML, like Gecko) Chrome/92.0.4515.131 Safari/537.36 SLBrowser/8.0.1.4031 SLBChan/105"
114.95.171.167 - - [18/Aug/2023:13:36:35 +0800] "GET /ajax.php?act=comps HTTP/1.1" 200 5 "http://www.xeryx.top/index.php" "Mozilla/5.0 (Windows NT 10.0; Win64; x64) AppleWebKit/537.36 (KHTML, like Gecko) Chrome/92.0.4515.131 Safari/537.36 SLBrowser/8.0.1.4031 SLBChan/105"
47.92.175.167 - - [18/Aug/2023:13:36:56 +0800] "GET /index.php HTTP/1.1" 200 4480 "-" "Mozilla/5.0 (Windows NT 10.0; WOW64) AppleWebKit/537.36 (KHTML, like Gecko) Chrome/86.0.4240.198 Safari/537.36"
47.92.175.167 - - [18/Aug/2023:13:37:00 +0800] "GET /assets/fonts/fontawesome/fa-regular-400.woff2 HTTP/1.1" 200 25236 "http://www.xeryx.top/assets/css/oneui.min-5.6.css" "Mozilla/5.0 (Windows NT 10.0; WOW64) AppleWebKit/537.36 (KHTML, like Gecko) Chrome/86.0.4240.198 Safari/537.36"
47.92.175.167 - - [18/Aug/2023:13:37:00 +0800] "GET /assets/fonts/inter/inter-v11-latin-700.woff2 HTTP/1.1" 200 17592 "http://www.xeryx.top/assets/css/oneui.min-5.6.css" "Mozilla/5.0 (Windows NT 10.0; WOW64) AppleWebKit/537.36 (KHTML, like Gecko) Chrome/86.0.4240.198 Safari/537.36"
47.92.175.167 - - [18/Aug/2023:13:37:00 +0800] "GET /assets/fonts/simple-line-icons/Simple-Line-Icons.woff2?v=2.4.0 HTTP/1.1" 200 30064 "http://www.xeryx.top/assets/css/oneui.min-5.6.css" "Mozilla/5.0 (Windows NT 10.0; WOW64) AppleWebKit/537.36 (KHTML, like Gecko) Chrome/86.0.4240.198 Safari/537.36"
47.92.175.167 - - [18/Aug/2023:13:37:01 +0800] "GET /assets/fonts/inter/inter-v11-latin-600.woff2 HTTP/1.1" 200 17564 "http://www.xeryx.top/assets/css/oneui.min-5.6.css" "Mozilla/5.0 (Windows NT 10.0; WOW64) AppleWebKit/537.36 (KHTML, like Gecko) Chrome/86.0.4240.198 Safari/537.36"
47.92.175.167 - - [18/Aug/2023:13:37:01 +0800] "GET /assets/fonts/inter/inter-v11-latin-regular.woff2 HTTP/1.1" 200 16608 "http://www.xeryx.top/assets/css/oneui.min-5.6.css" "Mozilla/5.0 (Windows NT 10.0; WOW64) AppleWebKit/537.36 (KHTML, like Gecko) Chrome/86.0.4240.198 Safari/537.36"
47.92.175.167 - - [18/Aug/2023:13:37:02 +0800] "GET /assets/js//config/chat.json HTTP/1.1" 200 51501 "http://www.xeryx.top/index.php" "Mozilla/5.0 (Windows NT 10.0; WOW64) AppleWebKit/537.36 (KHTML, like Gecko) Chrome/86.0.4240.198 Safari/537.36"
47.92.175.167 - - [18/Aug/2023:13:37:03 +0800] "GET /assets/fonts/fontawesome/fa-solid-900.woff2 HTTP/1.1" 200 150516 "http://www.xeryx.top/assets/css/oneui.min-5.6.css" "Mozilla/5.0 (Windows NT 10.0; WOW64) AppleWebKit/537.36 (KHTML, like Gecko) Chrome/86.0.4240.198 Safari/537.36"
114.95.173.130 - - [18/Aug/2023:13:37:33 +0800] "POST /ajax.php?act=context HTTP/1.1" 200 59 "http://www.xeryx.top/index.php" "Mozilla/5.0 (Windows NT 10.0; Win64; x64) AppleWebKit/537.36 (KHTML, like Gecko) Chrome/92.0.4515.131 Safari/537.36 SLBrowser/8.0.1.4031 SLBChan/105"
114.95.173.130 - - [18/Aug/2023:13:37:37 +0800] "GET /ajax.php?act=comps HTTP/1.1" 200 50807 "http://www.xeryx.top/index.php" "Mozilla/5.0 (Windows NT 10.0; Win64; x64) AppleWebKit/537.36 (KHTML, like Gecko) Chrome/92.0.4515.131 Safari/537.36 SLBrowser/8.0.1.4031 SLBChan/105"
47.92.175.167 - - [18/Aug/2023:13:37:48 +0800] "GET /user/login.php HTTP/1.1" 200 1718 "http://www.xeryx.top/index.php" "Mozilla/5.0 (Windows NT 10.0; WOW64) AppleWebKit/537.36 (KHTML, like Gecko) Chrome/86.0.4240.198 Safari/537.36"
47.92.175.167 - - [18/Aug/2023:13:37:50 +0800] "GET /assets/fonts/inter/inter-v11-latin-500.woff2 HTTP/1.1" 200 17448 "http://www.xeryx.top/assets/css/oneui.min-5.6.css" "Mozilla/5.0 (Windows NT 10.0; WOW64) AppleWebKit/537.36 (KHTML, like Gecko) Chrome/86.0.4240.198 Safari/537.36"
114.95.173.130 - - [18/Aug/2023:13:38:04 +0800] "POST /ajax.php?act=context HTTP/1.1" 200 59 "http://www.xeryx.top/index.php" "Mozilla/5.0 (Windows NT 10.0; Win64; x64) AppleWebKit/537.36 (KHTML, like Gecko) Chrome/92.0.4515.131 Safari/537.36 SLBrowser/8.0.1.4031 SLBChan/105"
114.95.173.130 - - [18/Aug/2023:13:38:07 +0800] "GET /ajax.php?act=comps HTTP/1.1" 200 31574 "http://www.xeryx.top/index.php" "Mozilla/5.0 (Windows NT 10.0; Win64; x64) AppleWebKit/537.36 (KHTML, like Gecko) Chrome/92.0.4515.131 Safari/537.36 SLBrowser/8.0.1.4031 SLBChan/105"
223.166.248.119 - - [18/Aug/2023:13:38:18 +0800] "POST /ajax.php?act=context HTTP/1.1" 200 134 "http://www.xeryx.top/index.php" "Mozilla/5.0 (Windows NT 10.0; Win64; x64) AppleWebKit/537.36 (KHTML, like Gecko) Chrome/115.0.0.0 Safari/537.36"
223.166.248.119 - - [18/Aug/2023:13:38:21 +0800] "GET /user/login.php HTTP/1.1" 200 1718 "http://www.xeryx.top/index.php" "Mozilla/5.0 (Windows NT 10.0; Win64; x64) AppleWebKit/537.36 (KHTML, like Gecko) Chrome/115.0.0.0 Safari/537.36"
223.166.248.119 - - [18/Aug/2023:13:38:22 +0800] "GET /assets/fonts/inter/inter-v11-latin-500.woff2 HTTP/1.1" 200 17448 "http://www.xeryx.top/assets/css/oneui.min-5.6.css" "Mozilla/5.0 (Windows NT 10.0; Win64; x64) AppleWebKit/537.36 (KHTML, like Gecko) Chrome/115.0.0.0 Safari/537.36"
223.166.248.119 - - [18/Aug/2023:13:38:42 +0800] "POST /user/common.php?action=login HTTP/1.1" 200 104 "http://www.xeryx.top/user/login.php" "Mozilla/5.0 (Windows NT 10.0; Win64; x64) AppleWebKit/537.36 (KHTML, like Gecko) Chrome/115.0.0.0 Safari/537.36"
223.166.248.119 - - [18/Aug/2023:13:38:43 +0800] "GET /index.php HTTP/1.1" 200 4473 "http://www.xeryx.top/user/login.php" "Mozilla/5.0 (Windows NT 10.0; Win64; x64) AppleWebKit/537.36 (KHTML, like Gecko) Chrome/115.0.0.0 Safari/537.36"
114.85.34.250 - - [18/Aug/2023:13:38:56 +0800] "POST /ajax.php?act=context HTTP/1.1" 200 59 "http://www.xeryx.top/index.php" "Mozilla/5.0 (Windows NT 10.0; Win64; x64) AppleWebKit/537.36 (KHTML, like Gecko) Chrome/92.0.4515.131 Safari/537.36 SLBrowser/8.0.1.4031 SLBChan/105"
114.85.34.250 - - [18/Aug/2023:13:39:00 +0800] "GET /ajax.php?act=comps HTTP/1.1" 200 52850 "http://www.xeryx.top/index.php" "Mozilla/5.0 (Windows NT 10.0; Win64; x64) AppleWebKit/537.36 (KHTML, like Gecko) Chrome/92.0.4515.131 Safari/537.36 SLBrowser/8.0.1.4031 SLBChan/105"
114.95.173.130 - - [18/Aug/2023:13:39:04 +0800] "POST /ajax.php?act=context HTTP/1.1" 200 59 "http://www.xeryx.top/index.php" "Mozilla/5.0 (Windows NT 10.0; Win64; x64) AppleWebKit/537.36 (KHTML, like Gecko) Chrome/92.0.4515.131 Safari/537.36 SLBrowser/8.0.1.4031 SLBChan/105"
114.95.173.130 - - [18/Aug/2023:13:39:07 +0800] "GET /ajax.php?act=comps HTTP/1.1" 200 53557 "http://www.xeryx.top/index.php" "Mozilla/5.0 (Windows NT 10.0; Win64; x64) AppleWebKit/537.36 (KHTML, like Gecko) Chrome/92.0.4515.131 Safari/537.36 SLBrowser/8.0.1.4031 SLBChan/105"
223.166.248.119 - - [18/Aug/2023:13:39:18 +0800] "POST /ajax.php?act=context HTTP/1.1" 200 59 "http://www.xeryx.top/index.php" "Mozilla/5.0 (Windows NT 10.0; Win64; x64) AppleWebKit/537.36 (KHTML, like Gecko) Chrome/115.0.0.0 Safari/537.36"
223.166.248.119 - - [18/Aug/2023:13:39:20 +0800] "GET /ajax.php?act=comps HTTP/1.1" 200 20398 "http://www.xeryx.top/index.php" "Mozilla/5.0 (Windows NT 10.0; Win64; x64) AppleWebKit/537.36 (KHTML, like Gecko) Chrome/115.0.0.0 Safari/537.36"
114.95.173.130 - - [18/Aug/2023:13:39:44 +0800] "POST /ajax.php?act=context HTTP/1.1" 200 59 "http://www.xeryx.top/index.php" "Mozilla/5.0 (Windows NT 10.0; Win64; x64) AppleWebKit/537.36 (KHTML, like Gecko) Chrome/92.0.4515.131 Safari/537.36 SLBrowser/8.0.1.4031 SLBChan/105"
114.95.173.130 - - [18/Aug/2023:13:39:49 +0800] "GET /ajax.php?act=comps HTTP/1.1" 200 82883 "http://www.xeryx.top/index.php" "Mozilla/5.0 (Windows NT 10.0; Win64; x64) AppleWebKit/537.36 (KHTML, like Gecko) Chrome/92.0.4515.131 Safari/537.36 SLBrowser/8.0.1.4031 SLBChan/105"
114.85.34.250 - - [18/Aug/2023:13:40:00 +0800] "GET /index.php HTTP/1.1" 200 4473 "-" "Mozilla/5.0 (Windows NT 10.0; Win64; x64) AppleWebKit/537.36 (KHTML, like Gecko) Chrome/116.0.0.0 Safari/537.36"
114.95.171.167 - - [18/Aug/2023:13:40:07 +0800] "POST /ajax.php?act=context HTTP/1.1" 200 59 "http://www.xeryx.top/index.php" "Mozilla/5.0 (Windows NT 10.0; Win64; x64) AppleWebKit/537.36 (KHTML, like Gecko) Chrome/116.0.0.0 Safari/537.36"
114.95.171.167 - - [18/Aug/2023:13:40:08 +0800] "GET /ajax.php?act=comps HTTP/1.1" 200 10284 "http://www.xeryx.top/index.php" "Mozilla/5.0 (Windows NT 10.0; Win64; x64) AppleWebKit/537.36 (KHTML, like Gecko) Chrome/116.0.0.0 Safari/537.36"
202.186.119.15 - - [18/Aug/2023:13:40:24 +0800] "GET / HTTP/1.1" 200 4480 "https://fofa.info/" "Mozilla/5.0 (Windows NT 10.0; Win64; x64) AppleWebKit/537.36 (KHTML, like Gecko) Chrome/115.0.0.0 Safari/537.36"
202.186.119.15 - - [18/Aug/2023:13:40:26 +0800] "GET /assets/fonts/simple-line-icons/Simple-Line-Icons.woff2?v=2.4.0 HTTP/1.1" 200 30064 "http://www.xeryx.top/assets/css/oneui.min-5.6.css" "Mozilla/5.0 (Windows NT 10.0; Win64; x64) AppleWebKit/537.36 (KHTML, like Gecko) Chrome/115.0.0.0 Safari/537.36"
202.186.119.15 - - [18/Aug/2023:13:40:26 +0800] "GET /assets/fonts/inter/inter-v11-latin-700.woff2 HTTP/1.1" 200 17592 "http://www.xeryx.top/assets/css/oneui.min-5.6.css" "Mozilla/5.0 (Windows NT 10.0; Win64; x64) AppleWebKit/537.36 (KHTML, like Gecko) Chrome/115.0.0.0 Safari/537.36"
202.186.119.15 - - [18/Aug/2023:13:40:26 +0800] "GET /assets/fonts/fontawesome/fa-regular-400.woff2 HTTP/1.1" 200 25236 "http://www.xeryx.top/assets/css/oneui.min-5.6.css" "Mozilla/5.0 (Windows NT 10.0; Win64; x64) AppleWebKit/537.36 (KHTML, like Gecko) Chrome/115.0.0.0 Safari/537.36"
202.186.119.15 - - [18/Aug/2023:13:40:26 +0800] "GET /assets/fonts/inter/inter-v11-latin-600.woff2 HTTP/1.1" 200 17564 "http://www.xeryx.top/assets/css/oneui.min-5.6.css" "Mozilla/5.0 (Windows NT 10.0; Win64; x64) AppleWebKit/537.36 (KHTML, like Gecko) Chrome/115.0.0.0 Safari/537.36"
202.186.119.15 - - [18/Aug/2023:13:40:26 +0800] "GET /assets/fonts/inter/inter-v11-latin-regular.woff2 HTTP/1.1" 200 16608 "http://www.xeryx.top/assets/css/oneui.min-5.6.css" "Mozilla/5.0 (Windows NT 10.0; Win64; x64) AppleWebKit/537.36 (KHTML, like Gecko) Chrome/115.0.0.0 Safari/537.36"
202.186.119.15 - - [18/Aug/2023:13:40:26 +0800] "GET /assets/js//config/chat.json HTTP/1.1" 200 51501 "http://www.xeryx.top/" "Mozilla/5.0 (Windows NT 10.0; Win64; x64) AppleWebKit/537.36 (KHTML, like Gecko) Chrome/115.0.0.0 Safari/537.36"
202.186.119.15 - - [18/Aug/2023:13:40:27 +0800] "GET /assets/fonts/fontawesome/fa-solid-900.woff2 HTTP/1.1" 200 150516 "http://www.xeryx.top/assets/css/oneui.min-5.6.css" "Mozilla/5.0 (Windows NT 10.0; Win64; x64) AppleWebKit/537.36 (KHTML, like Gecko) Chrome/115.0.0.0 Safari/537.36"
223.166.248.119 - - [18/Aug/2023:13:40:28 +0800] "POST /ajax.php?act=context HTTP/1.1" 200 59 "http://www.xeryx.top/index.php" "Mozilla/5.0 (Windows NT 10.0; Win64; x64) AppleWebKit/537.36 (KHTML, like Gecko) Chrome/115.0.0.0 Safari/537.36"
114.95.171.167 - - [18/Aug/2023:13:40:31 +0800] "POST /ajax.php?act=context HTTP/1.1" 200 59 "http://www.xeryx.top/index.php" "Mozilla/5.0 (Windows NT 10.0; Win64; x64) AppleWebKit/537.36 (KHTML, like Gecko) Chrome/116.0.0.0 Safari/537.36"
223.166.248.119 - - [18/Aug/2023:13:40:32 +0800] "GET /ajax.php?act=comps HTTP/1.1" 200 59415 "http://www.xeryx.top/index.php" "Mozilla/5.0 (Windows NT 10.0; Win64; x64) AppleWebKit/537.36 (KHTML, like Gecko) Chrome/115.0.0.0 Safari/537.36"
114.95.171.167 - - [18/Aug/2023:13:40:34 +0800] "GET /ajax.php?act=comps HTTP/1.1" 200 30565 "http://www.xeryx.top/index.php" "Mozilla/5.0 (Windows NT 10.0; Win64; x64) AppleWebKit/537.36 (KHTML, like Gecko) Chrome/116.0.0.0 Safari/537.36"
223.166.248.119 - - [18/Aug/2023:13:41:02 +0800] "POST /ajax.php?act=context HTTP/1.1" 200 59 "http://www.xeryx.top/index.php" "Mozilla/5.0 (Windows NT 10.0; Win64; x64) AppleWebKit/537.36 (KHTML, like Gecko) Chrome/115.0.0.0 Safari/537.36"
114.95.173.130 - - [18/Aug/2023:13:41:04 +0800] "POST /ajax.php?act=context HTTP/1.1" 200 59 "http://www.xeryx.top/index.php" "Mozilla/5.0 (Windows NT 10.0; Win64; x64) AppleWebKit/537.36 (KHTML, like Gecko) Chrome/92.0.4515.131 Safari/537.36 SLBrowser/8.0.1.4031 SLBChan/105"
114.95.173.130 - - [18/Aug/2023:13:41:04 +0800] "GET /ajax.php?act=comps HTTP/1.1" 200 5 "http://www.xeryx.top/index.php" "Mozilla/5.0 (Windows NT 10.0; Win64; x64) AppleWebKit/537.36 (KHTML, like Gecko) Chrome/92.0.4515.131 Safari/537.36 SLBrowser/8.0.1.4031 SLBChan/105"
223.166.248.119 - - [18/Aug/2023:13:41:10 +0800] "GET /ajax.php?act=comps HTTP/1.1" 200 68219 "http://www.xeryx.top/index.php" "Mozilla/5.0 (Windows NT 10.0; Win64; x64) AppleWebKit/537.36 (KHTML, like Gecko) Chrome/115.0.0.0 Safari/537.36"
39.100.148.61 - - [18/Aug/2023:13:41:14 +0800] "GET /index.php HTTP/1.1" 200 4480 "-" "Mozilla/5.0 (Windows NT 10.0; Win64; x64) AppleWebKit/537.36 (KHTML, like Gecko) Chrome/115.0.0.0 Safari/537.36"
39.100.148.61 - - [18/Aug/2023:13:41:17 +0800] "GET /assets/fonts/inter/inter-v11-latin-700.woff2 HTTP/1.1" 200 17592 "http://www.xeryx.top/assets/css/oneui.min-5.6.css" "Mozilla/5.0 (Windows NT 10.0; Win64; x64) AppleWebKit/537.36 (KHTML, like Gecko) Chrome/115.0.0.0 Safari/537.36"
39.100.148.61 - - [18/Aug/2023:13:41:17 +0800] "GET /assets/fonts/simple-line-icons/Simple-Line-Icons.woff2?v=2.4.0 HTTP/1.1" 200 30064 "http://www.xeryx.top/assets/css/oneui.min-5.6.css" "Mozilla/5.0 (Windows NT 10.0; Win64; x64) AppleWebKit/537.36 (KHTML, like Gecko) Chrome/115.0.0.0 Safari/537.36"
39.100.148.61 - - [18/Aug/2023:13:41:17 +0800] "GET /assets/fonts/fontawesome/fa-regular-400.woff2 HTTP/1.1" 200 25236 "http://www.xeryx.top/assets/css/oneui.min-5.6.css" "Mozilla/5.0 (Windows NT 10.0; Win64; x64) AppleWebKit/537.36 (KHTML, like Gecko) Chrome/115.0.0.0 Safari/537.36"
39.100.148.61 - - [18/Aug/2023:13:41:17 +0800] "GET /assets/fonts/inter/inter-v11-latin-600.woff2 HTTP/1.1" 200 17564 "http://www.xeryx.top/assets/css/oneui.min-5.6.css" "Mozilla/5.0 (Windows NT 10.0; Win64; x64) AppleWebKit/537.36 (KHTML, like Gecko) Chrome/115.0.0.0 Safari/537.36"
39.100.148.61 - - [18/Aug/2023:13:41:18 +0800] "GET /assets/fonts/inter/inter-v11-latin-regular.woff2 HTTP/1.1" 200 16608 "http://www.xeryx.top/assets/css/oneui.min-5.6.css" "Mozilla/5.0 (Windows NT 10.0; Win64; x64) AppleWebKit/537.36 (KHTML, like Gecko) Chrome/115.0.0.0 Safari/537.36"
39.100.148.61 - - [18/Aug/2023:13:41:18 +0800] "GET /assets/js//config/chat.json HTTP/1.1" 200 51501 "http://www.xeryx.top/index.php" "Mozilla/5.0 (Windows NT 10.0; Win64; x64) AppleWebKit/537.36 (KHTML, like Gecko) Chrome/115.0.0.0 Safari/537.36"
39.100.148.61 - - [18/Aug/2023:13:41:25 +0800] "GET /assets/fonts/fontawesome/fa-solid-900.woff2 HTTP/1.1" 200 150516 "http://www.xeryx.top/assets/css/oneui.min-5.6.css" "Mozilla/5.0 (Windows NT 10.0; Win64; x64) AppleWebKit/537.36 (KHTML, like Gecko) Chrome/115.0.0.0 Safari/537.36"
114.95.173.130 - - [18/Aug/2023:13:41:46 +0800] "POST /ajax.php?act=context HTTP/1.1" 200 59 "http://www.xeryx.top/index.php" "Mozilla/5.0 (Windows NT 10.0; Win64; x64) AppleWebKit/537.36 (KHTML, like Gecko) Chrome/92.0.4515.131 Safari/537.36 SLBrowser/8.0.1.4031 SLBChan/105"
114.95.173.130 - - [18/Aug/2023:13:41:46 +0800] "GET /ajax.php?act=comps HTTP/1.1" 200 5 "http://www.xeryx.top/index.php" "Mozilla/5.0 (Windows NT 10.0; Win64; x64) AppleWebKit/537.36 (KHTML, like Gecko) Chrome/92.0.4515.131 Safari/537.36 SLBrowser/8.0.1.4031 SLBChan/105"
114.95.171.167 - - [18/Aug/2023:13:41:50 +0800] "GET /index.php HTTP/1.1" 200 4473 "-" "Mozilla/5.0 (Windows NT 10.0; Win64; x64) AppleWebKit/537.36 (KHTML, like Gecko) Chrome/115.0.0.0 Safari/537.36 Edg/115.0.1901.203"
223.166.248.119 - - [18/Aug/2023:13:42:09 +0800] "POST /ajax.php?act=context HTTP/1.1" 200 59 "http://www.xeryx.top/index.php" "Mozilla/5.0 (Windows NT 10.0; Win64; x64) AppleWebKit/537.36 (KHTML, like Gecko) Chrome/115.0.0.0 Safari/537.36"
223.166.248.119 - - [18/Aug/2023:13:42:17 +0800] "GET /ajax.php?act=comps HTTP/1.1" 200 81376 "http://www.xeryx.top/index.php" "Mozilla/5.0 (Windows NT 10.0; Win64; x64) AppleWebKit/537.36 (KHTML, like Gecko) Chrome/115.0.0.0 Safari/537.36"
114.95.173.130 - - [18/Aug/2023:13:42:41 +0800] "POST /ajax.php?act=context HTTP/1.1" 200 59 "http://www.xeryx.top/index.php" "Mozilla/5.0 (Windows NT 10.0; Win64; x64) AppleWebKit/537.36 (KHTML, like Gecko) Chrome/92.0.4515.131 Safari/537.36 SLBrowser/8.0.1.4031 SLBChan/105"
114.95.173.130 - - [18/Aug/2023:13:42:41 +0800] "GET /ajax.php?act=comps HTTP/1.1" 200 5 "http://www.xeryx.top/index.php" "Mozilla/5.0 (Windows NT 10.0; Win64; x64) AppleWebKit/537.36 (KHTML, like Gecko) Chrome/92.0.4515.131 Safari/537.36 SLBrowser/8.0.1.4031 SLBChan/105"
114.95.171.167 - - [18/Aug/2023:13:42:48 +0800] "POST /ajax.php?act=context HTTP/1.1" 200 59 "http://www.xeryx.top/index.php" "Mozilla/5.0 (Windows NT 10.0; Win64; x64) AppleWebKit/537.36 (KHTML, like Gecko) Chrome/115.0.0.0 Safari/537.36 Edg/115.0.1901.203"
114.95.173.130 - - [18/Aug/2023:13:42:49 +0800] "POST /ajax.php?act=context HTTP/1.1" 200 59 "http://www.xeryx.top/index.php" "Mozilla/5.0 (Windows NT 10.0; Win64; x64) AppleWebKit/537.36 (KHTML, like Gecko) Chrome/92.0.4515.131 Safari/537.36 SLBrowser/8.0.1.4031 SLBChan/105"
114.95.171.167 - - [18/Aug/2023:13:42:50 +0800] "GET /ajax.php?act=comps HTTP/1.1" 200 9872 "http://www.xeryx.top/index.php" "Mozilla/5.0 (Windows NT 10.0; Win64; x64) AppleWebKit/537.36 (KHTML, like Gecko) Chrome/115.0.0.0 Safari/537.36 Edg/115.0.1901.203"
114.95.173.130 - - [18/Aug/2023:13:42:50 +0800] "GET /ajax.php?act=comps HTTP/1.1" 200 5 "http://www.xeryx.top/index.php" "Mozilla/5.0 (Windows NT 10.0; Win64; x64) AppleWebKit/537.36 (KHTML, like Gecko) Chrome/92.0.4515.131 Safari/537.36 SLBrowser/8.0.1.4031 SLBChan/105"
114.95.171.167 - - [18/Aug/2023:13:42:59 +0800] "POST /ajax.php?act=context HTTP/1.1" 200 59 "http://www.xeryx.top/index.php" "Mozilla/5.0 (Windows NT 10.0; Win64; x64) AppleWebKit/537.36 (KHTML, like Gecko) Chrome/115.0.0.0 Safari/537.36 Edg/115.0.1901.203"
114.95.171.167 - - [18/Aug/2023:13:43:00 +0800] "GET /ajax.php?act=comps HTTP/1.1" 200 13430 "http://www.xeryx.top/index.php" "Mozilla/5.0 (Windows NT 10.0; Win64; x64) AppleWebKit/537.36 (KHTML, like Gecko) Chrome/115.0.0.0 Safari/537.36 Edg/115.0.1901.203"
47.92.6.139 - - [18/Aug/2023:13:43:16 +0800] "POST /ajax.php?act=context HTTP/1.1" 200 134 "http://www.xeryx.top/index.php" "Mozilla/5.0 (Windows NT 10.0; Win64; x64) AppleWebKit/537.36 (KHTML, like Gecko) Chrome/116.0.0.0 Safari/537.36"
47.92.6.139 - - [18/Aug/2023:13:43:19 +0800] "GET /user/login.php HTTP/1.1" 200 1718 "http://www.xeryx.top/index.php" "Mozilla/5.0 (Windows NT 10.0; Win64; x64) AppleWebKit/537.36 (KHTML, like Gecko) Chrome/116.0.0.0 Safari/537.36"
47.92.6.139 - - [18/Aug/2023:13:43:29 +0800] "GET /user/login.php HTTP/1.1" 200 1718 "http://www.xeryx.top/index.php" "Mozilla/5.0 (Windows NT 10.0; Win64; x64) AppleWebKit/537.36 (KHTML, like Gecko) Chrome/116.0.0.0 Safari/537.36"
47.92.6.139 - - [18/Aug/2023:13:43:32 +0800] "POST /user/common.php?action=login HTTP/1.1" 200 104 "http://www.xeryx.top/user/login.php" "Mozilla/5.0 (Windows NT 10.0; Win64; x64) AppleWebKit/537.36 (KHTML, like Gecko) Chrome/116.0.0.0 Safari/537.36"
47.92.6.139 - - [18/Aug/2023:13:43:33 +0800] "GET /index.php HTTP/1.1" 200 4473 "http://www.xeryx.top/user/login.php" "Mozilla/5.0 (Windows NT 10.0; Win64; x64) AppleWebKit/537.36 (KHTML, like Gecko) Chrome/116.0.0.0 Safari/537.36"
47.92.6.139 - - [18/Aug/2023:13:43:40 +0800] "POST /ajax.php?act=context HTTP/1.1" 200 59 "http://www.xeryx.top/index.php" "Mozilla/5.0 (Windows NT 10.0; Win64; x64) AppleWebKit/537.36 (KHTML, like Gecko) Chrome/116.0.0.0 Safari/537.36"
47.92.6.139 - - [18/Aug/2023:13:43:44 +0800] "GET /ajax.php?act=comps HTTP/1.1" 200 60017 "http://www.xeryx.top/index.php" "Mozilla/5.0 (Windows NT 10.0; Win64; x64) AppleWebKit/537.36 (KHTML, like Gecko) Chrome/116.0.0.0 Safari/537.36"
47.92.6.139 - - [18/Aug/2023:13:43:48 +0800] "POST /ajax.php?act=context HTTP/1.1" 200 59 "http://www.xeryx.top/index.php" "Mozilla/5.0 (Windows NT 10.0; Win64; x64) AppleWebKit/537.36 (KHTML, like Gecko) Chrome/116.0.0.0 Safari/537.36"
47.92.6.139 - - [18/Aug/2023:13:43:53 +0800] "GET /ajax.php?act=comps HTTP/1.1" 200 69907 "http://www.xeryx.top/index.php" "Mozilla/5.0 (Windows NT 10.0; Win64; x64) AppleWebKit/537.36 (KHTML, like Gecko) Chrome/116.0.0.0 Safari/537.36"
114.95.171.167 - - [18/Aug/2023:13:43:58 +0800] "POST /ajax.php?act=context HTTP/1.1" 200 59 "http://www.xeryx.top/index.php" "Mozilla/5.0 (Windows NT 10.0; Win64; x64) AppleWebKit/537.36 (KHTML, like Gecko) Chrome/115.0.0.0 Safari/537.36 Edg/115.0.1901.203"
114.95.171.167 - - [18/Aug/2023:13:43:58 +0800] "GET /ajax.php?act=comps HTTP/1.1" 200 7343 "http://www.xeryx.top/index.php" "Mozilla/5.0 (Windows NT 10.0; Win64; x64) AppleWebKit/537.36 (KHTML, like Gecko) Chrome/115.0.0.0 Safari/537.36 Edg/115.0.1901.203"
114.95.171.167 - - [18/Aug/2023:13:44:18 +0800] "POST /ajax.php?act=context HTTP/1.1" 200 59 "http://www.xeryx.top/index.php" "Mozilla/5.0 (Windows NT 10.0; Win64; x64) AppleWebKit/537.36 (KHTML, like Gecko) Chrome/115.0.0.0 Safari/537.36 Edg/115.0.1901.203"
114.95.171.167 - - [18/Aug/2023:13:44:18 +0800] "GET /ajax.php?act=comps HTTP/1.1" 200 3796 "http://www.xeryx.top/index.php" "Mozilla/5.0 (Windows NT 10.0; Win64; x64) AppleWebKit/537.36 (KHTML, like Gecko) Chrome/115.0.0.0 Safari/537.36 Edg/115.0.1901.203"
39.100.87.147 - - [18/Aug/2023:13:44:27 +0800] "POST /ajax.php?act=context HTTP/1.1" 200 59 "http://www.xeryx.top/index.php" "Mozilla/5.0 (Windows NT 10.0; Win64; x64) AppleWebKit/537.36 (KHTML, like Gecko) Chrome/92.0.4515.131 Safari/537.36 SLBrowser/8.0.1.4031 SLBChan/11"
47.92.6.139 - - [18/Aug/2023:13:44:27 +0800] "POST /ajax.php?act=context HTTP/1.1" 200 59 "http://www.xeryx.top/index.php" "Mozilla/5.0 (Windows NT 10.0; Win64; x64) AppleWebKit/537.36 (KHTML, like Gecko) Chrome/116.0.0.0 Safari/537.36"
47.92.6.139 - - [18/Aug/2023:13:44:31 +0800] "GET /ajax.php?act=comps HTTP/1.1" 200 58784 "http://www.xeryx.top/index.php" "Mozilla/5.0 (Windows NT 10.0; Win64; x64) AppleWebKit/537.36 (KHTML, like Gecko) Chrome/116.0.0.0 Safari/537.36"
39.100.87.147 - - [18/Aug/2023:13:44:35 +0800] "GET /ajax.php?act=comps HTTP/1.1" 200 115162 "http://www.xeryx.top/index.php" "Mozilla/5.0 (Windows NT 10.0; Win64; x64) AppleWebKit/537.36 (KHTML, like Gecko) Chrome/92.0.4515.131 Safari/537.36 SLBrowser/8.0.1.4031 SLBChan/11"
114.95.171.167 - - [18/Aug/2023:13:44:48 +0800] "POST /ajax.php?act=context HTTP/1.1" 200 59 "http://www.xeryx.top/index.php" "Mozilla/5.0 (Windows NT 10.0; Win64; x64) AppleWebKit/537.36 (KHTML, like Gecko) Chrome/115.0.0.0 Safari/537.36 Edg/115.0.1901.203"
114.95.171.167 - - [18/Aug/2023:13:44:49 +0800] "GET /ajax.php?act=comps HTTP/1.1" 200 3154 "http://www.xeryx.top/index.php" "Mozilla/5.0 (Windows NT 10.0; Win64; x64) AppleWebKit/537.36 (KHTML, like Gecko) Chrome/115.0.0.0 Safari/537.36 Edg/115.0.1901.203"
222.70.4.31 - - [18/Aug/2023:13:45:14 +0800] "POST /ajax.php?act=context HTTP/1.1" 200 134 "http://www.xeryx.top/index.php" "Mozilla/5.0 (Windows NT 10.0; Win64; x64) AppleWebKit/537.36 (KHTML, like Gecko) Chrome/115.0.0.0 Safari/537.36"
222.70.4.31 - - [18/Aug/2023:13:45:18 +0800] "GET /user/login.php HTTP/1.1" 200 1718 "http://www.xeryx.top/index.php" "Mozilla/5.0 (Windows NT 10.0; Win64; x64) AppleWebKit/537.36 (KHTML, like Gecko) Chrome/115.0.0.0 Safari/537.36"
39.100.87.147 - - [18/Aug/2023:13:45:19 +0800] "POST /ajax.php?act=context HTTP/1.1" 200 59 "http://www.xeryx.top/index.php" "Mozilla/5.0 (Windows NT 10.0; Win64; x64) AppleWebKit/537.36 (KHTML, like Gecko) Chrome/92.0.4515.131 Safari/537.36 SLBrowser/8.0.1.4031 SLBChan/11"
114.95.171.167 - - [18/Aug/2023:13:45:20 +0800] "POST /ajax.php?act=context HTTP/1.1" 200 59 "http://www.xeryx.top/index.php" "Mozilla/5.0 (Windows NT 10.0; Win64; x64) AppleWebKit/537.36 (KHTML, like Gecko) Chrome/115.0.0.0 Safari/537.36 Edg/115.0.1901.203"
114.95.171.167 - - [18/Aug/2023:13:45:21 +0800] "GET /ajax.php?act=comps HTTP/1.1" 200 4002 "http://www.xeryx.top/index.php" "Mozilla/5.0 (Windows NT 10.0; Win64; x64) AppleWebKit/537.36 (KHTML, like Gecko) Chrome/115.0.0.0 Safari/537.36 Edg/115.0.1901.203"
222.70.4.31 - - [18/Aug/2023:13:45:21 +0800] "POST /user/common.php?action=login HTTP/1.1" 200 104 "http://www.xeryx.top/user/login.php" "Mozilla/5.0 (Windows NT 10.0; Win64; x64) AppleWebKit/537.36 (KHTML, like Gecko) Chrome/115.0.0.0 Safari/537.36"
39.100.87.147 - - [18/Aug/2023:13:45:22 +0800] "GET /ajax.php?act=comps HTTP/1.1" 200 40272 "http://www.xeryx.top/index.php" "Mozilla/5.0 (Windows NT 10.0; Win64; x64) AppleWebKit/537.36 (KHTML, like Gecko) Chrome/92.0.4515.131 Safari/537.36 SLBrowser/8.0.1.4031 SLBChan/11"
222.70.4.31 - - [18/Aug/2023:13:45:22 +0800] "GET /index.php HTTP/1.1" 200 4473 "http://www.xeryx.top/user/login.php" "Mozilla/5.0 (Windows NT 10.0; Win64; x64) AppleWebKit/537.36 (KHTML, like Gecko) Chrome/115.0.0.0 Safari/537.36"
222.70.4.31 - - [18/Aug/2023:13:45:31 +0800] "POST /ajax.php?act=context HTTP/1.1" 200 59 "http://www.xeryx.top/index.php" "Mozilla/5.0 (Windows NT 10.0; Win64; x64) AppleWebKit/537.36 (KHTML, like Gecko) Chrome/115.0.0.0 Safari/537.36"
39.100.87.147 - - [18/Aug/2023:13:45:33 +0800] "POST /ajax.php?act=context HTTP/1.1" 200 59 "http://www.xeryx.top/index.php" "Mozilla/5.0 (Windows NT 10.0; Win64; x64) AppleWebKit/537.36 (KHTML, like Gecko) Chrome/92.0.4515.131 Safari/537.36 SLBrowser/8.0.1.4031 SLBChan/11"
222.70.4.31 - - [18/Aug/2023:13:45:33 +0800] "GET /ajax.php?act=comps HTTP/1.1" 200 34125 "http://www.xeryx.top/index.php" "Mozilla/5.0 (Windows NT 10.0; Win64; x64) AppleWebKit/537.36 (KHTML, like Gecko) Chrome/115.0.0.0 Safari/537.36"
39.100.87.147 - - [18/Aug/2023:13:45:34 +0800] "GET /ajax.php?act=comps HTTP/1.1" 200 12825 "http://www.xeryx.top/index.php" "Mozilla/5.0 (Windows NT 10.0; Win64; x64) AppleWebKit/537.36 (KHTML, like Gecko) Chrome/92.0.4515.131 Safari/537.36 SLBrowser/8.0.1.4031 SLBChan/11"
114.95.171.167 - - [18/Aug/2023:13:45:36 +0800] "POST /ajax.php?act=context HTTP/1.1" 200 59 "http://www.xeryx.top/index.php" "Mozilla/5.0 (Windows NT 10.0; Win64; x64) AppleWebKit/537.36 (KHTML, like Gecko) Chrome/115.0.0.0 Safari/537.36 Edg/115.0.1901.203"
114.95.171.167 - - [18/Aug/2023:13:45:37 +0800] "GET /ajax.php?act=comps HTTP/1.1" 200 3583 "http://www.xeryx.top/index.php" "Mozilla/5.0 (Windows NT 10.0; Win64; x64) AppleWebKit/537.36 (KHTML, like Gecko) Chrome/115.0.0.0 Safari/537.36 Edg/115.0.1901.203"
114.95.171.167 - - [18/Aug/2023:13:45:46 +0800] "POST /ajax.php?act=context HTTP/1.1" 200 59 "http://www.xeryx.top/index.php" "Mozilla/5.0 (Windows NT 10.0; Win64; x64) AppleWebKit/537.36 (KHTML, like Gecko) Chrome/115.0.0.0 Safari/537.36 Edg/115.0.1901.203"
114.95.171.167 - - [18/Aug/2023:13:45:47 +0800] "GET /ajax.php?act=comps HTTP/1.1" 200 3796 "http://www.xeryx.top/index.php" "Mozilla/5.0 (Windows NT 10.0; Win64; x64) AppleWebKit/537.36 (KHTML, like Gecko) Chrome/115.0.0.0 Safari/537.36 Edg/115.0.1901.203"
114.95.171.167 - - [18/Aug/2023:13:47:39 +0800] "POST /ajax.php?act=context HTTP/1.1" 200 59 "http://www.xeryx.top/index.php" "Mozilla/5.0 (Windows NT 10.0; Win64; x64) AppleWebKit/537.36 (KHTML, like Gecko) Chrome/115.0.0.0 Safari/537.36"
114.95.171.167 - - [18/Aug/2023:13:47:41 +0800] "GET /ajax.php?act=comps HTTP/1.1" 200 18458 "http://www.xeryx.top/index.php" "Mozilla/5.0 (Windows NT 10.0; Win64; x64) AppleWebKit/537.36 (KHTML, like Gecko) Chrome/115.0.0.0 Safari/537.36"
114.95.171.167 - - [18/Aug/2023:13:47:55 +0800] "POST /ajax.php?act=context HTTP/1.1" 200 59 "http://www.xeryx.top/index.php" "Mozilla/5.0 (Windows NT 10.0; Win64; x64) AppleWebKit/537.36 (KHTML, like Gecko) Chrome/115.0.0.0 Safari/537.36"
114.95.171.167 - - [18/Aug/2023:13:47:59 +0800] "GET /ajax.php?act=comps HTTP/1.1" 200 60851 "http://www.xeryx.top/index.php" "Mozilla/5.0 (Windows NT 10.0; Win64; x64) AppleWebKit/537.36 (KHTML, like Gecko) Chrome/115.0.0.0 Safari/537.36"
114.95.171.167 - - [18/Aug/2023:13:48:34 +0800] "POST /ajax.php?act=context HTTP/1.1" 200 59 "http://www.xeryx.top/index.php" "Mozilla/5.0 (Windows NT 10.0; Win64; x64) AppleWebKit/537.36 (KHTML, like Gecko) Chrome/115.0.0.0 Safari/537.36 Edg/115.0.1901.203"
114.95.171.167 - - [18/Aug/2023:13:48:36 +0800] "GET /ajax.php?act=comps HTTP/1.1" 200 23259 "http://www.xeryx.top/index.php" "Mozilla/5.0 (Windows NT 10.0; Win64; x64) AppleWebKit/537.36 (KHTML, like Gecko) Chrome/115.0.0.0 Safari/537.36 Edg/115.0.1901.203"
61.135.171.237 - - [18/Aug/2023:13:50:05 +0800] "POST /ajax.php?act=context HTTP/1.1" 200 59 "http://www.xeryx.top/index.php" "Mozilla/5.0 (Windows NT 10.0; Win64; x64) AppleWebKit/537.36 (KHTML, like Gecko) Chrome/115.0.0.0 Safari/537.36 Edg/115.0.1901.203"
61.135.171.237 - - [18/Aug/2023:13:50:10 +0800] "GET /ajax.php?act=comps HTTP/1.1" 200 55079 "http://www.xeryx.top/index.php" "Mozilla/5.0 (Windows NT 10.0; Win64; x64) AppleWebKit/537.36 (KHTML, like Gecko) Chrome/115.0.0.0 Safari/537.36 Edg/115.0.1901.203"
114.95.171.167 - - [18/Aug/2023:13:50:37 +0800] "POST /ajax.php?act=context HTTP/1.1" 200 59 "http://www.xeryx.top/index.php" "Mozilla/5.0 (Windows NT 10.0; Win64; x64) AppleWebKit/537.36 (KHTML, like Gecko) Chrome/115.0.0.0 Safari/537.36 Edg/115.0.1901.203"
114.95.171.167 - - [18/Aug/2023:13:50:40 +0800] "GET /ajax.php?act=comps HTTP/1.1" 200 32085 "http://www.xeryx.top/index.php" "Mozilla/5.0 (Windows NT 10.0; Win64; x64) AppleWebKit/537.36 (KHTML, like Gecko) Chrome/115.0.0.0 Safari/537.36 Edg/115.0.1901.203"
61.135.171.237 - - [18/Aug/2023:13:51:12 +0800] "POST /ajax.php?act=context HTTP/1.1" 200 59 "http://www.xeryx.top/index.php" "Mozilla/5.0 (Windows NT 10.0; Win64; x64) AppleWebKit/537.36 (KHTML, like Gecko) Chrome/115.0.0.0 Safari/537.36 Edg/115.0.1901.203"
114.95.171.167 - - [18/Aug/2023:13:51:22 +0800] "POST /ajax.php?act=context HTTP/1.1" 200 59 "http://www.xeryx.top/index.php" "Mozilla/5.0 (Windows NT 10.0; Win64; x64) AppleWebKit/537.36 (KHTML, like Gecko) Chrome/115.0.0.0 Safari/537.36 Edg/115.0.1901.203"
61.135.171.237 - - [18/Aug/2023:13:51:23 +0800] "GET /ajax.php?act=comps HTTP/1.1" 200 107244 "http://www.xeryx.top/index.php" "Mozilla/5.0 (Windows NT 10.0; Win64; x64) AppleWebKit/537.36 (KHTML, like Gecko) Chrome/115.0.0.0 Safari/537.36 Edg/115.0.1901.203"
114.95.171.167 - - [18/Aug/2023:13:51:26 +0800] "GET /ajax.php?act=comps HTTP/1.1" 200 52634 "http://www.xeryx.top/index.php" "Mozilla/5.0 (Windows NT 10.0; Win64; x64) AppleWebKit/537.36 (KHTML, like Gecko) Chrome/115.0.0.0 Safari/537.36 Edg/115.0.1901.203"
114.95.171.167 - - [18/Aug/2023:13:51:34 +0800] "POST /ajax.php?act=context HTTP/1.1" 200 59 "http://www.xeryx.top/index.php" "Mozilla/5.0 (Windows NT 10.0; Win64; x64) AppleWebKit/537.36 (KHTML, like Gecko) Chrome/115.0.0.0 Safari/537.36"
114.95.171.167 - - [18/Aug/2023:13:51:39 +0800] "GET /ajax.php?act=comps HTTP/1.1" 200 59410 "http://www.xeryx.top/index.php" "Mozilla/5.0 (Windows NT 10.0; Win64; x64) AppleWebKit/537.36 (KHTML, like Gecko) Chrome/115.0.0.0 Safari/537.36"
114.95.169.40 - - [18/Aug/2023:13:53:14 +0800] "POST /ajax.php?act=context HTTP/1.1" 200 59 "http://www.xeryx.top/index.php" "Mozilla/5.0 (Windows NT 10.0; Win64; x64) AppleWebKit/537.36 (KHTML, like Gecko) Chrome/92.0.4515.131 Safari/537.36 SLBrowser/8.0.1.4031 SLBChan/105"
114.95.169.40 - - [18/Aug/2023:13:53:14 +0800] "GET /ajax.php?act=comps HTTP/1.1" 200 5 "http://www.xeryx.top/index.php" "Mozilla/5.0 (Windows NT 10.0; Win64; x64) AppleWebKit/537.36 (KHTML, like Gecko) Chrome/92.0.4515.131 Safari/537.36 SLBrowser/8.0.1.4031 SLBChan/105"
114.95.169.40 - - [18/Aug/2023:13:53:24 +0800] "POST /ajax.php?act=context HTTP/1.1" 200 59 "http://www.xeryx.top/index.php" "Mozilla/5.0 (Windows NT 10.0; Win64; x64) AppleWebKit/537.36 (KHTML, like Gecko) Chrome/92.0.4515.131 Safari/537.36 SLBrowser/8.0.1.4031 SLBChan/105"
114.95.169.40 - - [18/Aug/2023:13:53:26 +0800] "GET /ajax.php?act=comps HTTP/1.1" 200 5 "http://www.xeryx.top/index.php" "Mozilla/5.0 (Windows NT 10.0; Win64; x64) AppleWebKit/537.36 (KHTML, like Gecko) Chrome/92.0.4515.131 Safari/537.36 SLBrowser/8.0.1.4031 SLBChan/105"
114.95.169.40 - - [18/Aug/2023:13:53:38 +0800] "POST /ajax.php?act=context HTTP/1.1" 200 59 "http://www.xeryx.top/index.php" "Mozilla/5.0 (Windows NT 10.0; Win64; x64) AppleWebKit/537.36 (KHTML, like Gecko) Chrome/92.0.4515.131 Safari/537.36 SLBrowser/8.0.1.4031 SLBChan/105"
114.95.169.40 - - [18/Aug/2023:13:53:38 +0800] "GET /ajax.php?act=comps HTTP/1.1" 200 5 "http://www.xeryx.top/index.php" "Mozilla/5.0 (Windows NT 10.0; Win64; x64) AppleWebKit/537.36 (KHTML, like Gecko) Chrome/92.0.4515.131 Safari/537.36 SLBrowser/8.0.1.4031 SLBChan/105"
222.70.4.31 - - [18/Aug/2023:13:53:43 +0800] "POST /ajax.php?act=context HTTP/1.1" 200 59 "http://www.xeryx.top/index.php" "Mozilla/5.0 (Windows NT 10.0; Win64; x64) AppleWebKit/537.36 (KHTML, like Gecko) Chrome/115.0.0.0 Safari/537.36"
222.70.4.31 - - [18/Aug/2023:13:53:47 +0800] "GET /ajax.php?act=comps HTTP/1.1" 200 59230 "http://www.xeryx.top/index.php" "Mozilla/5.0 (Windows NT 10.0; Win64; x64) AppleWebKit/537.36 (KHTML, like Gecko) Chrome/115.0.0.0 Safari/537.36"
114.95.169.40 - - [18/Aug/2023:13:54:10 +0800] "POST /ajax.php?act=context HTTP/1.1" 200 59 "http://www.xeryx.top/index.php" "Mozilla/5.0 (Windows NT 10.0; Win64; x64) AppleWebKit/537.36 (KHTML, like Gecko) Chrome/92.0.4515.131 Safari/537.36 SLBrowser/8.0.1.4031 SLBChan/105"
114.95.169.40 - - [18/Aug/2023:13:54:10 +0800] "GET /ajax.php?act=comps HTTP/1.1" 200 5 "http://www.xeryx.top/index.php" "Mozilla/5.0 (Windows NT 10.0; Win64; x64) AppleWebKit/537.36 (KHTML, like Gecko) Chrome/92.0.4515.131 Safari/537.36 SLBrowser/8.0.1.4031 SLBChan/105"
114.95.169.40 - - [18/Aug/2023:13:54:14 +0800] "POST /ajax.php?act=context HTTP/1.1" 200 59 "http://www.xeryx.top/index.php" "Mozilla/5.0 (Windows NT 10.0; Win64; x64) AppleWebKit/537.36 (KHTML, like Gecko) Chrome/92.0.4515.131 Safari/537.36 SLBrowser/8.0.1.4031 SLBChan/105"
114.95.169.40 - - [18/Aug/2023:13:54:14 +0800] "GET /ajax.php?act=comps HTTP/1.1" 200 5 "http://www.xeryx.top/index.php" "Mozilla/5.0 (Windows NT 10.0; Win64; x64) AppleWebKit/537.36 (KHTML, like Gecko) Chrome/92.0.4515.131 Safari/537.36 SLBrowser/8.0.1.4031 SLBChan/105"
47.92.175.167 - - [18/Aug/2023:13:54:39 +0800] "POST /ajax.php?act=context HTTP/1.1" 200 59 "http://www.xeryx.top/index.php" "Mozilla/5.0 (Windows NT 10.0; Win64; x64) AppleWebKit/537.36 (KHTML, like Gecko) Chrome/92.0.4515.131 Safari/537.36 SLBrowser/8.0.1.4031 SLBChan/105"
47.92.175.167 - - [18/Aug/2023:13:54:42 +0800] "GET /ajax.php?act=comps HTTP/1.1" 200 54046 "http://www.xeryx.top/index.php" "Mozilla/5.0 (Windows NT 10.0; Win64; x64) AppleWebKit/537.36 (KHTML, like Gecko) Chrome/92.0.4515.131 Safari/537.36 SLBrowser/8.0.1.4031 SLBChan/105"
39.100.77.114 - - [18/Aug/2023:13:55:52 +0800] "POST /ajax.php?act=context HTTP/1.1" 200 59 "http://www.xeryx.top/index.php" "Mozilla/5.0 (Windows NT 10.0; Win64; x64) AppleWebKit/537.36 (KHTML, like Gecko) Chrome/116.0.0.0 Safari/537.36"
39.100.77.114 - - [18/Aug/2023:13:55:53 +0800] "GET /ajax.php?act=comps HTTP/1.1" 200 17209 "http://www.xeryx.top/index.php" "Mozilla/5.0 (Windows NT 10.0; Win64; x64) AppleWebKit/537.36 (KHTML, like Gecko) Chrome/116.0.0.0 Safari/537.36"
39.100.87.147 - - [18/Aug/2023:13:56:29 +0800] "POST /ajax.php?act=context HTTP/1.1" 200 59 "http://www.xeryx.top/index.php" "Mozilla/5.0 (Windows NT 10.0; Win64; x64) AppleWebKit/537.36 (KHTML, like Gecko) Chrome/92.0.4515.131 Safari/537.36 SLBrowser/8.0.1.4031 SLBChan/11"
39.100.87.147 - - [18/Aug/2023:13:56:33 +0800] "GET /ajax.php?act=comps HTTP/1.1" 200 48941 "http://www.xeryx.top/index.php" "Mozilla/5.0 (Windows NT 10.0; Win64; x64) AppleWebKit/537.36 (KHTML, like Gecko) Chrome/92.0.4515.131 Safari/537.36 SLBrowser/8.0.1.4031 SLBChan/11"
47.92.175.167 - - [18/Aug/2023:13:56:35 +0800] "POST /ajax.php?act=context HTTP/1.1" 200 59 "http://www.xeryx.top/index.php" "Mozilla/5.0 (Windows NT 10.0; Win64; x64) AppleWebKit/537.36 (KHTML, like Gecko) Chrome/92.0.4515.131 Safari/537.36 SLBrowser/8.0.1.4031 SLBChan/105"
47.92.175.167 - - [18/Aug/2023:13:56:39 +0800] "GET /ajax.php?act=comps HTTP/1.1" 200 50821 "http://www.xeryx.top/index.php" "Mozilla/5.0 (Windows NT 10.0; Win64; x64) AppleWebKit/537.36 (KHTML, like Gecko) Chrome/92.0.4515.131 Safari/537.36 SLBrowser/8.0.1.4031 SLBChan/105"
114.95.169.40 - - [18/Aug/2023:13:56:43 +0800] "POST /ajax.php?act=context HTTP/1.1" 200 59 "http://www.xeryx.top/index.php" "Mozilla/5.0 (Windows NT 10.0; Win64; x64) AppleWebKit/537.36 (KHTML, like Gecko) Chrome/115.0.0.0 Safari/537.36"
114.95.169.40 - - [18/Aug/2023:13:56:47 +0800] "GET /ajax.php?act=comps HTTP/1.1" 200 52016 "http://www.xeryx.top/index.php" "Mozilla/5.0 (Windows NT 10.0; Win64; x64) AppleWebKit/537.36 (KHTML, like Gecko) Chrome/115.0.0.0 Safari/537.36"
114.95.169.40 - - [18/Aug/2023:13:57:24 +0800] "POST /ajax.php?act=context HTTP/1.1" 200 59 "http://www.xeryx.top/index.php" "Mozilla/5.0 (Windows NT 10.0; Win64; x64) AppleWebKit/537.36 (KHTML, like Gecko) Chrome/115.0.0.0 Safari/537.36"
114.95.169.40 - - [18/Aug/2023:13:57:32 +0800] "GET /ajax.php?act=comps HTTP/1.1" 200 101425 "http://www.xeryx.top/index.php" "Mozilla/5.0 (Windows NT 10.0; Win64; x64) AppleWebKit/537.36 (KHTML, like Gecko) Chrome/115.0.0.0 Safari/537.36"
39.100.87.147 - - [18/Aug/2023:13:59:20 +0800] "POST /ajax.php?act=context HTTP/1.1" 200 59 "http://www.xeryx.top/index.php" "Mozilla/5.0 (Windows NT 10.0; Win64; x64) AppleWebKit/537.36 (KHTML, like Gecko) Chrome/92.0.4515.131 Safari/537.36 SLBrowser/8.0.1.4031 SLBChan/11"
39.100.87.147 - - [18/Aug/2023:13:59:26 +0800] "GET /ajax.php?act=comps HTTP/1.1" 200 75432 "http://www.xeryx.top/index.php" "Mozilla/5.0 (Windows NT 10.0; Win64; x64) AppleWebKit/537.36 (KHTML, like Gecko) Chrome/92.0.4515.131 Safari/537.36 SLBrowser/8.0.1.4031 SLBChan/11"
114.85.34.250 - - [18/Aug/2023:13:59:48 +0800] "POST /ajax.php?act=context HTTP/1.1" 200 59 "http://www.xeryx.top/index.php" "Mozilla/5.0 (Windows NT 10.0; Win64; x64) AppleWebKit/537.36 (KHTML, like Gecko) Chrome/115.0.0.0 Safari/537.36"
114.85.34.250 - - [18/Aug/2023:13:59:54 +0800] "GET /ajax.php?act=comps HTTP/1.1" 200 76847 "http://www.xeryx.top/index.php" "Mozilla/5.0 (Windows NT 10.0; Win64; x64) AppleWebKit/537.36 (KHTML, like Gecko) Chrome/115.0.0.0 Safari/537.36"
223.166.248.119 - - [18/Aug/2023:14:00:55 +0800] "POST /ajax.php?act=context HTTP/1.1" 200 59 "http://www.xeryx.top/index.php" "Mozilla/5.0 (Windows NT 10.0; Win64; x64) AppleWebKit/537.36 (KHTML, like Gecko) Chrome/115.0.0.0 Safari/537.36"
223.166.248.119 - - [18/Aug/2023:14:01:03 +0800] "GET /ajax.php?act=comps HTTP/1.1" 200 104290 "http://www.xeryx.top/index.php" "Mozilla/5.0 (Windows NT 10.0; Win64; x64) AppleWebKit/537.36 (KHTML, like Gecko) Chrome/115.0.0.0 Safari/537.36"
39.100.87.147 - - [18/Aug/2023:14:01:49 +0800] "POST /ajax.php?act=context HTTP/1.1" 200 59 "http://www.xeryx.top/index.php" "Mozilla/5.0 (Windows NT 10.0; Win64; x64) AppleWebKit/537.36 (KHTML, like Gecko) Chrome/92.0.4515.131 Safari/537.36 SLBrowser/8.0.1.4031 SLBChan/11"
39.100.87.147 - - [18/Aug/2023:14:01:53 +0800] "GET /ajax.php?act=comps HTTP/1.1" 200 55566 "http://www.xeryx.top/index.php" "Mozilla/5.0 (Windows NT 10.0; Win64; x64) AppleWebKit/537.36 (KHTML, like Gecko) Chrome/92.0.4515.131 Safari/537.36 SLBrowser/8.0.1.4031 SLBChan/11"
39.100.87.147 - - [18/Aug/2023:14:02:12 +0800] "POST /ajax.php?act=context HTTP/1.1" 200 59 "http://www.xeryx.top/index.php" "Mozilla/5.0 (Windows NT 10.0; Win64; x64) AppleWebKit/537.36 (KHTML, like Gecko) Chrome/92.0.4515.131 Safari/537.36 SLBrowser/8.0.1.4031 SLBChan/11"
