39.100.87.147 - - [18/Aug/2023:14:02:15 +0800] "GET /ajax.php?act=comps HTTP/1.1" 200 47059 "http://www.xeryx.top/index.php" "Mozilla/5.0 (Windows NT 10.0; Win64; x64) AppleWebKit/537.36 (KHTML, like Gecko) Chrome/92.0.4515.131 Safari/537.36 SLBrowser/8.0.1.4031 SLBChan/11"
114.95.171.167 - - [18/Aug/2023:14:03:28 +0800] "POST /ajax.php?act=context HTTP/1.1" 200 59 "http://www.xeryx.top/index.php" "Mozilla/5.0 (Windows NT 10.0; Win64; x64) AppleWebKit/537.36 (KHTML, like Gecko) Chrome/115.0.0.0 Safari/537.36 Edg/115.0.1901.203"
114.95.171.167 - - [18/Aug/2023:14:03:31 +0800] "GET /ajax.php?act=comps HTTP/1.1" 200 40485 "http://www.xeryx.top/index.php" "Mozilla/5.0 (Windows NT 10.0; Win64; x64) AppleWebKit/537.36 (KHTML, like Gecko) Chrome/115.0.0.0 Safari/537.36 Edg/115.0.1901.203"
47.92.6.139 - - [18/Aug/2023:14:03:49 +0800] "POST /ajax.php?act=context HTTP/1.1" 200 59 "http://www.xeryx.top/index.php" "Mozilla/5.0 (Windows NT 10.0; Win64; x64) AppleWebKit/537.36 (KHTML, like Gecko) Chrome/116.0.0.0 Safari/537.36"
47.92.6.139 - - [18/Aug/2023:14:03:52 +0800] "GET /ajax.php?act=comps HTTP/1.1" 200 51207 "http://www.xeryx.top/index.php" "Mozilla/5.0 (Windows NT 10.0; Win64; x64) AppleWebKit/537.36 (KHTML, like Gecko) Chrome/116.0.0.0 Safari/537.36"
223.166.248.119 - - [18/Aug/2023:14:04:01 +0800] "POST /ajax.php?act=context HTTP/1.1" 200 59 "http://www.xeryx.top/index.php" "Mozilla/5.0 (Windows NT 10.0; Win64; x64) AppleWebKit/537.36 (KHTML, like Gecko) Chrome/115.0.0.0 Safari/537.36 Edg/115.0.1901.203"
223.166.248.119 - - [18/Aug/2023:14:04:04 +0800] "GET /ajax.php?act=comps HTTP/1.1" 200 46067 "http://www.xeryx.top/index.php" "Mozilla/5.0 (Windows NT 10.0; Win64; x64) AppleWebKit/537.36 (KHTML, like Gecko) Chrome/115.0.0.0 Safari/537.36 Edg/115.0.1901.203"
114.95.171.167 - - [18/Aug/2023:14:04:04 +0800] "POST /ajax.php?act=context HTTP/1.1" 200 59 "http://www.xeryx.top/index.php" "Mozilla/5.0 (Windows NT 10.0; Win64; x64) AppleWebKit/537.36 (KHTML, like Gecko) Chrome/115.0.0.0 Safari/537.36 Edg/115.0.1901.203"
114.95.171.167 - - [18/Aug/2023:14:04:09 +0800] "GET /ajax.php?act=comps HTTP/1.1" 200 60122 "http://www.xeryx.top/index.php" "Mozilla/5.0 (Windows NT 10.0; Win64; x64) AppleWebKit/537.36 (KHTML, like Gecko) Chrome/115.0.0.0 Safari/537.36 Edg/115.0.1901.203"
47.92.6.139 - - [18/Aug/2023:14:04:25 +0800] "POST /ajax.php?act=context HTTP/1.1" 200 59 "http://www.xeryx.top/index.php" "Mozilla/5.0 (Windows NT 10.0; Win64; x64) AppleWebKit/537.36 (KHTML, like Gecko) Chrome/116.0.0.0 Safari/537.36"
47.92.6.139 - - [18/Aug/2023:14:04:29 +0800] "GET /ajax.php?act=comps HTTP/1.1" 200 46365 "http://www.xeryx.top/index.php" "Mozilla/5.0 (Windows NT 10.0; Win64; x64) AppleWebKit/537.36 (KHTML, like Gecko) Chrome/116.0.0.0 Safari/537.36"
114.95.173.130 - - [18/Aug/2023:14:05:08 +0800] "GET /index.php HTTP/1.1" 200 4473 "-" "Mozilla/5.0 (Windows NT 10.0; Win64; x64) AppleWebKit/537.36 (KHTML, like Gecko) Chrome/115.0.0.0 Safari/537.36"
47.92.6.139 - - [18/Aug/2023:14:05:09 +0800] "POST /ajax.php?act=context HTTP/1.1" 200 59 "http://www.xeryx.top/index.php" "Mozilla/5.0 (Windows NT 10.0; Win64; x64) AppleWebKit/537.36 (KHTML, like Gecko) Chrome/116.0.0.0 Safari/537.36"
47.92.6.139 - - [18/Aug/2023:14:05:11 +0800] "GET /ajax.php?act=comps HTTP/1.1" 200 17843 "http://www.xeryx.top/index.php" "Mozilla/5.0 (Windows NT 10.0; Win64; x64) AppleWebKit/537.36 (KHTML, like Gecko) Chrome/116.0.0.0 Safari/537.36"
114.95.173.130 - - [18/Aug/2023:14:05:13 +0800] "POST /ajax.php?act=context HTTP/1.1" 200 59 "http://www.xeryx.top/index.php" "Mozilla/5.0 (Windows NT 10.0; Win64; x64) AppleWebKit/537.36 (KHTML, like Gecko) Chrome/115.0.0.0 Safari/537.36"
114.95.173.130 - - [18/Aug/2023:14:05:17 +0800] "GET /ajax.php?act=comps HTTP/1.1" 200 57303 "http://www.xeryx.top/index.php" "Mozilla/5.0 (Windows NT 10.0; Win64; x64) AppleWebKit/537.36 (KHTML, like Gecko) Chrome/115.0.0.0 Safari/537.36"
47.92.6.139 - - [18/Aug/2023:14:05:43 +0800] "POST /ajax.php?act=context HTTP/1.1" 200 59 "http://www.xeryx.top/index.php" "Mozilla/5.0 (Windows NT 10.0; Win64; x64) AppleWebKit/537.36 (KHTML, like Gecko) Chrome/116.0.0.0 Safari/537.36"
47.92.6.139 - - [18/Aug/2023:14:05:44 +0800] "GET /ajax.php?act=comps HTTP/1.1" 200 13653 "http://www.xeryx.top/index.php" "Mozilla/5.0 (Windows NT 10.0; Win64; x64) AppleWebKit/537.36 (KHTML, like Gecko) Chrome/116.0.0.0 Safari/537.36"
47.92.6.139 - - [18/Aug/2023:14:06:15 +0800] "POST /ajax.php?act=context HTTP/1.1" 200 59 "http://www.xeryx.top/index.php" "Mozilla/5.0 (Windows NT 10.0; Win64; x64) AppleWebKit/537.36 (KHTML, like Gecko) Chrome/116.0.0.0 Safari/537.36"
47.92.6.139 - - [18/Aug/2023:14:06:27 +0800] "GET /ajax.php?act=comps HTTP/1.1" 200 167224 "http://www.xeryx.top/index.php" "Mozilla/5.0 (Windows NT 10.0; Win64; x64) AppleWebKit/537.36 (KHTML, like Gecko) Chrome/116.0.0.0 Safari/537.36"
47.92.175.167 - - [18/Aug/2023:14:06:57 +0800] "GET /index.php HTTP/1.1" 200 4480 "-" "Mozilla/5.0 (Windows NT 10.0; WOW64) AppleWebKit/537.36 (KHTML, like Gecko) Chrome/86.0.4240.198 Safari/537.36"
114.95.173.130 - - [18/Aug/2023:14:07:01 +0800] "POST /ajax.php?act=context HTTP/1.1" 200 59 "http://www.xeryx.top/index.php" "Mozilla/5.0 (Windows NT 10.0; Win64; x64) AppleWebKit/537.36 (KHTML, like Gecko) Chrome/115.0.0.0 Safari/537.36"
114.95.173.130 - - [18/Aug/2023:14:07:06 +0800] "GET /ajax.php?act=comps HTTP/1.1" 200 58649 "http://www.xeryx.top/index.php" "Mozilla/5.0 (Windows NT 10.0; Win64; x64) AppleWebKit/537.36 (KHTML, like Gecko) Chrome/115.0.0.0 Safari/537.36"
114.85.34.250 - - [18/Aug/2023:14:07:48 +0800] "GET /index.php HTTP/1.1" 200 4473 "-" "Mozilla/5.0 (Windows NT 10.0; Win64; x64) AppleWebKit/537.36 (KHTML, like Gecko) Chrome/115.0.0.0 Safari/537.36 Edg/115.0.1901.203"
114.85.34.250 - - [18/Aug/2023:14:07:53 +0800] "POST /ajax.php?act=context HTTP/1.1" 200 59 "http://www.xeryx.top/index.php" "Mozilla/5.0 (Windows NT 10.0; Win64; x64) AppleWebKit/537.36 (KHTML, like Gecko) Chrome/115.0.0.0 Safari/537.36 Edg/115.0.1901.203"
114.85.34.250 - - [18/Aug/2023:14:07:55 +0800] "GET /ajax.php?act=comps HTTP/1.1" 200 28803 "http://www.xeryx.top/index.php" "Mozilla/5.0 (Windows NT 10.0; Win64; x64) AppleWebKit/537.36 (KHTML, like Gecko) Chrome/115.0.0.0 Safari/537.36 Edg/115.0.1901.203"
114.85.34.250 - - [18/Aug/2023:14:08:19 +0800] "POST /ajax.php?act=context HTTP/1.1" 200 59 "http://www.xeryx.top/index.php" "Mozilla/5.0 (Windows NT 10.0; Win64; x64) AppleWebKit/537.36 (KHTML, like Gecko) Chrome/115.0.0.0 Safari/537.36"
114.85.34.250 - - [18/Aug/2023:14:08:21 +0800] "GET /ajax.php?act=comps HTTP/1.1" 200 28571 "http://www.xeryx.top/index.php" "Mozilla/5.0 (Windows NT 10.0; Win64; x64) AppleWebKit/537.36 (KHTML, like Gecko) Chrome/115.0.0.0 Safari/537.36"
47.92.6.139 - - [18/Aug/2023:14:08:36 +0800] "POST /ajax.php?act=context HTTP/1.1" 200 59 "http://www.xeryx.top/index.php" "Mozilla/5.0 (Windows NT 10.0; Win64; x64) AppleWebKit/537.36 (KHTML, like Gecko) Chrome/116.0.0.0 Safari/537.36"
47.92.6.139 - - [18/Aug/2023:14:08:36 +0800] "POST /ajax.php?act=context HTTP/1.1" 200 59 "http://www.xeryx.top/index.php" "Mozilla/5.0 (Windows NT 10.0; Win64; x64) AppleWebKit/537.36 (KHTML, like Gecko) Chrome/116.0.0.0 Safari/537.36"
47.92.6.139 - - [18/Aug/2023:14:08:40 +0800] "GET /ajax.php?act=comps HTTP/1.1" 200 40018 "http://www.xeryx.top/index.php" "Mozilla/5.0 (Windows NT 10.0; Win64; x64) AppleWebKit/537.36 (KHTML, like Gecko) Chrome/116.0.0.0 Safari/537.36"
47.92.6.139 - - [18/Aug/2023:14:08:40 +0800] "GET /ajax.php?act=comps HTTP/1.1" 200 41539 "http://www.xeryx.top/index.php" "Mozilla/5.0 (Windows NT 10.0; Win64; x64) AppleWebKit/537.36 (KHTML, like Gecko) Chrome/116.0.0.0 Safari/537.36"
47.92.175.167 - - [18/Aug/2023:14:09:15 +0800] "POST /ajax.php?act=context HTTP/1.1" 200 59 "http://www.xeryx.top/index.php" "Mozilla/5.0 (Windows NT 10.0; Win64; x64) AppleWebKit/537.36 (KHTML, like Gecko) Chrome/92.0.4515.131 Safari/537.36 SLBrowser/8.0.1.4031 SLBChan/105"
47.92.175.167 - - [18/Aug/2023:14:09:19 +0800] "GET /ajax.php?act=comps HTTP/1.1" 200 56572 "http://www.xeryx.top/index.php" "Mozilla/5.0 (Windows NT 10.0; Win64; x64) AppleWebKit/537.36 (KHTML, like Gecko) Chrome/92.0.4515.131 Safari/537.36 SLBrowser/8.0.1.4031 SLBChan/105"
47.92.6.139 - - [18/Aug/2023:14:09:20 +0800] "POST /ajax.php?act=context HTTP/1.1" 200 59 "http://www.xeryx.top/index.php" "Mozilla/5.0 (Windows NT 10.0; Win64; x64) AppleWebKit/537.36 (KHTML, like Gecko) Chrome/116.0.0.0 Safari/537.36"
47.92.6.139 - - [18/Aug/2023:14:09:22 +0800] "POST /ajax.php?act=context HTTP/1.1" 200 59 "http://www.xeryx.top/index.php" "Mozilla/5.0 (Windows NT 10.0; Win64; x64) AppleWebKit/537.36 (KHTML, like Gecko) Chrome/116.0.0.0 Safari/537.36"
47.92.6.139 - - [18/Aug/2023:14:09:23 +0800] "GET /ajax.php?act=comps HTTP/1.1" 200 28938 "http://www.xeryx.top/index.php" "Mozilla/5.0 (Windows NT 10.0; Win64; x64) AppleWebKit/537.36 (KHTML, like Gecko) Chrome/116.0.0.0 Safari/537.36"
47.92.6.139 - - [18/Aug/2023:14:09:25 +0800] "GET /ajax.php?act=comps HTTP/1.1" 200 43221 "http://www.xeryx.top/index.php" "Mozilla/5.0 (Windows NT 10.0; Win64; x64) AppleWebKit/537.36 (KHTML, like Gecko) Chrome/116.0.0.0 Safari/537.36"
47.92.6.139 - - [18/Aug/2023:14:09:38 +0800] "POST /ajax.php?act=context HTTP/1.1" 200 59 "http://www.xeryx.top/index.php" "Mozilla/5.0 (Windows NT 10.0; Win64; x64) AppleWebKit/537.36 (KHTML, like Gecko) Chrome/116.0.0.0 Safari/537.36"
221.221.162.31 - - [18/Aug/2023:14:09:39 +0800] "GET /index.php HTTP/1.1" 200 4473 "-" "Mozilla/5.0 (Windows NT 10.0; Win64; x64) AppleWebKit/537.36 (KHTML, like Gecko) Chrome/115.0.0.0 Safari/537.36 Edg/115.0.1901.203"
47.92.6.139 - - [18/Aug/2023:14:09:41 +0800] "GET /ajax.php?act=comps HTTP/1.1" 200 32937 "http://www.xeryx.top/index.php" "Mozilla/5.0 (Windows NT 10.0; Win64; x64) AppleWebKit/537.36 (KHTML, like Gecko) Chrome/116.0.0.0 Safari/537.36"
47.92.6.139 - - [18/Aug/2023:14:09:43 +0800] "POST /ajax.php?act=context HTTP/1.1" 200 59 "http://www.xeryx.top/index.php" "Mozilla/5.0 (Windows NT 10.0; Win64; x64) AppleWebKit/537.36 (KHTML, like Gecko) Chrome/116.0.0.0 Safari/537.36"
47.92.6.139 - - [18/Aug/2023:14:09:44 +0800] "GET /ajax.php?act=comps HTTP/1.1" 200 5891 "http://www.xeryx.top/index.php" "Mozilla/5.0 (Windows NT 10.0; Win64; x64) AppleWebKit/537.36 (KHTML, like Gecko) Chrome/116.0.0.0 Safari/537.36"
221.221.163.51 - - [18/Aug/2023:14:09:46 +0800] "GET /user/index.php?_pjax=%23pjax-container HTTP/1.1" 200 7144 "http://www.xeryx.top/index.php" "Mozilla/5.0 (Windows NT 10.0; Win64; x64) AppleWebKit/537.36 (KHTML, like Gecko) Chrome/115.0.0.0 Safari/537.36 Edg/115.0.1901.203"
47.92.175.167 - - [18/Aug/2023:14:09:48 +0800] "POST /ajax.php?act=context HTTP/1.1" 200 59 "http://www.xeryx.top/index.php" "Mozilla/5.0 (Windows NT 10.0; Win64; x64) AppleWebKit/537.36 (KHTML, like Gecko) Chrome/92.0.4515.131 Safari/537.36 SLBrowser/8.0.1.4031 SLBChan/105"
221.221.163.51 - - [18/Aug/2023:14:09:49 +0800] "GET /index.php?_pjax=%23pjax-container HTTP/1.1" 200 4473 "http://www.xeryx.top/user/index.php" "Mozilla/5.0 (Windows NT 10.0; Win64; x64) AppleWebKit/537.36 (KHTML, like Gecko) Chrome/115.0.0.0 Safari/537.36 Edg/115.0.1901.203"
47.92.175.167 - - [18/Aug/2023:14:09:52 +0800] "GET /ajax.php?act=comps HTTP/1.1" 200 56949 "http://www.xeryx.top/index.php" "Mozilla/5.0 (Windows NT 10.0; Win64; x64) AppleWebKit/537.36 (KHTML, like Gecko) Chrome/92.0.4515.131 Safari/537.36 SLBrowser/8.0.1.4031 SLBChan/105"
47.92.6.139 - - [18/Aug/2023:14:09:55 +0800] "POST /ajax.php?act=context HTTP/1.1" 200 59 "http://www.xeryx.top/index.php" "Mozilla/5.0 (Windows NT 10.0; Win64; x64) AppleWebKit/537.36 (KHTML, like Gecko) Chrome/116.0.0.0 Safari/537.36"
47.92.6.139 - - [18/Aug/2023:14:10:00 +0800] "GET /ajax.php?act=comps HTTP/1.1" 200 72673 "http://www.xeryx.top/index.php" "Mozilla/5.0 (Windows NT 10.0; Win64; x64) AppleWebKit/537.36 (KHTML, like Gecko) Chrome/116.0.0.0 Safari/537.36"
221.221.162.238 - - [18/Aug/2023:14:10:02 +0800] "POST /ajax.php?act=context HTTP/1.1" 200 134 "http://www.xeryx.top/index.php" "Mozilla/5.0 (Windows NT 10.0; Win64; x64) AppleWebKit/537.36 (KHTML, like Gecko) Chrome/115.0.0.0 Safari/537.36 Edg/115.0.1901.203"
221.221.163.51 - - [18/Aug/2023:14:10:04 +0800] "POST /ajax.php?act=context HTTP/1.1" 200 59 "http://www.xeryx.top/index.php" "Mozilla/5.0 (Windows NT 10.0; Win64; x64) AppleWebKit/537.36 (KHTML, like Gecko) Chrome/115.0.0.0 Safari/537.36 Edg/115.0.1901.203"
114.95.173.130 - - [18/Aug/2023:14:10:06 +0800] "POST /ajax.php?act=context HTTP/1.1" 200 59 "http://www.xeryx.top/index.php" "Mozilla/5.0 (Windows NT 10.0; Win64; x64) AppleWebKit/537.36 (KHTML, like Gecko) Chrome/92.0.4515.131 Safari/537.36 SLBrowser/8.0.1.4031 SLBChan/105"
114.95.173.130 - - [18/Aug/2023:14:10:07 +0800] "GET /ajax.php?act=comps HTTP/1.1" 200 5 "http://www.xeryx.top/index.php" "Mozilla/5.0 (Windows NT 10.0; Win64; x64) AppleWebKit/537.36 (KHTML, like Gecko) Chrome/92.0.4515.131 Safari/537.36 SLBrowser/8.0.1.4031 SLBChan/105"
221.221.163.51 - - [18/Aug/2023:14:10:08 +0800] "GET /ajax.php?act=comps HTTP/1.1" 200 45493 "http://www.xeryx.top/index.php" "Mozilla/5.0 (Windows NT 10.0; Win64; x64) AppleWebKit/537.36 (KHTML, like Gecko) Chrome/115.0.0.0 Safari/537.36 Edg/115.0.1901.203"
221.221.162.238 - - [18/Aug/2023:14:10:09 +0800] "GET /user/index.php?_pjax=%23pjax-container HTTP/1.1" 302 19674 "http://www.xeryx.top/index.php" "Mozilla/5.0 (Windows NT 10.0; Win64; x64) AppleWebKit/537.36 (KHTML, like Gecko) Chrome/115.0.0.0 Safari/537.36 Edg/115.0.1901.203"
221.221.160.159 - - [18/Aug/2023:14:10:09 +0800] "GET /user/login.php HTTP/1.1" 200 1718 "http://www.xeryx.top/index.php" "Mozilla/5.0 (Windows NT 10.0; Win64; x64) AppleWebKit/537.36 (KHTML, like Gecko) Chrome/115.0.0.0 Safari/537.36 Edg/115.0.1901.203"
221.221.160.159 - - [18/Aug/2023:14:10:09 +0800] "GET /user/index.php HTTP/1.1" 302 19674 "http://www.xeryx.top/index.php" "Mozilla/5.0 (Windows NT 10.0; Win64; x64) AppleWebKit/537.36 (KHTML, like Gecko) Chrome/115.0.0.0 Safari/537.36 Edg/115.0.1901.203"
221.221.162.238 - - [18/Aug/2023:14:10:10 +0800] "GET /user/login.php HTTP/1.1" 200 1718 "http://www.xeryx.top/index.php" "Mozilla/5.0 (Windows NT 10.0; Win64; x64) AppleWebKit/537.36 (KHTML, like Gecko) Chrome/115.0.0.0 Safari/537.36 Edg/115.0.1901.203"
221.221.161.140 - - [18/Aug/2023:14:10:11 +0800] "GET /assets/fonts/inter/inter-v11-latin-500.woff2 HTTP/1.1" 200 17448 "http://www.xeryx.top/assets/css/oneui.min-5.6.css" "Mozilla/5.0 (Windows NT 10.0; Win64; x64) AppleWebKit/537.36 (KHTML, like Gecko) Chrome/115.0.0.0 Safari/537.36 Edg/115.0.1901.203"
221.221.162.238 - - [18/Aug/2023:14:10:40 +0800] "POST /user/common.php?action=login HTTP/1.1" 200 104 "http://www.xeryx.top/user/login.php" "Mozilla/5.0 (Windows NT 10.0; Win64; x64) AppleWebKit/537.36 (KHTML, like Gecko) Chrome/115.0.0.0 Safari/537.36 Edg/115.0.1901.203"
39.144.4.190 - - [18/Aug/2023:14:10:40 +0800] "POST /ajax.php?act=context HTTP/1.1" 200 59 "http://www.xeryx.top/index.php" "Mozilla/5.0 (Windows NT 10.0; Win64; x64) AppleWebKit/537.36 (KHTML, like Gecko) Chrome/115.0.0.0 Safari/537.36 Edg/115.0.1901.203"
221.221.162.238 - - [18/Aug/2023:14:10:41 +0800] "GET /index.php HTTP/1.1" 200 4473 "http://www.xeryx.top/user/login.php" "Mozilla/5.0 (Windows NT 10.0; Win64; x64) AppleWebKit/537.36 (KHTML, like Gecko) Chrome/115.0.0.0 Safari/537.36 Edg/115.0.1901.203"
39.144.4.190 - - [18/Aug/2023:14:10:42 +0800] "GET /ajax.php?act=comps HTTP/1.1" 200 16353 "http://www.xeryx.top/index.php" "Mozilla/5.0 (Windows NT 10.0; Win64; x64) AppleWebKit/537.36 (KHTML, like Gecko) Chrome/115.0.0.0 Safari/537.36 Edg/115.0.1901.203"
114.95.173.130 - - [18/Aug/2023:14:10:49 +0800] "POST /ajax.php?act=context HTTP/1.1" 200 59 "http://www.xeryx.top/index.php" "Mozilla/5.0 (Windows NT 10.0; Win64; x64) AppleWebKit/537.36 (KHTML, like Gecko) Chrome/115.0.0.0 Safari/537.36 Edg/115.0.1901.203"
114.95.173.130 - - [18/Aug/2023:14:10:50 +0800] "GET /ajax.php?act=comps HTTP/1.1" 200 19989 "http://www.xeryx.top/index.php" "Mozilla/5.0 (Windows NT 10.0; Win64; x64) AppleWebKit/537.36 (KHTML, like Gecko) Chrome/115.0.0.0 Safari/537.36 Edg/115.0.1901.203"
221.221.161.140 - - [18/Aug/2023:14:10:51 +0800] "POST /ajax.php?act=context HTTP/1.1" 200 59 "http://www.xeryx.top/index.php" "Mozilla/5.0 (Windows NT 10.0; Win64; x64) AppleWebKit/537.36 (KHTML, like Gecko) Chrome/115.0.0.0 Safari/537.36 Edg/115.0.1901.203"
221.221.163.51 - - [18/Aug/2023:14:10:55 +0800] "POST /ajax.php?act=context HTTP/1.1" 200 59 "http://www.xeryx.top/index.php" "Mozilla/5.0 (Windows NT 10.0; Win64; x64) AppleWebKit/537.36 (KHTML, like Gecko) Chrome/115.0.0.0 Safari/537.36 Edg/115.0.1901.203"
221.221.161.140 - - [18/Aug/2023:14:10:56 +0800] "GET /ajax.php?act=comps HTTP/1.1" 200 66987 "http://www.xeryx.top/index.php" "Mozilla/5.0 (Windows NT 10.0; Win64; x64) AppleWebKit/537.36 (KHTML, like Gecko) Chrome/115.0.0.0 Safari/537.36 Edg/115.0.1901.203"
221.221.163.51 - - [18/Aug/2023:14:10:59 +0800] "GET /ajax.php?act=comps HTTP/1.1" 200 51673 "http://www.xeryx.top/index.php" "Mozilla/5.0 (Windows NT 10.0; Win64; x64) AppleWebKit/537.36 (KHTML, like Gecko) Chrome/115.0.0.0 Safari/537.36 Edg/115.0.1901.203"
39.144.4.190 - - [18/Aug/2023:14:11:16 +0800] "POST /ajax.php?act=context HTTP/1.1" 200 59 "http://www.xeryx.top/index.php" "Mozilla/5.0 (Windows NT 10.0; Win64; x64) AppleWebKit/537.36 (KHTML, like Gecko) Chrome/115.0.0.0 Safari/537.36 Edg/115.0.1901.203"
39.144.4.190 - - [18/Aug/2023:14:11:17 +0800] "GET /ajax.php?act=comps HTTP/1.1" 200 5286 "http://www.xeryx.top/index.php" "Mozilla/5.0 (Windows NT 10.0; Win64; x64) AppleWebKit/537.36 (KHTML, like Gecko) Chrome/115.0.0.0 Safari/537.36 Edg/115.0.1901.203"
114.95.173.130 - - [18/Aug/2023:14:11:29 +0800] "POST /ajax.php?act=context HTTP/1.1" 200 59 "http://www.xeryx.top/index.php" "Mozilla/5.0 (Windows NT 10.0; Win64; x64) AppleWebKit/537.36 (KHTML, like Gecko) Chrome/115.0.0.0 Safari/537.36 Edg/115.0.1901.203"
221.221.160.159 - - [18/Aug/2023:14:11:31 +0800] "GET /index.php HTTP/1.1" 200 4473 "-" "Mozilla/5.0 (Windows NT 10.0; Win64; x64) AppleWebKit/537.36 (KHTML, like Gecko) Chrome/115.0.0.0 Safari/537.36 Edg/115.0.1901.203"
114.95.173.130 - - [18/Aug/2023:14:11:33 +0800] "GET /ajax.php?act=comps HTTP/1.1" 200 46387 "http://www.xeryx.top/index.php" "Mozilla/5.0 (Windows NT 10.0; Win64; x64) AppleWebKit/537.36 (KHTML, like Gecko) Chrome/115.0.0.0 Safari/537.36 Edg/115.0.1901.203"
221.221.160.159 - - [18/Aug/2023:14:11:42 +0800] "POST /ajax.php?act=context HTTP/1.1" 200 59 "http://www.xeryx.top/index.php" "Mozilla/5.0 (Windows NT 10.0; Win64; x64) AppleWebKit/537.36 (KHTML, like Gecko) Chrome/115.0.0.0 Safari/537.36 Edg/115.0.1901.203"
221.221.160.159 - - [18/Aug/2023:14:11:47 +0800] "GET /ajax.php?act=comps HTTP/1.1" 200 66987 "http://www.xeryx.top/index.php" "Mozilla/5.0 (Windows NT 10.0; Win64; x64) AppleWebKit/537.36 (KHTML, like Gecko) Chrome/115.0.0.0 Safari/537.36 Edg/115.0.1901.203"
221.221.163.51 - - [18/Aug/2023:14:11:55 +0800] "POST /ajax.php?act=context HTTP/1.1" 200 59 "http://www.xeryx.top/index.php" "Mozilla/5.0 (Windows NT 10.0; Win64; x64) AppleWebKit/537.36 (KHTML, like Gecko) Chrome/115.0.0.0 Safari/537.36 Edg/115.0.1901.203"
114.95.173.130 - - [18/Aug/2023:14:12:01 +0800] "POST /ajax.php?act=context HTTP/1.1" 200 59 "http://www.xeryx.top/index.php" "Mozilla/5.0 (Windows NT 10.0; Win64; x64) AppleWebKit/537.36 (KHTML, like Gecko) Chrome/115.0.0.0 Safari/537.36 Edg/115.0.1901.203"
221.221.163.51 - - [18/Aug/2023:14:12:03 +0800] "GET /ajax.php?act=comps HTTP/1.1" 200 98647 "http://www.xeryx.top/index.php" "Mozilla/5.0 (Windows NT 10.0; Win64; x64) AppleWebKit/537.36 (KHTML, like Gecko) Chrome/115.0.0.0 Safari/537.36 Edg/115.0.1901.203"
114.95.173.130 - - [18/Aug/2023:14:12:05 +0800] "GET /ajax.php?act=comps HTTP/1.1" 200 48063 "http://www.xeryx.top/index.php" "Mozilla/5.0 (Windows NT 10.0; Win64; x64) AppleWebKit/537.36 (KHTML, like Gecko) Chrome/115.0.0.0 Safari/537.36 Edg/115.0.1901.203"
47.92.6.139 - - [18/Aug/2023:14:12:18 +0800] "POST /ajax.php?act=context HTTP/1.1" 200 59 "http://www.xeryx.top/index.php" "Mozilla/5.0 (Windows NT 10.0; Win64; x64) AppleWebKit/537.36 (KHTML, like Gecko) Chrome/116.0.0.0 Safari/537.36"
47.92.6.139 - - [18/Aug/2023:14:12:23 +0800] "GET /ajax.php?act=comps HTTP/1.1" 200 54164 "http://www.xeryx.top/index.php" "Mozilla/5.0 (Windows NT 10.0; Win64; x64) AppleWebKit/537.36 (KHTML, like Gecko) Chrome/116.0.0.0 Safari/537.36"
47.92.6.139 - - [18/Aug/2023:14:12:27 +0800] "POST /ajax.php?act=context HTTP/1.1" 200 59 "http://www.xeryx.top/index.php" "Mozilla/5.0 (Windows NT 10.0; Win64; x64) AppleWebKit/537.36 (KHTML, like Gecko) Chrome/116.0.0.0 Safari/537.36"
47.92.6.139 - - [18/Aug/2023:14:12:32 +0800] "GET /ajax.php?act=comps HTTP/1.1" 200 56440 "http://www.xeryx.top/index.php" "Mozilla/5.0 (Windows NT 10.0; Win64; x64) AppleWebKit/537.36 (KHTML, like Gecko) Chrome/116.0.0.0 Safari/537.36"
47.92.6.139 - - [18/Aug/2023:14:12:55 +0800] "POST /ajax.php?act=context HTTP/1.1" 200 59 "http://www.xeryx.top/index.php" "Mozilla/5.0 (Windows NT 10.0; Win64; x64) AppleWebKit/537.36 (KHTML, like Gecko) Chrome/116.0.0.0 Safari/537.36"
47.92.6.139 - - [18/Aug/2023:14:12:59 +0800] "GET /ajax.php?act=comps HTTP/1.1" 200 50011 "http://www.xeryx.top/index.php" "Mozilla/5.0 (Windows NT 10.0; Win64; x64) AppleWebKit/537.36 (KHTML, like Gecko) Chrome/116.0.0.0 Safari/537.36"
114.95.171.167 - - [18/Aug/2023:14:13:09 +0800] "POST /ajax.php?act=context HTTP/1.1" 200 59 "http://www.xeryx.top/index.php" "Mozilla/5.0 (Windows NT 10.0; Win64; x64) AppleWebKit/537.36 (KHTML, like Gecko) Chrome/115.0.0.0 Safari/537.36"
114.95.171.167 - - [18/Aug/2023:14:13:12 +0800] "GET /ajax.php?act=comps HTTP/1.1" 200 53572 "http://www.xeryx.top/index.php" "Mozilla/5.0 (Windows NT 10.0; Win64; x64) AppleWebKit/537.36 (KHTML, like Gecko) Chrome/115.0.0.0 Safari/537.36"
114.95.171.167 - - [18/Aug/2023:14:13:52 +0800] "POST /ajax.php?act=context HTTP/1.1" 200 59 "http://www.xeryx.top/index.php" "Mozilla/5.0 (Windows NT 10.0; Win64; x64) AppleWebKit/537.36 (KHTML, like Gecko) Chrome/115.0.0.0 Safari/537.36"
114.95.171.167 - - [18/Aug/2023:14:13:56 +0800] "GET /ajax.php?act=comps HTTP/1.1" 200 51216 "http://www.xeryx.top/index.php" "Mozilla/5.0 (Windows NT 10.0; Win64; x64) AppleWebKit/537.36 (KHTML, like Gecko) Chrome/115.0.0.0 Safari/537.36"
114.95.171.167 - - [18/Aug/2023:14:14:28 +0800] "POST /ajax.php?act=context HTTP/1.1" 200 59 "http://www.xeryx.top/index.php" "Mozilla/5.0 (Windows NT 10.0; Win64; x64) AppleWebKit/537.36 (KHTML, like Gecko) Chrome/115.0.0.0 Safari/537.36"
114.95.171.167 - - [18/Aug/2023:14:14:32 +0800] "GET /ajax.php?act=comps HTTP/1.1" 200 57559 "http://www.xeryx.top/index.php" "Mozilla/5.0 (Windows NT 10.0; Win64; x64) AppleWebKit/537.36 (KHTML, like Gecko) Chrome/115.0.0.0 Safari/537.36"
47.92.6.139 - - [18/Aug/2023:14:14:41 +0800] "POST /ajax.php?act=context HTTP/1.1" 200 59 "http://www.xeryx.top/index.php" "Mozilla/5.0 (Windows NT 10.0; Win64; x64) AppleWebKit/537.36 (KHTML, like Gecko) Chrome/116.0.0.0 Safari/537.36"
47.92.6.139 - - [18/Aug/2023:14:14:46 +0800] "POST /ajax.php?act=context HTTP/1.1" 200 59 "http://www.xeryx.top/index.php" "Mozilla/5.0 (Windows NT 10.0; Win64; x64) AppleWebKit/537.36 (KHTML, like Gecko) Chrome/116.0.0.0 Safari/537.36"
47.92.6.139 - - [18/Aug/2023:14:14:48 +0800] "GET /ajax.php?act=comps HTTP/1.1" 200 23139 "http://www.xeryx.top/index.php" "Mozilla/5.0 (Windows NT 10.0; Win64; x64) AppleWebKit/537.36 (KHTML, like Gecko) Chrome/116.0.0.0 Safari/537.36"
47.92.6.139 - - [18/Aug/2023:14:14:49 +0800] "GET /ajax.php?act=comps HTTP/1.1" 200 94911 "http://www.xeryx.top/index.php" "Mozilla/5.0 (Windows NT 10.0; Win64; x64) AppleWebKit/537.36 (KHTML, like Gecko) Chrome/116.0.0.0 Safari/537.36"
47.92.6.139 - - [18/Aug/2023:14:16:18 +0800] "POST /ajax.php?act=context HTTP/1.1" 200 59 "http://www.xeryx.top/index.php" "Mozilla/5.0 (Windows NT 10.0; Win64; x64) AppleWebKit/537.36 (KHTML, like Gecko) Chrome/116.0.0.0 Safari/537.36"
47.92.6.139 - - [18/Aug/2023:14:16:21 +0800] "GET /ajax.php?act=comps HTTP/1.1" 200 38801 "http://www.xeryx.top/index.php" "Mozilla/5.0 (Windows NT 10.0; Win64; x64) AppleWebKit/537.36 (KHTML, like Gecko) Chrome/116.0.0.0 Safari/537.36"
39.144.4.190 - - [18/Aug/2023:14:16:27 +0800] "POST /ajax.php?act=context HTTP/1.1" 200 59 "http://www.xeryx.top/index.php" "Mozilla/5.0 (Windows NT 10.0; Win64; x64) AppleWebKit/537.36 (KHTML, like Gecko) Chrome/115.0.0.0 Safari/537.36 Edg/115.0.1901.203"
39.144.4.190 - - [18/Aug/2023:14:16:31 +0800] "GET /ajax.php?act=comps HTTP/1.1" 200 49303 "http://www.xeryx.top/index.php" "Mozilla/5.0 (Windows NT 10.0; Win64; x64) AppleWebKit/537.36 (KHTML, like Gecko) Chrome/115.0.0.0 Safari/537.36 Edg/115.0.1901.203"
202.173.11.248 - - [18/Aug/2023:14:20:03 +0800] "GET / HTTP/1.1" 200 4480 "http://www.xeryx.top" "Mozilla/5.0 (Windows NT 10.0; Win64; x64) AppleWebKit/537.36 (KHTML, like Gecko) Chrome/56.0.2924.87 Safari/537.36"
114.95.171.167 - - [18/Aug/2023:14:26:22 +0800] "POST /ajax.php?act=context HTTP/1.1" 200 59 "http://www.xeryx.top/index.php" "Mozilla/5.0 (Windows NT 10.0; Win64; x64) AppleWebKit/537.36 (KHTML, like Gecko) Chrome/115.0.0.0 Safari/537.36 Edg/115.0.1901.203"
114.95.171.167 - - [18/Aug/2023:14:26:30 +0800] "GET /ajax.php?act=comps HTTP/1.1" 200 102427 "http://www.xeryx.top/index.php" "Mozilla/5.0 (Windows NT 10.0; Win64; x64) AppleWebKit/537.36 (KHTML, like Gecko) Chrome/115.0.0.0 Safari/537.36 Edg/115.0.1901.203"
47.92.6.139 - - [18/Aug/2023:14:27:16 +0800] "POST /ajax.php?act=context HTTP/1.1" 200 59 "http://www.xeryx.top/index.php" "Mozilla/5.0 (Windows NT 10.0; Win64; x64) AppleWebKit/537.36 (KHTML, like Gecko) Chrome/116.0.0.0 Safari/537.36"
47.92.6.139 - - [18/Aug/2023:14:27:21 +0800] "GET /ajax.php?act=comps HTTP/1.1" 200 65480 "http://www.xeryx.top/index.php" "Mozilla/5.0 (Windows NT 10.0; Win64; x64) AppleWebKit/537.36 (KHTML, like Gecko) Chrome/116.0.0.0 Safari/537.36"
114.85.34.250 - - [18/Aug/2023:14:27:24 +0800] "POST /ajax.php?act=context HTTP/1.1" 200 59 "http://www.xeryx.top/index.php" "Mozilla/5.0 (Windows NT 10.0; Win64; x64) AppleWebKit/537.36 (KHTML, like Gecko) Chrome/115.0.0.0 Safari/537.36"
114.85.34.250 - - [18/Aug/2023:14:27:31 +0800] "GET /ajax.php?act=comps HTTP/1.1" 200 86963 "http://www.xeryx.top/index.php" "Mozilla/5.0 (Windows NT 10.0; Win64; x64) AppleWebKit/537.36 (KHTML, like Gecko) Chrome/115.0.0.0 Safari/537.36"
180.212.221.237 - - [18/Aug/2023:14:27:51 +0800] "GET /index.php HTTP/1.1" 200 4480 "-" "Mozilla/5.0 (Windows NT 10.0; Win64; x64) AppleWebKit/537.36 (KHTML, like Gecko) Chrome/115.0.0.0 Safari/537.36 Edg/115.0.1901.203"
180.212.221.237 - - [18/Aug/2023:14:27:53 +0800] "GET /assets/fonts/inter/inter-v11-latin-700.woff2 HTTP/1.1" 304 0 "http://www.xeryx.top/assets/css/oneui.min-5.6.css" "Mozilla/5.0 (Windows NT 10.0; Win64; x64) AppleWebKit/537.36 (KHTML, like Gecko) Chrome/115.0.0.0 Safari/537.36 Edg/115.0.1901.203"
180.212.221.237 - - [18/Aug/2023:14:27:53 +0800] "GET /assets/fonts/simple-line-icons/Simple-Line-Icons.woff2?v=2.4.0 HTTP/1.1" 304 0 "http://www.xeryx.top/assets/css/oneui.min-5.6.css" "Mozilla/5.0 (Windows NT 10.0; Win64; x64) AppleWebKit/537.36 (KHTML, like Gecko) Chrome/115.0.0.0 Safari/537.36 Edg/115.0.1901.203"
180.212.221.237 - - [18/Aug/2023:14:27:53 +0800] "GET /assets/fonts/fontawesome/fa-regular-400.woff2 HTTP/1.1" 304 0 "http://www.xeryx.top/assets/css/oneui.min-5.6.css" "Mozilla/5.0 (Windows NT 10.0; Win64; x64) AppleWebKit/537.36 (KHTML, like Gecko) Chrome/115.0.0.0 Safari/537.36 Edg/115.0.1901.203"
180.212.221.237 - - [18/Aug/2023:14:27:53 +0800] "GET /assets/fonts/fontawesome/fa-solid-900.woff2 HTTP/1.1" 304 0 "http://www.xeryx.top/assets/css/oneui.min-5.6.css" "Mozilla/5.0 (Windows NT 10.0; Win64; x64) AppleWebKit/537.36 (KHTML, like Gecko) Chrome/115.0.0.0 Safari/537.36 Edg/115.0.1901.203"
180.212.221.237 - - [18/Aug/2023:14:27:53 +0800] "GET /assets/fonts/inter/inter-v11-latin-600.woff2 HTTP/1.1" 304 0 "http://www.xeryx.top/assets/css/oneui.min-5.6.css" "Mozilla/5.0 (Windows NT 10.0; Win64; x64) AppleWebKit/537.36 (KHTML, like Gecko) Chrome/115.0.0.0 Safari/537.36 Edg/115.0.1901.203"
180.212.221.237 - - [18/Aug/2023:14:27:53 +0800] "GET /assets/fonts/inter/inter-v11-latin-regular.woff2 HTTP/1.1" 304 0 "http://www.xeryx.top/assets/css/oneui.min-5.6.css" "Mozilla/5.0 (Windows NT 10.0; Win64; x64) AppleWebKit/537.36 (KHTML, like Gecko) Chrome/115.0.0.0 Safari/537.36 Edg/115.0.1901.203"
180.212.221.237 - - [18/Aug/2023:14:28:03 +0800] "GET /user/login.php HTTP/1.1" 200 1718 "http://www.xeryx.top/index.php" "Mozilla/5.0 (Windows NT 10.0; Win64; x64) AppleWebKit/537.36 (KHTML, like Gecko) Chrome/115.0.0.0 Safari/537.36 Edg/115.0.1901.203"
180.212.221.237 - - [18/Aug/2023:14:28:03 +0800] "GET /assets/fonts/inter/inter-v11-latin-500.woff2 HTTP/1.1" 304 0 "http://www.xeryx.top/assets/css/oneui.min-5.6.css" "Mozilla/5.0 (Windows NT 10.0; Win64; x64) AppleWebKit/537.36 (KHTML, like Gecko) Chrome/115.0.0.0 Safari/537.36 Edg/115.0.1901.203"
180.212.221.237 - - [18/Aug/2023:14:28:05 +0800] "POST /user/common.php?action=login HTTP/1.1" 200 93 "http://www.xeryx.top/user/login.php" "Mozilla/5.0 (Windows NT 10.0; Win64; x64) AppleWebKit/537.36 (KHTML, like Gecko) Chrome/115.0.0.0 Safari/537.36 Edg/115.0.1901.203"
180.212.221.237 - - [18/Aug/2023:14:28:08 +0800] "POST /user/common.php?action=login HTTP/1.1" 200 104 "http://www.xeryx.top/user/login.php" "Mozilla/5.0 (Windows NT 10.0; Win64; x64) AppleWebKit/537.36 (KHTML, like Gecko) Chrome/115.0.0.0 Safari/537.36 Edg/115.0.1901.203"
180.212.221.237 - - [18/Aug/2023:14:28:10 +0800] "GET /index.php HTTP/1.1" 200 4473 "http://www.xeryx.top/user/login.php" "Mozilla/5.0 (Windows NT 10.0; Win64; x64) AppleWebKit/537.36 (KHTML, like Gecko) Chrome/115.0.0.0 Safari/537.36 Edg/115.0.1901.203"
180.212.221.237 - - [18/Aug/2023:14:28:12 +0800] "GET /user/index.php?_pjax=%23pjax-container HTTP/1.1" 200 7147 "http://www.xeryx.top/index.php" "Mozilla/5.0 (Windows NT 10.0; Win64; x64) AppleWebKit/537.36 (KHTML, like Gecko) Chrome/115.0.0.0 Safari/537.36 Edg/115.0.1901.203"
39.100.87.147 - - [18/Aug/2023:14:28:19 +0800] "GET /index.php HTTP/1.1" 200 4480 "-" "Mozilla/5.0 (Windows NT 10.0; Win64; x64) AppleWebKit/537.36 (KHTML, like Gecko) Chrome/115.0.0.0 Safari/537.36"
180.212.221.237 - - [18/Aug/2023:14:28:25 +0800] "GET /index.php?_pjax=%23pjax-container HTTP/1.1" 200 4473 "http://www.xeryx.top/index.php" "Mozilla/5.0 (Windows NT 10.0; Win64; x64) AppleWebKit/537.36 (KHTML, like Gecko) Chrome/115.0.0.0 Safari/537.36 Edg/115.0.1901.203"
39.100.87.147 - - [18/Aug/2023:14:28:27 +0800] "GET /assets/fonts/inter/inter-v11-latin-700.woff2 HTTP/1.1" 200 17592 "http://www.xeryx.top/assets/css/oneui.min-5.6.css" "Mozilla/5.0 (Windows NT 10.0; Win64; x64) AppleWebKit/537.36 (KHTML, like Gecko) Chrome/115.0.0.0 Safari/537.36"
39.100.87.147 - - [18/Aug/2023:14:28:27 +0800] "GET /assets/fonts/fontawesome/fa-regular-400.woff2 HTTP/1.1" 200 25236 "http://www.xeryx.top/assets/css/oneui.min-5.6.css" "Mozilla/5.0 (Windows NT 10.0; Win64; x64) AppleWebKit/537.36 (KHTML, like Gecko) Chrome/115.0.0.0 Safari/537.36"
39.100.87.147 - - [18/Aug/2023:14:28:27 +0800] "GET /assets/fonts/simple-line-icons/Simple-Line-Icons.woff2?v=2.4.0 HTTP/1.1" 200 30064 "http://www.xeryx.top/assets/css/oneui.min-5.6.css" "Mozilla/5.0 (Windows NT 10.0; Win64; x64) AppleWebKit/537.36 (KHTML, like Gecko) Chrome/115.0.0.0 Safari/537.36"
39.100.87.147 - - [18/Aug/2023:14:28:27 +0800] "GET /assets/fonts/inter/inter-v11-latin-600.woff2 HTTP/1.1" 200 17564 "http://www.xeryx.top/assets/css/oneui.min-5.6.css" "Mozilla/5.0 (Windows NT 10.0; Win64; x64) AppleWebKit/537.36 (KHTML, like Gecko) Chrome/115.0.0.0 Safari/537.36"
39.100.87.147 - - [18/Aug/2023:14:28:28 +0800] "GET /assets/fonts/inter/inter-v11-latin-regular.woff2 HTTP/1.1" 200 16608 "http://www.xeryx.top/assets/css/oneui.min-5.6.css" "Mozilla/5.0 (Windows NT 10.0; Win64; x64) AppleWebKit/537.36 (KHTML, like Gecko) Chrome/115.0.0.0 Safari/537.36"
39.100.87.147 - - [18/Aug/2023:14:28:30 +0800] "GET /assets/js//config/chat.json HTTP/1.1" 200 51501 "http://www.xeryx.top/index.php" "Mozilla/5.0 (Windows NT 10.0; Win64; x64) AppleWebKit/537.36 (KHTML, like Gecko) Chrome/115.0.0.0 Safari/537.36"
39.100.87.147 - - [18/Aug/2023:14:28:32 +0800] "GET /user/login.php HTTP/1.1" 200 1718 "http://www.xeryx.top/index.php" "Mozilla/5.0 (Windows NT 10.0; Win64; x64) AppleWebKit/537.36 (KHTML, like Gecko) Chrome/115.0.0.0 Safari/537.36"
39.100.87.147 - - [18/Aug/2023:14:28:32 +0800] "GET /assets/fonts/inter/inter-v11-latin-500.woff2 HTTP/1.1" 200 17448 "http://www.xeryx.top/assets/css/oneui.min-5.6.css" "Mozilla/5.0 (Windows NT 10.0; Win64; x64) AppleWebKit/537.36 (KHTML, like Gecko) Chrome/115.0.0.0 Safari/537.36"
39.100.87.147 - - [18/Aug/2023:14:28:35 +0800] "GET /assets/fonts/fontawesome/fa-solid-900.woff2 HTTP/1.1" 200 150516 "http://www.xeryx.top/assets/css/oneui.min-5.6.css" "Mozilla/5.0 (Windows NT 10.0; Win64; x64) AppleWebKit/537.36 (KHTML, like Gecko) Chrome/115.0.0.0 Safari/537.36"
39.100.87.147 - - [18/Aug/2023:14:28:42 +0800] "POST /user/common.php?action=login HTTP/1.1" 200 104 "http://www.xeryx.top/user/login.php" "Mozilla/5.0 (Windows NT 10.0; Win64; x64) AppleWebKit/537.36 (KHTML, like Gecko) Chrome/115.0.0.0 Safari/537.36"
39.100.87.147 - - [18/Aug/2023:14:28:44 +0800] "GET /index.php HTTP/1.1" 200 4473 "http://www.xeryx.top/user/login.php" "Mozilla/5.0 (Windows NT 10.0; Win64; x64) AppleWebKit/537.36 (KHTML, like Gecko) Chrome/115.0.0.0 Safari/537.36"
180.212.221.237 - - [18/Aug/2023:14:28:46 +0800] "POST /ajax.php?act=context HTTP/1.1" 200 59 "http://www.xeryx.top/index.php" "Mozilla/5.0 (Windows NT 10.0; Win64; x64) AppleWebKit/537.36 (KHTML, like Gecko) Chrome/115.0.0.0 Safari/537.36 Edg/115.0.1901.203"
180.212.221.237 - - [18/Aug/2023:14:28:50 +0800] "GET /ajax.php?act=comps HTTP/1.1" 200 47424 "http://www.xeryx.top/index.php" "Mozilla/5.0 (Windows NT 10.0; Win64; x64) AppleWebKit/537.36 (KHTML, like Gecko) Chrome/115.0.0.0 Safari/537.36 Edg/115.0.1901.203"
39.100.87.147 - - [18/Aug/2023:14:28:52 +0800] "POST /ajax.php?act=context HTTP/1.1" 200 59 "http://www.xeryx.top/index.php" "Mozilla/5.0 (Windows NT 10.0; Win64; x64) AppleWebKit/537.36 (KHTML, like Gecko) Chrome/115.0.0.0 Safari/537.36"
39.100.87.147 - - [18/Aug/2023:14:28:56 +0800] "GET /ajax.php?act=comps HTTP/1.1" 200 42467 "http://www.xeryx.top/index.php" "Mozilla/5.0 (Windows NT 10.0; Win64; x64) AppleWebKit/537.36 (KHTML, like Gecko) Chrome/115.0.0.0 Safari/537.36"
47.92.6.139 - - [18/Aug/2023:14:30:08 +0800] "POST /ajax.php?act=context HTTP/1.1" 200 59 "http://www.xeryx.top/index.php" "Mozilla/5.0 (Windows NT 10.0; Win64; x64) AppleWebKit/537.36 (KHTML, like Gecko) Chrome/116.0.0.0 Safari/537.36"
47.92.6.139 - - [18/Aug/2023:14:30:13 +0800] "GET /ajax.php?act=comps HTTP/1.1" 200 40921 "http://www.xeryx.top/index.php" "Mozilla/5.0 (Windows NT 10.0; Win64; x64) AppleWebKit/537.36 (KHTML, like Gecko) Chrome/116.0.0.0 Safari/537.36"
114.95.171.167 - - [18/Aug/2023:14:31:46 +0800] "POST /ajax.php?act=context HTTP/1.1" 200 59 "http://www.xeryx.top/index.php" "Mozilla/5.0 (Windows NT 10.0; Win64; x64) AppleWebKit/537.36 (KHTML, like Gecko) Chrome/115.0.0.0 Safari/537.36"
114.95.171.167 - - [18/Aug/2023:14:31:50 +0800] "GET /ajax.php?act=comps HTTP/1.1" 200 57342 "http://www.xeryx.top/index.php" "Mozilla/5.0 (Windows NT 10.0; Win64; x64) AppleWebKit/537.36 (KHTML, like Gecko) Chrome/115.0.0.0 Safari/537.36"
222.128.117.141 - - [18/Aug/2023:14:32:11 +0800] "POST /ajax.php?act=context HTTP/1.1" 200 59 "http://www.xeryx.top/index.php" "Mozilla/5.0 (Windows NT 10.0; Win64; x64) AppleWebKit/537.36 (KHTML, like Gecko) Chrome/115.0.0.0 Safari/537.36 Edg/115.0.1901.203"
222.128.117.141 - - [18/Aug/2023:14:32:15 +0800] "GET /ajax.php?act=comps HTTP/1.1" 200 49780 "http://www.xeryx.top/index.php" "Mozilla/5.0 (Windows NT 10.0; Win64; x64) AppleWebKit/537.36 (KHTML, like Gecko) Chrome/115.0.0.0 Safari/537.36 Edg/115.0.1901.203"
114.95.173.130 - - [18/Aug/2023:14:32:18 +0800] "POST /ajax.php?act=context HTTP/1.1" 200 59 "http://www.xeryx.top/index.php" "Mozilla/5.0 (Windows NT 10.0; Win64; x64) AppleWebKit/537.36 (KHTML, like Gecko) Chrome/92.0.4515.131 Safari/537.36 SLBrowser/8.0.1.4031 SLBChan/105"
114.95.173.130 - - [18/Aug/2023:14:32:25 +0800] "GET /ajax.php?act=comps HTTP/1.1" 200 92514 "http://www.xeryx.top/index.php" "Mozilla/5.0 (Windows NT 10.0; Win64; x64) AppleWebKit/537.36 (KHTML, like Gecko) Chrome/92.0.4515.131 Safari/537.36 SLBrowser/8.0.1.4031 SLBChan/105"
114.95.169.40 - - [18/Aug/2023:14:32:33 +0800] "GET / HTTP/1.1" 200 4480 "-" "Mozilla/5.0 (Windows NT 10.0; Win64; x64) AppleWebKit/537.36 (KHTML, like Gecko) Chrome/115.0.0.0 Safari/537.36 Edg/115.0.1901.203"
223.166.248.119 - - [18/Aug/2023:14:32:39 +0800] "GET /user/login.php HTTP/1.1" 200 1718 "http://www.xeryx.top/" "Mozilla/5.0 (Windows NT 10.0; Win64; x64) AppleWebKit/537.36 (KHTML, like Gecko) Chrome/115.0.0.0 Safari/537.36 Edg/115.0.1901.203"
223.166.248.119 - - [18/Aug/2023:14:32:40 +0800] "GET /assets/fonts/inter/inter-v11-latin-500.woff2 HTTP/1.1" 200 17448 "http://www.xeryx.top/assets/css/oneui.min-5.6.css" "Mozilla/5.0 (Windows NT 10.0; Win64; x64) AppleWebKit/537.36 (KHTML, like Gecko) Chrome/115.0.0.0 Safari/537.36 Edg/115.0.1901.203"
114.95.171.167 - - [18/Aug/2023:14:32:49 +0800] "POST /ajax.php?act=context HTTP/1.1" 200 59 "http://www.xeryx.top/index.php" "Mozilla/5.0 (Windows NT 10.0; Win64; x64) AppleWebKit/537.36 (KHTML, like Gecko) Chrome/115.0.0.0 Safari/537.36"
114.95.171.167 - - [18/Aug/2023:14:32:53 +0800] "GET /ajax.php?act=comps HTTP/1.1" 200 45987 "http://www.xeryx.top/index.php" "Mozilla/5.0 (Windows NT 10.0; Win64; x64) AppleWebKit/537.36 (KHTML, like Gecko) Chrome/115.0.0.0 Safari/537.36"
223.166.248.119 - - [18/Aug/2023:14:33:00 +0800] "POST /user/common.php?action=login HTTP/1.1" 200 104 "http://www.xeryx.top/user/login.php" "Mozilla/5.0 (Windows NT 10.0; Win64; x64) AppleWebKit/537.36 (KHTML, like Gecko) Chrome/115.0.0.0 Safari/537.36 Edg/115.0.1901.203"
223.166.248.119 - - [18/Aug/2023:14:33:01 +0800] "GET /index.php HTTP/1.1" 200 4473 "http://www.xeryx.top/user/login.php" "Mozilla/5.0 (Windows NT 10.0; Win64; x64) AppleWebKit/537.36 (KHTML, like Gecko) Chrome/115.0.0.0 Safari/537.36 Edg/115.0.1901.203"
114.84.147.230 - - [18/Aug/2023:14:33:58 +0800] "GET /index.php HTTP/1.1" 200 4480 "https://cn.bing.com/" "Mozilla/5.0 (Windows NT 10.0; Win64; x64) AppleWebKit/537.36 (KHTML, like Gecko) Chrome/115.0.0.0 Safari/537.36 Edg/115.0.1901.188"
114.84.147.230 - - [18/Aug/2023:14:33:59 +0800] "GET /assets/fonts/inter/inter-v11-latin-700.woff2 HTTP/1.1" 200 17592 "http://www.xeryx.top/assets/css/oneui.min-5.6.css" "Mozilla/5.0 (Windows NT 10.0; Win64; x64) AppleWebKit/537.36 (KHTML, like Gecko) Chrome/115.0.0.0 Safari/537.36 Edg/115.0.1901.188"
114.84.147.230 - - [18/Aug/2023:14:33:59 +0800] "GET /assets/fonts/fontawesome/fa-regular-400.woff2 HTTP/1.1" 200 25236 "http://www.xeryx.top/assets/css/oneui.min-5.6.css" "Mozilla/5.0 (Windows NT 10.0; Win64; x64) AppleWebKit/537.36 (KHTML, like Gecko) Chrome/115.0.0.0 Safari/537.36 Edg/115.0.1901.188"
114.84.147.230 - - [18/Aug/2023:14:33:59 +0800] "GET /assets/fonts/simple-line-icons/Simple-Line-Icons.woff2?v=2.4.0 HTTP/1.1" 200 30064 "http://www.xeryx.top/assets/css/oneui.min-5.6.css" "Mozilla/5.0 (Windows NT 10.0; Win64; x64) AppleWebKit/537.36 (KHTML, like Gecko) Chrome/115.0.0.0 Safari/537.36 Edg/115.0.1901.188"
114.84.147.230 - - [18/Aug/2023:14:33:59 +0800] "GET /assets/fonts/inter/inter-v11-latin-600.woff2 HTTP/1.1" 200 17564 "http://www.xeryx.top/assets/css/oneui.min-5.6.css" "Mozilla/5.0 (Windows NT 10.0; Win64; x64) AppleWebKit/537.36 (KHTML, like Gecko) Chrome/115.0.0.0 Safari/537.36 Edg/115.0.1901.188"
114.84.147.230 - - [18/Aug/2023:14:33:59 +0800] "GET /assets/fonts/inter/inter-v11-latin-regular.woff2 HTTP/1.1" 200 16608 "http://www.xeryx.top/assets/css/oneui.min-5.6.css" "Mozilla/5.0 (Windows NT 10.0; Win64; x64) AppleWebKit/537.36 (KHTML, like Gecko) Chrome/115.0.0.0 Safari/537.36 Edg/115.0.1901.188"
114.84.147.230 - - [18/Aug/2023:14:33:59 +0800] "GET /assets/js//config/chat.json HTTP/1.1" 200 51501 "http://www.xeryx.top/index.php" "Mozilla/5.0 (Windows NT 10.0; Win64; x64) AppleWebKit/537.36 (KHTML, like Gecko) Chrome/115.0.0.0 Safari/537.36 Edg/115.0.1901.188"
114.84.147.230 - - [18/Aug/2023:14:34:01 +0800] "GET /assets/fonts/fontawesome/fa-solid-900.woff2 HTTP/1.1" 200 150516 "http://www.xeryx.top/assets/css/oneui.min-5.6.css" "Mozilla/5.0 (Windows NT 10.0; Win64; x64) AppleWebKit/537.36 (KHTML, like Gecko) Chrome/115.0.0.0 Safari/537.36 Edg/115.0.1901.188"
222.128.117.141 - - [18/Aug/2023:14:34:08 +0800] "POST /ajax.php?act=context HTTP/1.1" 200 59 "http://www.xeryx.top/index.php" "Mozilla/5.0 (Windows NT 10.0; Win64; x64) AppleWebKit/537.36 (KHTML, like Gecko) Chrome/115.0.0.0 Safari/537.36 Edg/115.0.1901.203"
114.84.147.230 - - [18/Aug/2023:14:34:12 +0800] "POST /ajax.php?act=context HTTP/1.1" 200 134 "http://www.xeryx.top/index.php" "Mozilla/5.0 (Windows NT 10.0; Win64; x64) AppleWebKit/537.36 (KHTML, like Gecko) Chrome/115.0.0.0 Safari/537.36 Edg/115.0.1901.188"
222.128.117.141 - - [18/Aug/2023:14:34:13 +0800] "GET /ajax.php?act=comps HTTP/1.1" 200 70853 "http://www.xeryx.top/index.php" "Mozilla/5.0 (Windows NT 10.0; Win64; x64) AppleWebKit/537.36 (KHTML, like Gecko) Chrome/115.0.0.0 Safari/537.36 Edg/115.0.1901.203"
114.84.147.230 - - [18/Aug/2023:14:34:14 +0800] "GET /user/login.php HTTP/1.1" 200 1718 "http://www.xeryx.top/index.php" "Mozilla/5.0 (Windows NT 10.0; Win64; x64) AppleWebKit/537.36 (KHTML, like Gecko) Chrome/115.0.0.0 Safari/537.36 Edg/115.0.1901.188"
114.84.147.230 - - [18/Aug/2023:14:34:15 +0800] "GET /assets/fonts/inter/inter-v11-latin-500.woff2 HTTP/1.1" 200 17448 "http://www.xeryx.top/assets/css/oneui.min-5.6.css" "Mozilla/5.0 (Windows NT 10.0; Win64; x64) AppleWebKit/537.36 (KHTML, like Gecko) Chrome/115.0.0.0 Safari/537.36 Edg/115.0.1901.188"
114.84.147.230 - - [18/Aug/2023:14:34:16 +0800] "GET /user/signup.php HTTP/1.1" 200 1758 "http://www.xeryx.top/user/login.php" "Mozilla/5.0 (Windows NT 10.0; Win64; x64) AppleWebKit/537.36 (KHTML, like Gecko) Chrome/115.0.0.0 Safari/537.36 Edg/115.0.1901.188"
114.84.147.230 - - [18/Aug/2023:14:34:37 +0800] "POST /user/common.php?action=signup HTTP/1.1" 200 136 "http://www.xeryx.top/user/signup.php" "Mozilla/5.0 (Windows NT 10.0; Win64; x64) AppleWebKit/537.36 (KHTML, like Gecko) Chrome/115.0.0.0 Safari/537.36 Edg/115.0.1901.188"
114.84.147.230 - - [18/Aug/2023:14:34:47 +0800] "POST /user/common.php?action=signup HTTP/1.1" 200 135 "http://www.xeryx.top/user/signup.php" "Mozilla/5.0 (Windows NT 10.0; Win64; x64) AppleWebKit/537.36 (KHTML, like Gecko) Chrome/115.0.0.0 Safari/537.36 Edg/115.0.1901.188"
114.84.147.230 - - [18/Aug/2023:14:35:01 +0800] "POST /user/common.php?action=signup HTTP/1.1" 200 106 "http://www.xeryx.top/user/signup.php" "Mozilla/5.0 (Windows NT 10.0; Win64; x64) AppleWebKit/537.36 (KHTML, like Gecko) Chrome/115.0.0.0 Safari/537.36 Edg/115.0.1901.188"
114.84.147.230 - - [18/Aug/2023:14:35:02 +0800] "GET /user/login.php HTTP/1.1" 200 1718 "http://www.xeryx.top/user/signup.php" "Mozilla/5.0 (Windows NT 10.0; Win64; x64) AppleWebKit/537.36 (KHTML, like Gecko) Chrome/115.0.0.0 Safari/537.36 Edg/115.0.1901.188"
114.84.147.230 - - [18/Aug/2023:14:35:12 +0800] "POST /user/common.php?action=login HTTP/1.1" 200 104 "http://www.xeryx.top/user/login.php" "Mozilla/5.0 (Windows NT 10.0; Win64; x64) AppleWebKit/537.36 (KHTML, like Gecko) Chrome/115.0.0.0 Safari/537.36 Edg/115.0.1901.188"
114.84.147.230 - - [18/Aug/2023:14:35:14 +0800] "GET /index.php HTTP/1.1" 200 4473 "http://www.xeryx.top/user/login.php" "Mozilla/5.0 (Windows NT 10.0; Win64; x64) AppleWebKit/537.36 (KHTML, like Gecko) Chrome/115.0.0.0 Safari/537.36 Edg/115.0.1901.188"
114.84.147.230 - - [18/Aug/2023:14:35:28 +0800] "POST /ajax.php?act=context HTTP/1.1" 200 59 "http://www.xeryx.top/index.php" "Mozilla/5.0 (Windows NT 10.0; Win64; x64) AppleWebKit/537.36 (KHTML, like Gecko) Chrome/115.0.0.0 Safari/537.36 Edg/115.0.1901.188"
114.84.147.230 - - [18/Aug/2023:14:35:33 +0800] "GET /ajax.php?act=comps HTTP/1.1" 200 57382 "http://www.xeryx.top/index.php" "Mozilla/5.0 (Windows NT 10.0; Win64; x64) AppleWebKit/537.36 (KHTML, like Gecko) Chrome/115.0.0.0 Safari/537.36 Edg/115.0.1901.188"
114.84.147.230 - - [18/Aug/2023:14:35:43 +0800] "POST /ajax.php?act=context HTTP/1.1" 200 59 "http://www.xeryx.top/index.php" "Mozilla/5.0 (Windows NT 10.0; Win64; x64) AppleWebKit/537.36 (KHTML, like Gecko) Chrome/115.0.0.0 Safari/537.36 Edg/115.0.1901.188"
114.84.147.230 - - [18/Aug/2023:14:35:47 +0800] "GET /ajax.php?act=comps HTTP/1.1" 200 42302 "http://www.xeryx.top/index.php" "Mozilla/5.0 (Windows NT 10.0; Win64; x64) AppleWebKit/537.36 (KHTML, like Gecko) Chrome/115.0.0.0 Safari/537.36 Edg/115.0.1901.188"
114.84.147.230 - - [18/Aug/2023:14:36:00 +0800] "GET /index.php?_pjax=%23pjax-container HTTP/1.1" 200 4473 "http://www.xeryx.top/index.php" "Mozilla/5.0 (Windows NT 10.0; Win64; x64) AppleWebKit/537.36 (KHTML, like Gecko) Chrome/115.0.0.0 Safari/537.36 Edg/115.0.1901.188"
221.221.162.251 - - [18/Aug/2023:14:36:15 +0800] "GET /index.php HTTP/1.1" 200 4473 "-" "Mozilla/5.0 (Windows NT 10.0; Win64; x64) AppleWebKit/537.36 (KHTML, like Gecko) Chrome/116.0.0.0 Safari/537.36 Edg/116.0.0.0"
221.221.162.251 - - [18/Aug/2023:14:36:19 +0800] "GET /user/index.php?_pjax=%23pjax-container HTTP/1.1" 200 7147 "http://www.xeryx.top/index.php" "Mozilla/5.0 (Windows NT 10.0; Win64; x64) AppleWebKit/537.36 (KHTML, like Gecko) Chrome/116.0.0.0 Safari/537.36 Edg/116.0.0.0"
221.221.161.140 - - [18/Aug/2023:14:36:20 +0800] "GET /assets/fonts/inter/inter-v11-latin-500.woff2 HTTP/1.1" 200 17448 "http://www.xeryx.top/assets/css/oneui.min-5.6.css" "Mozilla/5.0 (Windows NT 10.0; Win64; x64) AppleWebKit/537.36 (KHTML, like Gecko) Chrome/116.0.0.0 Safari/537.36 Edg/116.0.0.0"
221.221.161.140 - - [18/Aug/2023:14:36:22 +0800] "GET /index.php?_pjax=%23pjax-container HTTP/1.1" 200 4473 "http://www.xeryx.top/user/index.php" "Mozilla/5.0 (Windows NT 10.0; Win64; x64) AppleWebKit/537.36 (KHTML, like Gecko) Chrome/116.0.0.0 Safari/537.36 Edg/116.0.0.0"
47.92.175.167 - - [18/Aug/2023:14:37:30 +0800] "POST /ajax.php?act=context HTTP/1.1" 200 59 "http://www.xeryx.top/index.php" "Mozilla/5.0 (Windows NT 10.0; Win64; x64) AppleWebKit/537.36 (KHTML, like Gecko) Chrome/92.0.4515.131 Safari/537.36 SLBrowser/8.0.1.4031 SLBChan/105"
47.92.175.167 - - [18/Aug/2023:14:37:37 +0800] "GET /ajax.php?act=comps HTTP/1.1" 200 101786 "http://www.xeryx.top/index.php" "Mozilla/5.0 (Windows NT 10.0; Win64; x64) AppleWebKit/537.36 (KHTML, like Gecko) Chrome/92.0.4515.131 Safari/537.36 SLBrowser/8.0.1.4031 SLBChan/105"
221.221.161.140 - - [18/Aug/2023:14:38:50 +0800] "POST /ajax.php?act=context HTTP/1.1" 200 59 "http://www.xeryx.top/index.php" "Mozilla/5.0 (Windows NT 10.0; Win64; x64) AppleWebKit/537.36 (KHTML, like Gecko) Chrome/116.0.0.0 Safari/537.36 Edg/116.0.0.0"
221.221.161.140 - - [18/Aug/2023:14:38:55 +0800] "GET /ajax.php?act=comps HTTP/1.1" 200 61289 "http://www.xeryx.top/index.php" "Mozilla/5.0 (Windows NT 10.0; Win64; x64) AppleWebKit/537.36 (KHTML, like Gecko) Chrome/116.0.0.0 Safari/537.36 Edg/116.0.0.0"
221.221.161.140 - - [18/Aug/2023:14:39:28 +0800] "POST /ajax.php?act=context HTTP/1.1" 200 59 "http://www.xeryx.top/index.php" "Mozilla/5.0 (Windows NT 10.0; Win64; x64) AppleWebKit/537.36 (KHTML, like Gecko) Chrome/116.0.0.0 Safari/537.36 Edg/116.0.0.0"
221.221.161.140 - - [18/Aug/2023:14:39:33 +0800] "GET /ajax.php?act=comps HTTP/1.1" 200 74285 "http://www.xeryx.top/index.php" "Mozilla/5.0 (Windows NT 10.0; Win64; x64) AppleWebKit/537.36 (KHTML, like Gecko) Chrome/116.0.0.0 Safari/537.36 Edg/116.0.0.0"
47.92.175.167 - - [18/Aug/2023:14:41:27 +0800] "POST /ajax.php?act=context HTTP/1.1" 200 59 "http://www.xeryx.top/index.php" "Mozilla/5.0 (Windows NT 10.0; Win64; x64) AppleWebKit/537.36 (KHTML, like Gecko) Chrome/92.0.4515.131 Safari/537.36 SLBrowser/8.0.1.4031 SLBChan/105"
47.92.175.167 - - [18/Aug/2023:14:41:36 +0800] "GET /ajax.php?act=comps HTTP/1.1" 200 117753 "http://www.xeryx.top/index.php" "Mozilla/5.0 (Windows NT 10.0; Win64; x64) AppleWebKit/537.36 (KHTML, like Gecko) Chrome/92.0.4515.131 Safari/537.36 SLBrowser/8.0.1.4031 SLBChan/105"
223.166.248.119 - - [18/Aug/2023:14:42:07 +0800] "POST /ajax.php?act=context HTTP/1.1" 200 59 "http://www.xeryx.top/index.php" "Mozilla/5.0 (Windows NT 10.0; Win64; x64) AppleWebKit/537.36 (KHTML, like Gecko) Chrome/115.0.0.0 Safari/537.36"
223.166.248.119 - - [18/Aug/2023:14:42:09 +0800] "GET /ajax.php?act=comps HTTP/1.1" 200 6936 "http://www.xeryx.top/index.php" "Mozilla/5.0 (Windows NT 10.0; Win64; x64) AppleWebKit/537.36 (KHTML, like Gecko) Chrome/115.0.0.0 Safari/537.36"
223.166.248.119 - - [18/Aug/2023:14:42:15 +0800] "POST /ajax.php?act=context HTTP/1.1" 200 59 "http://www.xeryx.top/index.php" "Mozilla/5.0 (Windows NT 10.0; Win64; x64) AppleWebKit/537.36 (KHTML, like Gecko) Chrome/115.0.0.0 Safari/537.36"
47.92.175.167 - - [18/Aug/2023:14:42:20 +0800] "POST /ajax.php?act=context HTTP/1.1" 200 59 "http://www.xeryx.top/index.php" "Mozilla/5.0 (Windows NT 10.0; Win64; x64) AppleWebKit/537.36 (KHTML, like Gecko) Chrome/92.0.4515.131 Safari/537.36 SLBrowser/8.0.1.4031 SLBChan/105"
223.166.248.119 - - [18/Aug/2023:14:42:24 +0800] "GET /ajax.php?act=comps HTTP/1.1" 200 73697 "http://www.xeryx.top/index.php" "Mozilla/5.0 (Windows NT 10.0; Win64; x64) AppleWebKit/537.36 (KHTML, like Gecko) Chrome/115.0.0.0 Safari/537.36"
