101.82.85.136 - - [18/Aug/2023:10:16:57 +0800] "GET /ajax.php?act=comps HTTP/1.1" 200 79567 "http://www.xeryx.top/index.php" "Mozilla/5.0 (Windows NT 10.0; Win64; x64) AppleWebKit/537.36 (KHTML, like Gecko) Chrome/115.0.0.0 Safari/537.36 Edg/115.0.1901.203"
47.92.6.139 - - [18/Aug/2023:10:17:58 +0800] "POST /ajax.php?act=context HTTP/1.1" 200 59 "http://www.xeryx.top/index.php" "Mozilla/5.0 (Windows NT 10.0; Win64; x64) AppleWebKit/537.36 (KHTML, like Gecko) Chrome/115.0.0.0 Safari/537.36 Edg/115.0.1901.203"
47.92.6.139 - - [18/Aug/2023:10:18:01 +0800] "GET /ajax.php?act=comps HTTP/1.1" 200 24047 "http://www.xeryx.top/index.php" "Mozilla/5.0 (Windows NT 10.0; Win64; x64) AppleWebKit/537.36 (KHTML, like Gecko) Chrome/115.0.0.0 Safari/537.36 Edg/115.0.1901.203"
47.92.6.139 - - [18/Aug/2023:10:18:37 +0800] "POST /ajax.php?act=context HTTP/1.1" 200 59 "http://www.xeryx.top/index.php" "Mozilla/5.0 (Windows NT 10.0; Win64; x64) AppleWebKit/537.36 (KHTML, like Gecko) Chrome/115.0.0.0 Safari/537.36 Edg/115.0.1901.203"
47.92.6.139 - - [18/Aug/2023:10:18:39 +0800] "GET /ajax.php?act=comps HTTP/1.1" 200 16566 "http://www.xeryx.top/index.php" "Mozilla/5.0 (Windows NT 10.0; Win64; x64) AppleWebKit/537.36 (KHTML, like Gecko) Chrome/115.0.0.0 Safari/537.36 Edg/115.0.1901.203"
101.82.85.136 - - [18/Aug/2023:10:19:08 +0800] "POST /ajax.php?act=context HTTP/1.1" 200 59 "http://www.xeryx.top/index.php" "Mozilla/5.0 (Windows NT 10.0; Win64; x64) AppleWebKit/537.36 (KHTML, like Gecko) Chrome/115.0.0.0 Safari/537.36 Edg/115.0.1901.203"
101.82.85.136 - - [18/Aug/2023:10:19:14 +0800] "GET /ajax.php?act=comps HTTP/1.1" 200 80493 "http://www.xeryx.top/index.php" "Mozilla/5.0 (Windows NT 10.0; Win64; x64) AppleWebKit/537.36 (KHTML, like Gecko) Chrome/115.0.0.0 Safari/537.36 Edg/115.0.1901.203"
101.82.85.136 - - [18/Aug/2023:10:20:22 +0800] "POST /ajax.php?act=context HTTP/1.1" 200 59 "http://www.xeryx.top/index.php" "Mozilla/5.0 (Windows NT 10.0; Win64; x64) AppleWebKit/537.36 (KHTML, like Gecko) Chrome/115.0.0.0 Safari/537.36 Edg/115.0.1901.203"
101.82.85.136 - - [18/Aug/2023:10:20:29 +0800] "GET /ajax.php?act=comps HTTP/1.1" 200 98652 "http://www.xeryx.top/index.php" "Mozilla/5.0 (Windows NT 10.0; Win64; x64) AppleWebKit/537.36 (KHTML, like Gecko) Chrome/115.0.0.0 Safari/537.36 Edg/115.0.1901.203"
222.128.117.141 - - [18/Aug/2023:10:20:41 +0800] "GET /index.php HTTP/1.1" 200 4473 "http://www.xeryx.top/user/login.php" "Mozilla/5.0 (Windows NT 10.0; Win64; x64) AppleWebKit/537.36 (KHTML, like Gecko) Chrome/115.0.0.0 Safari/537.36 Edg/115.0.1901.203"
222.128.117.141 - - [18/Aug/2023:10:20:49 +0800] "POST /ajax.php?act=context HTTP/1.1" 200 59 "http://www.xeryx.top/index.php" "Mozilla/5.0 (Windows NT 10.0; Win64; x64) AppleWebKit/537.36 (KHTML, like Gecko) Chrome/115.0.0.0 Safari/537.36 Edg/115.0.1901.203"
222.128.117.141 - - [18/Aug/2023:10:20:51 +0800] "GET /ajax.php?act=comps HTTP/1.1" 200 23947 "http://www.xeryx.top/index.php" "Mozilla/5.0 (Windows NT 10.0; Win64; x64) AppleWebKit/537.36 (KHTML, like Gecko) Chrome/115.0.0.0 Safari/537.36 Edg/115.0.1901.203"
222.128.117.141 - - [18/Aug/2023:10:21:04 +0800] "POST /ajax.php?act=context HTTP/1.1" 200 59 "http://www.xeryx.top/index.php" "Mozilla/5.0 (Windows NT 10.0; Win64; x64) AppleWebKit/537.36 (KHTML, like Gecko) Chrome/115.0.0.0 Safari/537.36 Edg/115.0.1901.203"
222.128.117.141 - - [18/Aug/2023:10:21:06 +0800] "GET /ajax.php?act=comps HTTP/1.1" 200 26944 "http://www.xeryx.top/index.php" "Mozilla/5.0 (Windows NT 10.0; Win64; x64) AppleWebKit/537.36 (KHTML, like Gecko) Chrome/115.0.0.0 Safari/537.36 Edg/115.0.1901.203"
101.82.85.136 - - [18/Aug/2023:10:22:25 +0800] "POST /ajax.php?act=context HTTP/1.1" 200 59 "http://www.xeryx.top/index.php" "Mozilla/5.0 (Windows NT 10.0; Win64; x64) AppleWebKit/537.36 (KHTML, like Gecko) Chrome/115.0.0.0 Safari/537.36 Edg/115.0.1901.203"
101.82.85.136 - - [18/Aug/2023:10:22:31 +0800] "GET /ajax.php?act=comps HTTP/1.1" 200 81527 "http://www.xeryx.top/index.php" "Mozilla/5.0 (Windows NT 10.0; Win64; x64) AppleWebKit/537.36 (KHTML, like Gecko) Chrome/115.0.0.0 Safari/537.36 Edg/115.0.1901.203"
101.82.85.136 - - [18/Aug/2023:10:24:11 +0800] "POST /ajax.php?act=context HTTP/1.1" 200 59 "http://www.xeryx.top/index.php" "Mozilla/5.0 (Windows NT 10.0; Win64; x64) AppleWebKit/537.36 (KHTML, like Gecko) Chrome/115.0.0.0 Safari/537.36 Edg/115.0.1901.203"
101.82.85.136 - - [18/Aug/2023:10:24:14 +0800] "GET /ajax.php?act=comps HTTP/1.1" 200 41042 "http://www.xeryx.top/index.php" "Mozilla/5.0 (Windows NT 10.0; Win64; x64) AppleWebKit/537.36 (KHTML, like Gecko) Chrome/115.0.0.0 Safari/537.36 Edg/115.0.1901.203"
114.95.169.40 - - [18/Aug/2023:10:24:37 +0800] "POST /ajax.php?act=context HTTP/1.1" 200 59 "http://www.xeryx.top/index.php" "Mozilla/5.0 (Windows NT 10.0; Win64; x64) AppleWebKit/537.36 (KHTML, like Gecko) Chrome/115.0.0.0 Safari/537.36"
114.95.169.40 - - [18/Aug/2023:10:24:42 +0800] "GET /ajax.php?act=comps HTTP/1.1" 200 81229 "http://www.xeryx.top/index.php" "Mozilla/5.0 (Windows NT 10.0; Win64; x64) AppleWebKit/537.36 (KHTML, like Gecko) Chrome/115.0.0.0 Safari/537.36"
101.82.85.136 - - [18/Aug/2023:10:24:54 +0800] "POST /ajax.php?act=context HTTP/1.1" 200 59 "http://www.xeryx.top/index.php" "Mozilla/5.0 (Windows NT 10.0; Win64; x64) AppleWebKit/537.36 (KHTML, like Gecko) Chrome/115.0.0.0 Safari/537.36 Edg/115.0.1901.203"
101.82.85.136 - - [18/Aug/2023:10:25:02 +0800] "GET /ajax.php?act=comps HTTP/1.1" 200 78891 "http://www.xeryx.top/index.php" "Mozilla/5.0 (Windows NT 10.0; Win64; x64) AppleWebKit/537.36 (KHTML, like Gecko) Chrome/115.0.0.0 Safari/537.36 Edg/115.0.1901.203"
120.244.122.7 - - [18/Aug/2023:10:25:08 +0800] "POST /ajax.php?act=context HTTP/1.1" 200 59 "http://www.xeryx.top/index.php" "Mozilla/5.0 (Windows NT 10.0; Win64; x64) AppleWebKit/537.36 (KHTML, like Gecko) Chrome/116.0.0.0 Safari/537.36"
120.244.122.7 - - [18/Aug/2023:10:25:10 +0800] "GET /ajax.php?act=comps HTTP/1.1" 200 20500 "http://www.xeryx.top/index.php" "Mozilla/5.0 (Windows NT 10.0; Win64; x64) AppleWebKit/537.36 (KHTML, like Gecko) Chrome/116.0.0.0 Safari/537.36"
120.244.122.7 - - [18/Aug/2023:10:25:19 +0800] "POST /ajax.php?act=context HTTP/1.1" 200 59 "http://www.xeryx.top/index.php" "Mozilla/5.0 (Windows NT 10.0; Win64; x64) AppleWebKit/537.36 (KHTML, like Gecko) Chrome/116.0.0.0 Safari/537.36"
120.244.122.7 - - [18/Aug/2023:10:25:24 +0800] "GET /ajax.php?act=comps HTTP/1.1" 200 66309 "http://www.xeryx.top/index.php" "Mozilla/5.0 (Windows NT 10.0; Win64; x64) AppleWebKit/537.36 (KHTML, like Gecko) Chrome/116.0.0.0 Safari/537.36"
114.95.169.40 - - [18/Aug/2023:10:25:26 +0800] "POST /ajax.php?act=context HTTP/1.1" 200 59 "http://www.xeryx.top/index.php" "Mozilla/5.0 (Windows NT 10.0; Win64; x64) AppleWebKit/537.36 (KHTML, like Gecko) Chrome/115.0.0.0 Safari/537.36"
114.95.169.40 - - [18/Aug/2023:10:25:29 +0800] "GET /ajax.php?act=comps HTTP/1.1" 200 41738 "http://www.xeryx.top/index.php" "Mozilla/5.0 (Windows NT 10.0; Win64; x64) AppleWebKit/537.36 (KHTML, like Gecko) Chrome/115.0.0.0 Safari/537.36"
39.144.4.190 - - [18/Aug/2023:10:26:38 +0800] "POST /ajax.php?act=context HTTP/1.1" 200 59 "http://www.xeryx.top/index.php" "Mozilla/5.0 (Windows NT 10.0; Win64; x64) AppleWebKit/537.36 (KHTML, like Gecko) Chrome/115.0.0.0 Safari/537.36 Edg/115.0.1901.203"
39.144.4.190 - - [18/Aug/2023:10:26:39 +0800] "GET /ajax.php?act=comps HTTP/1.1" 200 5286 "http://www.xeryx.top/index.php" "Mozilla/5.0 (Windows NT 10.0; Win64; x64) AppleWebKit/537.36 (KHTML, like Gecko) Chrome/115.0.0.0 Safari/537.36 Edg/115.0.1901.203"
47.92.175.167 - - [18/Aug/2023:10:27:04 +0800] "POST /ajax.php?act=context HTTP/1.1" 200 59 "http://www.xeryx.top/index.php" "Mozilla/5.0 (Windows NT 10.0; Win64; x64) AppleWebKit/537.36 (KHTML, like Gecko) Chrome/92.0.4515.131 Safari/537.36 SLBrowser/8.0.1.4031 SLBChan/105"
47.92.175.167 - - [18/Aug/2023:10:27:07 +0800] "GET /ajax.php?act=comps HTTP/1.1" 200 29402 "http://www.xeryx.top/index.php" "Mozilla/5.0 (Windows NT 10.0; Win64; x64) AppleWebKit/537.36 (KHTML, like Gecko) Chrome/92.0.4515.131 Safari/537.36 SLBrowser/8.0.1.4031 SLBChan/105"
120.244.122.7 - - [18/Aug/2023:10:27:28 +0800] "POST /ajax.php?act=context HTTP/1.1" 200 59 "http://www.xeryx.top/index.php" "Mozilla/5.0 (Windows NT 10.0; Win64; x64) AppleWebKit/537.36 (KHTML, like Gecko) Chrome/116.0.0.0 Safari/537.36"
120.244.122.7 - - [18/Aug/2023:10:27:30 +0800] "GET /ajax.php?act=comps HTTP/1.1" 200 21891 "http://www.xeryx.top/index.php" "Mozilla/5.0 (Windows NT 10.0; Win64; x64) AppleWebKit/537.36 (KHTML, like Gecko) Chrome/116.0.0.0 Safari/537.36"
101.82.85.136 - - [18/Aug/2023:10:28:19 +0800] "POST /ajax.php?act=context HTTP/1.1" 200 59 "http://www.xeryx.top/index.php" "Mozilla/5.0 (Windows NT 10.0; Win64; x64) AppleWebKit/537.36 (KHTML, like Gecko) Chrome/115.0.0.0 Safari/537.36 Edg/115.0.1901.203"
101.82.85.136 - - [18/Aug/2023:10:28:25 +0800] "GET /ajax.php?act=comps HTTP/1.1" 200 93112 "http://www.xeryx.top/index.php" "Mozilla/5.0 (Windows NT 10.0; Win64; x64) AppleWebKit/537.36 (KHTML, like Gecko) Chrome/115.0.0.0 Safari/537.36 Edg/115.0.1901.203"
101.82.85.136 - - [18/Aug/2023:10:28:45 +0800] "POST /ajax.php?act=context HTTP/1.1" 200 59 "http://www.xeryx.top/index.php" "Mozilla/5.0 (Windows NT 10.0; Win64; x64) AppleWebKit/537.36 (KHTML, like Gecko) Chrome/115.0.0.0 Safari/537.36 Edg/115.0.1901.203"
101.82.85.136 - - [18/Aug/2023:10:28:52 +0800] "GET /ajax.php?act=comps HTTP/1.1" 200 93112 "http://www.xeryx.top/index.php" "Mozilla/5.0 (Windows NT 10.0; Win64; x64) AppleWebKit/537.36 (KHTML, like Gecko) Chrome/115.0.0.0 Safari/537.36 Edg/115.0.1901.203"
221.221.163.51 - - [18/Aug/2023:10:29:19 +0800] "POST /ajax.php?act=context HTTP/1.1" 200 59 "http://www.xeryx.top/index.php" "Mozilla/5.0 (Windows NT 10.0; Win64; x64) AppleWebKit/537.36 (KHTML, like Gecko) Chrome/92.0.4515.131 Safari/537.36 SLBrowser/8.0.1.5162 SLBChan/105"
221.221.163.51 - - [18/Aug/2023:10:29:24 +0800] "GET /ajax.php?act=comps HTTP/1.1" 200 75706 "http://www.xeryx.top/index.php" "Mozilla/5.0 (Windows NT 10.0; Win64; x64) AppleWebKit/537.36 (KHTML, like Gecko) Chrome/92.0.4515.131 Safari/537.36 SLBrowser/8.0.1.5162 SLBChan/105"
159.226.43.10 - - [18/Aug/2023:10:29:35 +0800] "POST /ajax.php?act=context HTTP/1.1" 408 0 "http://www.xeryx.top/index.php" "Mozilla/5.0 (Windows NT 10.0; WOW64) AppleWebKit/537.36 (KHTML, like Gecko) Chrome/86.0.4240.198 Safari/537.36"
159.226.43.10 - - [18/Aug/2023:10:29:48 +0800] "GET /index.php HTTP/1.1" 200 4473 "http://www.xeryx.top/index.php" "Mozilla/5.0 (Windows NT 10.0; WOW64) AppleWebKit/537.36 (KHTML, like Gecko) Chrome/86.0.4240.198 Safari/537.36"
159.226.43.10 - - [18/Aug/2023:10:29:59 +0800] "GET /index.php HTTP/1.1" 200 4473 "http://www.xeryx.top/index.php" "Mozilla/5.0 (Windows NT 10.0; WOW64) AppleWebKit/537.36 (KHTML, like Gecko) Chrome/86.0.4240.198 Safari/537.36"
120.244.122.7 - - [18/Aug/2023:10:30:00 +0800] "POST /ajax.php?act=context HTTP/1.1" 200 59 "http://www.xeryx.top/index.php" "Mozilla/5.0 (Windows NT 10.0; Win64; x64) AppleWebKit/537.36 (KHTML, like Gecko) Chrome/116.0.0.0 Safari/537.36"
120.244.122.7 - - [18/Aug/2023:10:30:02 +0800] "GET /ajax.php?act=comps HTTP/1.1" 200 21472 "http://www.xeryx.top/index.php" "Mozilla/5.0 (Windows NT 10.0; Win64; x64) AppleWebKit/537.36 (KHTML, like Gecko) Chrome/116.0.0.0 Safari/537.36"
159.226.43.10 - - [18/Aug/2023:10:30:08 +0800] "GET /index.php?_pjax=%23pjax-container HTTP/1.1" 200 4473 "http://www.xeryx.top/index.php" "Mozilla/5.0 (Windows NT 10.0; WOW64) AppleWebKit/537.36 (KHTML, like Gecko) Chrome/86.0.4240.198 Safari/537.36"
159.226.43.10 - - [18/Aug/2023:10:30:12 +0800] "POST /ajax.php?act=context HTTP/1.1" 408 0 "http://www.xeryx.top/index.php" "Mozilla/5.0 (Windows NT 10.0; WOW64) AppleWebKit/537.36 (KHTML, like Gecko) Chrome/86.0.4240.198 Safari/537.36"
159.226.43.10 - - [18/Aug/2023:10:30:23 +0800] "POST /ajax.php?act=context HTTP/1.1" 200 59 "http://www.xeryx.top/index.php" "Mozilla/5.0 (Windows NT 10.0; WOW64) AppleWebKit/537.36 (KHTML, like Gecko) Chrome/86.0.4240.198 Safari/537.36"
159.226.43.10 - - [18/Aug/2023:10:30:25 +0800] "GET /ajax.php?act=comps HTTP/1.1" 200 25218 "http://www.xeryx.top/index.php" "Mozilla/5.0 (Windows NT 10.0; WOW64) AppleWebKit/537.36 (KHTML, like Gecko) Chrome/86.0.4240.198 Safari/537.36"
120.244.122.7 - - [18/Aug/2023:10:31:13 +0800] "POST /ajax.php?act=context HTTP/1.1" 200 59 "http://www.xeryx.top/index.php" "Mozilla/5.0 (Windows NT 10.0; Win64; x64) AppleWebKit/537.36 (KHTML, like Gecko) Chrome/116.0.0.0 Safari/537.36"
120.244.122.7 - - [18/Aug/2023:10:31:15 +0800] "GET /ajax.php?act=comps HTTP/1.1" 200 21472 "http://www.xeryx.top/index.php" "Mozilla/5.0 (Windows NT 10.0; Win64; x64) AppleWebKit/537.36 (KHTML, like Gecko) Chrome/116.0.0.0 Safari/537.36"
120.244.122.7 - - [18/Aug/2023:10:31:38 +0800] "POST /ajax.php?act=context HTTP/1.1" 200 59 "http://www.xeryx.top/index.php" "Mozilla/5.0 (Windows NT 10.0; Win64; x64) AppleWebKit/537.36 (KHTML, like Gecko) Chrome/116.0.0.0 Safari/537.36"
120.244.122.7 - - [18/Aug/2023:10:31:43 +0800] "GET /ajax.php?act=comps HTTP/1.1" 200 24594 "http://www.xeryx.top/index.php" "Mozilla/5.0 (Windows NT 10.0; Win64; x64) AppleWebKit/537.36 (KHTML, like Gecko) Chrome/116.0.0.0 Safari/537.36"
101.82.85.136 - - [18/Aug/2023:10:32:29 +0800] "POST /ajax.php?act=context HTTP/1.1" 200 59 "http://www.xeryx.top/index.php" "Mozilla/5.0 (Windows NT 10.0; Win64; x64) AppleWebKit/537.36 (KHTML, like Gecko) Chrome/115.0.0.0 Safari/537.36 Edg/115.0.1901.203"
101.82.85.136 - - [18/Aug/2023:10:32:34 +0800] "GET /ajax.php?act=comps HTTP/1.1" 200 64613 "http://www.xeryx.top/index.php" "Mozilla/5.0 (Windows NT 10.0; Win64; x64) AppleWebKit/537.36 (KHTML, like Gecko) Chrome/115.0.0.0 Safari/537.36 Edg/115.0.1901.203"
221.221.161.140 - - [18/Aug/2023:10:33:42 +0800] "GET /index.php HTTP/1.1" 200 4473 "http://www.xeryx.top/user/login.php" "Mozilla/5.0 (Windows NT 10.0; Win64; x64) AppleWebKit/537.36 (KHTML, like Gecko) Chrome/116.0.0.0 Safari/537.36"
221.221.161.140 - - [18/Aug/2023:10:33:46 +0800] "GET /index.php HTTP/1.1" 200 4473 "http://www.xeryx.top/user/login.php" "Mozilla/5.0 (Windows NT 10.0; Win64; x64) AppleWebKit/537.36 (KHTML, like Gecko) Chrome/116.0.0.0 Safari/537.36"
101.82.85.136 - - [18/Aug/2023:10:34:04 +0800] "POST /ajax.php?act=context HTTP/1.1" 200 59 "http://www.xeryx.top/index.php" "Mozilla/5.0 (Windows NT 10.0; Win64; x64) AppleWebKit/537.36 (KHTML, like Gecko) Chrome/115.0.0.0 Safari/537.36 Edg/115.0.1901.203"
47.92.6.139 - - [18/Aug/2023:10:34:08 +0800] "POST /ajax.php?act=context HTTP/1.1" 200 59 "http://www.xeryx.top/index.php" "Mozilla/5.0 (Windows NT 10.0; Win64; x64) AppleWebKit/537.36 (KHTML, like Gecko) Chrome/115.0.0.0 Safari/537.36 Edg/115.0.1901.203"
101.82.85.136 - - [18/Aug/2023:10:34:09 +0800] "GET /ajax.php?act=comps HTTP/1.1" 200 82060 "http://www.xeryx.top/index.php" "Mozilla/5.0 (Windows NT 10.0; Win64; x64) AppleWebKit/537.36 (KHTML, like Gecko) Chrome/115.0.0.0 Safari/537.36 Edg/115.0.1901.203"
47.92.6.139 - - [18/Aug/2023:10:34:11 +0800] "GET /ajax.php?act=comps HTTP/1.1" 200 33563 "http://www.xeryx.top/index.php" "Mozilla/5.0 (Windows NT 10.0; Win64; x64) AppleWebKit/537.36 (KHTML, like Gecko) Chrome/115.0.0.0 Safari/537.36 Edg/115.0.1901.203"
39.144.4.190 - - [18/Aug/2023:10:34:33 +0800] "POST /ajax.php?act=context HTTP/1.1" 200 59 "http://www.xeryx.top/index.php" "Mozilla/5.0 (Windows NT 10.0; Win64; x64) AppleWebKit/537.36 (KHTML, like Gecko) Chrome/115.0.0.0 Safari/537.36 Edg/115.0.1901.203"
120.244.122.7 - - [18/Aug/2023:10:34:34 +0800] "POST /ajax.php?act=context HTTP/1.1" 200 59 "http://www.xeryx.top/index.php" "Mozilla/5.0 (Windows NT 10.0; Win64; x64) AppleWebKit/537.36 (KHTML, like Gecko) Chrome/116.0.0.0 Safari/537.36"
120.244.122.7 - - [18/Aug/2023:10:34:37 +0800] "GET /ajax.php?act=comps HTTP/1.1" 200 31270 "http://www.xeryx.top/index.php" "Mozilla/5.0 (Windows NT 10.0; Win64; x64) AppleWebKit/537.36 (KHTML, like Gecko) Chrome/116.0.0.0 Safari/537.36"
39.144.4.190 - - [18/Aug/2023:10:34:39 +0800] "GET /ajax.php?act=comps HTTP/1.1" 200 69828 "http://www.xeryx.top/index.php" "Mozilla/5.0 (Windows NT 10.0; Win64; x64) AppleWebKit/537.36 (KHTML, like Gecko) Chrome/115.0.0.0 Safari/537.36 Edg/115.0.1901.203"
120.244.122.7 - - [18/Aug/2023:10:35:42 +0800] "POST /ajax.php?act=context HTTP/1.1" 200 59 "http://www.xeryx.top/index.php" "Mozilla/5.0 (Windows NT 10.0; Win64; x64) AppleWebKit/537.36 (KHTML, like Gecko) Chrome/116.0.0.0 Safari/537.36"
120.244.122.7 - - [18/Aug/2023:10:35:45 +0800] "GET /ajax.php?act=comps HTTP/1.1" 200 28371 "http://www.xeryx.top/index.php" "Mozilla/5.0 (Windows NT 10.0; Win64; x64) AppleWebKit/537.36 (KHTML, like Gecko) Chrome/116.0.0.0 Safari/537.36"
120.244.122.7 - - [18/Aug/2023:10:37:03 +0800] "POST /ajax.php?act=context HTTP/1.1" 200 59 "http://www.xeryx.top/index.php" "Mozilla/5.0 (Windows NT 10.0; Win64; x64) AppleWebKit/537.36 (KHTML, like Gecko) Chrome/116.0.0.0 Safari/537.36"
120.244.122.7 - - [18/Aug/2023:10:37:06 +0800] "GET /ajax.php?act=comps HTTP/1.1" 200 32397 "http://www.xeryx.top/index.php" "Mozilla/5.0 (Windows NT 10.0; Win64; x64) AppleWebKit/537.36 (KHTML, like Gecko) Chrome/116.0.0.0 Safari/537.36"
120.244.122.7 - - [18/Aug/2023:10:38:08 +0800] "POST /ajax.php?act=context HTTP/1.1" 200 59 "http://www.xeryx.top/index.php" "Mozilla/5.0 (Windows NT 10.0; Win64; x64) AppleWebKit/537.36 (KHTML, like Gecko) Chrome/116.0.0.0 Safari/537.36"
120.244.122.7 - - [18/Aug/2023:10:38:10 +0800] "GET /ajax.php?act=comps HTTP/1.1" 200 31747 "http://www.xeryx.top/index.php" "Mozilla/5.0 (Windows NT 10.0; Win64; x64) AppleWebKit/537.36 (KHTML, like Gecko) Chrome/116.0.0.0 Safari/537.36"
159.226.43.10 - - [18/Aug/2023:10:39:25 +0800] "POST /ajax.php?act=context HTTP/1.1" 200 59 "http://www.xeryx.top/index.php" "Mozilla/5.0 (Windows NT 10.0; WOW64) AppleWebKit/537.36 (KHTML, like Gecko) Chrome/86.0.4240.198 Safari/537.36"
159.226.43.10 - - [18/Aug/2023:10:39:27 +0800] "GET /ajax.php?act=comps HTTP/1.1" 200 23964 "http://www.xeryx.top/index.php" "Mozilla/5.0 (Windows NT 10.0; WOW64) AppleWebKit/537.36 (KHTML, like Gecko) Chrome/86.0.4240.198 Safari/537.36"
52.167.144.223 - - [18/Aug/2023:10:40:24 +0800] "GET /user/signup.php HTTP/1.1" 200 1758 "-" "Mozilla/5.0 AppleWebKit/537.36 (KHTML, like Gecko; compatible; bingbot/2.0; +http://www.bing.com/bingbot.htm) Chrome/103.0.5060.134 Safari/537.36"
120.244.122.7 - - [18/Aug/2023:10:41:07 +0800] "POST /ajax.php?act=context HTTP/1.1" 200 59 "http://www.xeryx.top/index.php" "Mozilla/5.0 (Windows NT 10.0; Win64; x64) AppleWebKit/537.36 (KHTML, like Gecko) Chrome/116.0.0.0 Safari/537.36"
120.244.122.7 - - [18/Aug/2023:10:41:13 +0800] "GET /ajax.php?act=comps HTTP/1.1" 200 65983 "http://www.xeryx.top/index.php" "Mozilla/5.0 (Windows NT 10.0; Win64; x64) AppleWebKit/537.36 (KHTML, like Gecko) Chrome/116.0.0.0 Safari/537.36"
120.244.122.7 - - [18/Aug/2023:10:42:22 +0800] "POST /ajax.php?act=context HTTP/1.1" 200 59 "http://www.xeryx.top/index.php" "Mozilla/5.0 (Windows NT 10.0; Win64; x64) AppleWebKit/537.36 (KHTML, like Gecko) Chrome/116.0.0.0 Safari/537.36"
120.244.122.7 - - [18/Aug/2023:10:42:25 +0800] "GET /ajax.php?act=comps HTTP/1.1" 200 31519 "http://www.xeryx.top/index.php" "Mozilla/5.0 (Windows NT 10.0; Win64; x64) AppleWebKit/537.36 (KHTML, like Gecko) Chrome/116.0.0.0 Safari/537.36"
221.221.163.51 - - [18/Aug/2023:10:42:39 +0800] "POST /ajax.php?act=context HTTP/1.1" 200 59 "http://www.xeryx.top/index.php" "Mozilla/5.0 (Windows NT 10.0; Win64; x64) AppleWebKit/537.36 (KHTML, like Gecko) Chrome/116.0.0.0 Safari/537.36 Edg/116.0.0.0"
221.221.163.51 - - [18/Aug/2023:10:42:43 +0800] "GET /ajax.php?act=comps HTTP/1.1" 200 54075 "http://www.xeryx.top/index.php" "Mozilla/5.0 (Windows NT 10.0; Win64; x64) AppleWebKit/537.36 (KHTML, like Gecko) Chrome/116.0.0.0 Safari/537.36 Edg/116.0.0.0"
120.244.122.7 - - [18/Aug/2023:10:42:49 +0800] "POST /ajax.php?act=context HTTP/1.1" 200 59 "http://www.xeryx.top/index.php" "Mozilla/5.0 (Windows NT 10.0; Win64; x64) AppleWebKit/537.36 (KHTML, like Gecko) Chrome/116.0.0.0 Safari/537.36"
120.244.122.7 - - [18/Aug/2023:10:42:52 +0800] "GET /ajax.php?act=comps HTTP/1.1" 200 41822 "http://www.xeryx.top/index.php" "Mozilla/5.0 (Windows NT 10.0; Win64; x64) AppleWebKit/537.36 (KHTML, like Gecko) Chrome/116.0.0.0 Safari/537.36"
221.221.160.114 - - [18/Aug/2023:10:43:24 +0800] "GET /index.php HTTP/1.1" 200 4480 "-" "Mozilla/5.0 (Windows NT 10.0; Win64; x64) AppleWebKit/537.36 (KHTML, like Gecko) Chrome/115.0.0.0 Safari/537.36 Edg/115.0.1901.203"
120.244.122.7 - - [18/Aug/2023:10:43:38 +0800] "POST /ajax.php?act=context HTTP/1.1" 200 59 "http://www.xeryx.top/index.php" "Mozilla/5.0 (Windows NT 10.0; Win64; x64) AppleWebKit/537.36 (KHTML, like Gecko) Chrome/116.0.0.0 Safari/537.36"
120.244.122.7 - - [18/Aug/2023:10:43:42 +0800] "GET /ajax.php?act=comps HTTP/1.1" 200 56751 "http://www.xeryx.top/index.php" "Mozilla/5.0 (Windows NT 10.0; Win64; x64) AppleWebKit/537.36 (KHTML, like Gecko) Chrome/116.0.0.0 Safari/537.36"
221.221.163.6 - - [18/Aug/2023:10:43:45 +0800] "POST /ajax.php?act=context HTTP/1.1" 200 59 "http://www.xeryx.top/index.php" "Mozilla/5.0 (Windows NT 10.0; Win64; x64) AppleWebKit/537.36 (KHTML, like Gecko) Chrome/116.0.0.0 Safari/537.36 Edg/116.0.0.0"
221.221.163.6 - - [18/Aug/2023:10:43:49 +0800] "GET /ajax.php?act=comps HTTP/1.1" 200 60149 "http://www.xeryx.top/index.php" "Mozilla/5.0 (Windows NT 10.0; Win64; x64) AppleWebKit/537.36 (KHTML, like Gecko) Chrome/116.0.0.0 Safari/537.36 Edg/116.0.0.0"
221.221.162.31 - - [18/Aug/2023:10:44:00 +0800] "GET /user/login.php HTTP/1.1" 200 1718 "http://www.xeryx.top/index.php" "Mozilla/5.0 (Windows NT 10.0; Win64; x64) AppleWebKit/537.36 (KHTML, like Gecko) Chrome/115.0.0.0 Safari/537.36 Edg/115.0.1901.203"
221.221.162.33 - - [18/Aug/2023:10:44:01 +0800] "GET /assets/fonts/inter/inter-v11-latin-500.woff2 HTTP/1.1" 200 17448 "http://www.xeryx.top/assets/css/oneui.min-5.6.css" "Mozilla/5.0 (Windows NT 10.0; Win64; x64) AppleWebKit/537.36 (KHTML, like Gecko) Chrome/115.0.0.0 Safari/537.36 Edg/115.0.1901.203"
120.244.122.7 - - [18/Aug/2023:10:44:06 +0800] "POST /ajax.php?act=context HTTP/1.1" 200 59 "http://www.xeryx.top/index.php" "Mozilla/5.0 (Windows NT 10.0; Win64; x64) AppleWebKit/537.36 (KHTML, like Gecko) Chrome/116.0.0.0 Safari/537.36"
221.221.162.33 - - [18/Aug/2023:10:44:08 +0800] "POST /user/common.php?action=login HTTP/1.1" 200 104 "http://www.xeryx.top/user/login.php" "Mozilla/5.0 (Windows NT 10.0; Win64; x64) AppleWebKit/537.36 (KHTML, like Gecko) Chrome/115.0.0.0 Safari/537.36 Edg/115.0.1901.203"
120.244.122.7 - - [18/Aug/2023:10:44:09 +0800] "GET /ajax.php?act=comps HTTP/1.1" 200 48730 "http://www.xeryx.top/index.php" "Mozilla/5.0 (Windows NT 10.0; Win64; x64) AppleWebKit/537.36 (KHTML, like Gecko) Chrome/116.0.0.0 Safari/537.36"
221.221.162.33 - - [18/Aug/2023:10:44:10 +0800] "GET /index.php HTTP/1.1" 200 4473 "http://www.xeryx.top/user/login.php" "Mozilla/5.0 (Windows NT 10.0; Win64; x64) AppleWebKit/537.36 (KHTML, like Gecko) Chrome/115.0.0.0 Safari/537.36 Edg/115.0.1901.203"
221.221.162.238 - - [18/Aug/2023:10:44:32 +0800] "POST /ajax.php?act=context HTTP/1.1" 200 59 "http://www.xeryx.top/index.php" "Mozilla/5.0 (Windows NT 10.0; Win64; x64) AppleWebKit/537.36 (KHTML, like Gecko) Chrome/116.0.0.0 Safari/537.36 Edg/116.0.0.0"
221.221.162.33 - - [18/Aug/2023:10:44:37 +0800] "POST /ajax.php?act=context HTTP/1.1" 200 59 "http://www.xeryx.top/index.php" "Mozilla/5.0 (Windows NT 10.0; Win64; x64) AppleWebKit/537.36 (KHTML, like Gecko) Chrome/115.0.0.0 Safari/537.36 Edg/115.0.1901.203"
221.221.162.238 - - [18/Aug/2023:10:44:37 +0800] "GET /ajax.php?act=comps HTTP/1.1" 200 76485 "http://www.xeryx.top/index.php" "Mozilla/5.0 (Windows NT 10.0; Win64; x64) AppleWebKit/537.36 (KHTML, like Gecko) Chrome/116.0.0.0 Safari/537.36 Edg/116.0.0.0"
221.221.162.33 - - [18/Aug/2023:10:44:39 +0800] "GET /ajax.php?act=comps HTTP/1.1" 200 35257 "http://www.xeryx.top/index.php" "Mozilla/5.0 (Windows NT 10.0; Win64; x64) AppleWebKit/537.36 (KHTML, like Gecko) Chrome/115.0.0.0 Safari/537.36 Edg/115.0.1901.203"
120.244.122.7 - - [18/Aug/2023:10:45:40 +0800] "POST /ajax.php?act=context HTTP/1.1" 200 59 "http://www.xeryx.top/index.php" "Mozilla/5.0 (Windows NT 10.0; Win64; x64) AppleWebKit/537.36 (KHTML, like Gecko) Chrome/116.0.0.0 Safari/537.36"
120.244.122.7 - - [18/Aug/2023:10:45:43 +0800] "GET /ajax.php?act=comps HTTP/1.1" 200 29886 "http://www.xeryx.top/index.php" "Mozilla/5.0 (Windows NT 10.0; Win64; x64) AppleWebKit/537.36 (KHTML, like Gecko) Chrome/116.0.0.0 Safari/537.36"
221.221.162.251 - - [18/Aug/2023:10:45:57 +0800] "GET /index.php HTTP/1.1" 200 4473 "-" "Mozilla/5.0 (Windows NT 10.0; Win64; x64) AppleWebKit/537.36 (KHTML, like Gecko) Chrome/115.0.0.0 Safari/537.36 Edg/115.0.1901.203"
221.221.160.114 - - [18/Aug/2023:10:46:03 +0800] "GET /assets/fonts/simple-line-icons/Simple-Line-Icons.woff2?v=2.4.0 HTTP/1.1" 200 30064 "http://www.xeryx.top/assets/css/oneui.min-5.6.css" "Mozilla/5.0 (Windows NT 10.0; Win64; x64) AppleWebKit/537.36 (KHTML, like Gecko) Chrome/115.0.0.0 Safari/537.36 Edg/115.0.1901.203"
221.221.162.33 - - [18/Aug/2023:10:46:03 +0800] "GET /assets/fonts/fontawesome/fa-regular-400.woff2 HTTP/1.1" 200 25236 "http://www.xeryx.top/assets/css/oneui.min-5.6.css" "Mozilla/5.0 (Windows NT 10.0; Win64; x64) AppleWebKit/537.36 (KHTML, like Gecko) Chrome/115.0.0.0 Safari/537.36 Edg/115.0.1901.203"
221.221.162.251 - - [18/Aug/2023:10:46:03 +0800] "GET /assets/fonts/inter/inter-v11-latin-700.woff2 HTTP/1.1" 200 17592 "http://www.xeryx.top/assets/css/oneui.min-5.6.css" "Mozilla/5.0 (Windows NT 10.0; Win64; x64) AppleWebKit/537.36 (KHTML, like Gecko) Chrome/115.0.0.0 Safari/537.36 Edg/115.0.1901.203"
221.221.162.251 - - [18/Aug/2023:10:46:03 +0800] "GET /assets/fonts/inter/inter-v11-latin-600.woff2 HTTP/1.1" 200 17564 "http://www.xeryx.top/assets/css/oneui.min-5.6.css" "Mozilla/5.0 (Windows NT 10.0; Win64; x64) AppleWebKit/537.36 (KHTML, like Gecko) Chrome/115.0.0.0 Safari/537.36 Edg/115.0.1901.203"
221.221.160.114 - - [18/Aug/2023:10:46:03 +0800] "GET /assets/fonts/fontawesome/fa-solid-900.woff2 HTTP/1.1" 200 150516 "http://www.xeryx.top/assets/css/oneui.min-5.6.css" "Mozilla/5.0 (Windows NT 10.0; Win64; x64) AppleWebKit/537.36 (KHTML, like Gecko) Chrome/115.0.0.0 Safari/537.36 Edg/115.0.1901.203"
221.221.162.33 - - [18/Aug/2023:10:46:04 +0800] "GET /assets/js//config/chat.json HTTP/1.1" 200 51501 "http://www.xeryx.top/index.php" "Mozilla/5.0 (Windows NT 10.0; Win64; x64) AppleWebKit/537.36 (KHTML, like Gecko) Chrome/115.0.0.0 Safari/537.36 Edg/115.0.1901.203"
221.221.162.251 - - [18/Aug/2023:10:46:04 +0800] "GET /assets/fonts/inter/inter-v11-latin-regular.woff2 HTTP/1.1" 200 16608 "http://www.xeryx.top/assets/css/oneui.min-5.6.css" "Mozilla/5.0 (Windows NT 10.0; Win64; x64) AppleWebKit/537.36 (KHTML, like Gecko) Chrome/115.0.0.0 Safari/537.36 Edg/115.0.1901.203"
120.244.122.7 - - [18/Aug/2023:10:46:14 +0800] "POST /ajax.php?act=context HTTP/1.1" 200 59 "http://www.xeryx.top/index.php" "Mozilla/5.0 (Windows NT 10.0; Win64; x64) AppleWebKit/537.36 (KHTML, like Gecko) Chrome/116.0.0.0 Safari/537.36"
39.100.77.114 - - [18/Aug/2023:10:46:16 +0800] "POST /ajax.php?act=context HTTP/1.1" 200 59 "http://www.xeryx.top/index.php" "Mozilla/5.0 (Windows NT 10.0; Win64; x64) AppleWebKit/537.36 (KHTML, like Gecko) Chrome/115.0.0.0 Safari/537.36"
120.244.122.7 - - [18/Aug/2023:10:46:18 +0800] "GET /ajax.php?act=comps HTTP/1.1" 200 50014 "http://www.xeryx.top/index.php" "Mozilla/5.0 (Windows NT 10.0; Win64; x64) AppleWebKit/537.36 (KHTML, like Gecko) Chrome/116.0.0.0 Safari/537.36"
221.221.162.251 - - [18/Aug/2023:10:46:19 +0800] "POST /ajax.php?act=context HTTP/1.1" 200 59 "http://www.xeryx.top/index.php" "Mozilla/5.0 (Windows NT 10.0; Win64; x64) AppleWebKit/537.36 (KHTML, like Gecko) Chrome/116.0.0.0 Safari/537.36 Edg/116.0.0.0"
39.100.77.114 - - [18/Aug/2023:10:46:21 +0800] "GET /ajax.php?act=comps HTTP/1.1" 200 67283 "http://www.xeryx.top/index.php" "Mozilla/5.0 (Windows NT 10.0; Win64; x64) AppleWebKit/537.36 (KHTML, like Gecko) Chrome/115.0.0.0 Safari/537.36"
221.221.162.251 - - [18/Aug/2023:10:46:25 +0800] "GET /ajax.php?act=comps HTTP/1.1" 200 75320 "http://www.xeryx.top/index.php" "Mozilla/5.0 (Windows NT 10.0; Win64; x64) AppleWebKit/537.36 (KHTML, like Gecko) Chrome/116.0.0.0 Safari/537.36 Edg/116.0.0.0"
221.221.162.251 - - [18/Aug/2023:10:46:30 +0800] "POST /ajax.php?act=context HTTP/1.1" 200 59 "http://www.xeryx.top/index.php" "Mozilla/5.0 (Windows NT 10.0; Win64; x64) AppleWebKit/537.36 (KHTML, like Gecko) Chrome/115.0.0.0 Safari/537.36 Edg/115.0.1901.203"
221.221.162.251 - - [18/Aug/2023:10:46:31 +0800] "GET /ajax.php?act=comps HTTP/1.1" 200 9237 "http://www.xeryx.top/index.php" "Mozilla/5.0 (Windows NT 10.0; Win64; x64) AppleWebKit/537.36 (KHTML, like Gecko) Chrome/115.0.0.0 Safari/537.36 Edg/115.0.1901.203"
120.244.122.7 - - [18/Aug/2023:10:46:32 +0800] "POST /ajax.php?act=context HTTP/1.1" 200 59 "http://www.xeryx.top/index.php" "Mozilla/5.0 (Windows NT 10.0; Win64; x64) AppleWebKit/537.36 (KHTML, like Gecko) Chrome/116.0.0.0 Safari/537.36"
39.100.77.114 - - [18/Aug/2023:10:46:34 +0800] "POST /ajax.php?act=context HTTP/1.1" 200 59 "http://www.xeryx.top/index.php" "Mozilla/5.0 (Windows NT 10.0; Win64; x64) AppleWebKit/537.36 (KHTML, like Gecko) Chrome/115.0.0.0 Safari/537.36"
120.244.122.7 - - [18/Aug/2023:10:46:36 +0800] "GET /ajax.php?act=comps HTTP/1.1" 200 58098 "http://www.xeryx.top/index.php" "Mozilla/5.0 (Windows NT 10.0; Win64; x64) AppleWebKit/537.36 (KHTML, like Gecko) Chrome/116.0.0.0 Safari/537.36"
47.92.175.167 - - [18/Aug/2023:10:46:38 +0800] "GET /index.php HTTP/1.1" 200 4473 "-" "Mozilla/5.0 (Windows NT 10.0; Win64; x64) AppleWebKit/537.36 (KHTML, like Gecko) Chrome/92.0.4515.131 Safari/537.36 SLBrowser/8.0.1.4031 SLBChan/105"
39.100.77.114 - - [18/Aug/2023:10:46:39 +0800] "GET /ajax.php?act=comps HTTP/1.1" 200 66865 "http://www.xeryx.top/index.php" "Mozilla/5.0 (Windows NT 10.0; Win64; x64) AppleWebKit/537.36 (KHTML, like Gecko) Chrome/115.0.0.0 Safari/537.36"
39.100.77.114 - - [18/Aug/2023:10:46:42 +0800] "POST /ajax.php?act=context HTTP/1.1" 200 59 "http://www.xeryx.top/index.php" "Mozilla/5.0 (Windows NT 10.0; Win64; x64) AppleWebKit/537.36 (KHTML, like Gecko) Chrome/115.0.0.0 Safari/537.36"
221.221.162.251 - - [18/Aug/2023:10:46:42 +0800] "POST /ajax.php?act=context HTTP/1.1" 200 59 "http://www.xeryx.top/index.php" "Mozilla/5.0 (Windows NT 10.0; Win64; x64) AppleWebKit/537.36 (KHTML, like Gecko) Chrome/116.0.0.0 Safari/537.36 Edg/116.0.0.0"
221.221.162.251 - - [18/Aug/2023:10:46:44 +0800] "POST /ajax.php?act=context HTTP/1.1" 200 59 "http://www.xeryx.top/index.php" "Mozilla/5.0 (Windows NT 10.0; Win64; x64) AppleWebKit/537.36 (KHTML, like Gecko) Chrome/115.0.0.0 Safari/537.36 Edg/115.0.1901.203"
39.100.77.114 - - [18/Aug/2023:10:46:46 +0800] "GET /ajax.php?act=comps HTTP/1.1" 200 66865 "http://www.xeryx.top/index.php" "Mozilla/5.0 (Windows NT 10.0; Win64; x64) AppleWebKit/537.36 (KHTML, like Gecko) Chrome/115.0.0.0 Safari/537.36"
221.221.162.251 - - [18/Aug/2023:10:46:46 +0800] "GET /ajax.php?act=comps HTTP/1.1" 200 29155 "http://www.xeryx.top/index.php" "Mozilla/5.0 (Windows NT 10.0; Win64; x64) AppleWebKit/537.36 (KHTML, like Gecko) Chrome/115.0.0.0 Safari/537.36 Edg/115.0.1901.203"
221.221.162.251 - - [18/Aug/2023:10:46:54 +0800] "GET /ajax.php?act=comps HTTP/1.1" 200 156502 "http://www.xeryx.top/index.php" "Mozilla/5.0 (Windows NT 10.0; Win64; x64) AppleWebKit/537.36 (KHTML, like Gecko) Chrome/116.0.0.0 Safari/537.36 Edg/116.0.0.0"
221.221.163.51 - - [18/Aug/2023:10:48:47 +0800] "POST /ajax.php?act=context HTTP/1.1" 200 59 "http://www.xeryx.top/index.php" "Mozilla/5.0 (Windows NT 10.0; Win64; x64) AppleWebKit/537.36 (KHTML, like Gecko) Chrome/116.0.0.0 Safari/537.36 Edg/116.0.0.0"
47.92.175.167 - - [18/Aug/2023:10:48:47 +0800] "POST /ajax.php?act=context HTTP/1.1" 200 134 "http://www.xeryx.top/index.php" "Mozilla/5.0 (Windows NT 10.0; Win64; x64) AppleWebKit/537.36 (KHTML, like Gecko) Chrome/92.0.4515.131 Safari/537.36 SLBrowser/8.0.1.4031 SLBChan/105"
221.221.163.51 - - [18/Aug/2023:10:48:54 +0800] "GET /ajax.php?act=comps HTTP/1.1" 200 91448 "http://www.xeryx.top/index.php" "Mozilla/5.0 (Windows NT 10.0; Win64; x64) AppleWebKit/537.36 (KHTML, like Gecko) Chrome/116.0.0.0 Safari/537.36 Edg/116.0.0.0"
47.92.175.167 - - [18/Aug/2023:10:48:59 +0800] "GET /user/index.php?_pjax=%23pjax-container HTTP/1.1" 302 19674 "http://www.xeryx.top/index.php" "Mozilla/5.0 (Windows NT 10.0; Win64; x64) AppleWebKit/537.36 (KHTML, like Gecko) Chrome/92.0.4515.131 Safari/537.36 SLBrowser/8.0.1.4031 SLBChan/105"
47.92.175.167 - - [18/Aug/2023:10:48:59 +0800] "GET /user/login.php HTTP/1.1" 200 1718 "http://www.xeryx.top/index.php" "Mozilla/5.0 (Windows NT 10.0; Win64; x64) AppleWebKit/537.36 (KHTML, like Gecko) Chrome/92.0.4515.131 Safari/537.36 SLBrowser/8.0.1.4031 SLBChan/105"
47.92.175.167 - - [18/Aug/2023:10:49:00 +0800] "GET /user/index.php HTTP/1.1" 302 19674 "http://www.xeryx.top/index.php" "Mozilla/5.0 (Windows NT 10.0; Win64; x64) AppleWebKit/537.36 (KHTML, like Gecko) Chrome/92.0.4515.131 Safari/537.36 SLBrowser/8.0.1.4031 SLBChan/105"
47.92.175.167 - - [18/Aug/2023:10:49:00 +0800] "GET /user/login.php HTTP/1.1" 200 1718 "http://www.xeryx.top/index.php" "Mozilla/5.0 (Windows NT 10.0; Win64; x64) AppleWebKit/537.36 (KHTML, like Gecko) Chrome/92.0.4515.131 Safari/537.36 SLBrowser/8.0.1.4031 SLBChan/105"
47.92.175.167 - - [18/Aug/2023:10:49:05 +0800] "POST /user/common.php?action=login HTTP/1.1" 200 104 "http://www.xeryx.top/user/login.php" "Mozilla/5.0 (Windows NT 10.0; Win64; x64) AppleWebKit/537.36 (KHTML, like Gecko) Chrome/92.0.4515.131 Safari/537.36 SLBrowser/8.0.1.4031 SLBChan/105"
47.92.175.167 - - [18/Aug/2023:10:49:06 +0800] "GET /index.php HTTP/1.1" 200 4473 "http://www.xeryx.top/user/login.php" "Mozilla/5.0 (Windows NT 10.0; Win64; x64) AppleWebKit/537.36 (KHTML, like Gecko) Chrome/92.0.4515.131 Safari/537.36 SLBrowser/8.0.1.4031 SLBChan/105"
47.92.175.167 - - [18/Aug/2023:10:49:10 +0800] "POST /ajax.php?act=context HTTP/1.1" 200 59 "http://www.xeryx.top/index.php" "Mozilla/5.0 (Windows NT 10.0; Win64; x64) AppleWebKit/537.36 (KHTML, like Gecko) Chrome/92.0.4515.131 Safari/537.36 SLBrowser/8.0.1.4031 SLBChan/105"
47.92.175.167 - - [18/Aug/2023:10:49:11 +0800] "GET /ajax.php?act=comps HTTP/1.1" 200 4033 "http://www.xeryx.top/index.php" "Mozilla/5.0 (Windows NT 10.0; Win64; x64) AppleWebKit/537.36 (KHTML, like Gecko) Chrome/92.0.4515.131 Safari/537.36 SLBrowser/8.0.1.4031 SLBChan/105"
221.221.163.51 - - [18/Aug/2023:10:49:18 +0800] "POST /ajax.php?act=context HTTP/1.1" 200 59 "http://www.xeryx.top/index.php" "Mozilla/5.0 (Windows NT 10.0; Win64; x64) AppleWebKit/537.36 (KHTML, like Gecko) Chrome/116.0.0.0 Safari/537.36 Edg/116.0.0.0"
47.92.175.167 - - [18/Aug/2023:10:49:18 +0800] "POST /ajax.php?act=context HTTP/1.1" 200 59 "http://www.xeryx.top/index.php" "Mozilla/5.0 (Windows NT 10.0; Win64; x64) AppleWebKit/537.36 (KHTML, like Gecko) Chrome/92.0.4515.131 Safari/537.36 SLBrowser/8.0.1.4031 SLBChan/105"
47.92.175.167 - - [18/Aug/2023:10:49:22 +0800] "GET /ajax.php?act=comps HTTP/1.1" 200 45856 "http://www.xeryx.top/index.php" "Mozilla/5.0 (Windows NT 10.0; Win64; x64) AppleWebKit/537.36 (KHTML, like Gecko) Chrome/92.0.4515.131 Safari/537.36 SLBrowser/8.0.1.4031 SLBChan/105"
221.221.163.51 - - [18/Aug/2023:10:49:27 +0800] "GET /ajax.php?act=comps HTTP/1.1" 200 129405 "http://www.xeryx.top/index.php" "Mozilla/5.0 (Windows NT 10.0; Win64; x64) AppleWebKit/537.36 (KHTML, like Gecko) Chrome/116.0.0.0 Safari/537.36 Edg/116.0.0.0"
221.221.163.51 - - [18/Aug/2023:10:50:12 +0800] "POST /ajax.php?act=context HTTP/1.1" 200 59 "http://www.xeryx.top/index.php" "Mozilla/5.0 (Windows NT 10.0; Win64; x64) AppleWebKit/537.36 (KHTML, like Gecko) Chrome/116.0.0.0 Safari/537.36 Edg/116.0.0.0"
221.221.163.51 - - [18/Aug/2023:10:50:21 +0800] "GET /ajax.php?act=comps HTTP/1.1" 200 118884 "http://www.xeryx.top/index.php" "Mozilla/5.0 (Windows NT 10.0; Win64; x64) AppleWebKit/537.36 (KHTML, like Gecko) Chrome/116.0.0.0 Safari/537.36 Edg/116.0.0.0"
47.92.175.167 - - [18/Aug/2023:10:52:58 +0800] "POST /ajax.php?act=context HTTP/1.1" 200 59 "http://www.xeryx.top/index.php" "Mozilla/5.0 (Windows NT 10.0; Win64; x64) AppleWebKit/537.36 (KHTML, like Gecko) Chrome/92.0.4515.131 Safari/537.36 SLBrowser/8.0.1.4031 SLBChan/105"
47.92.175.167 - - [18/Aug/2023:10:52:59 +0800] "GET /ajax.php?act=comps HTTP/1.1" 200 11161 "http://www.xeryx.top/index.php" "Mozilla/5.0 (Windows NT 10.0; Win64; x64) AppleWebKit/537.36 (KHTML, like Gecko) Chrome/92.0.4515.131 Safari/537.36 SLBrowser/8.0.1.4031 SLBChan/105"
47.92.175.167 - - [18/Aug/2023:10:53:14 +0800] "POST /ajax.php?act=context HTTP/1.1" 200 59 "http://www.xeryx.top/index.php" "Mozilla/5.0 (Windows NT 10.0; Win64; x64) AppleWebKit/537.36 (KHTML, like Gecko) Chrome/92.0.4515.131 Safari/537.36 SLBrowser/8.0.1.4031 SLBChan/105"
47.92.175.167 - - [18/Aug/2023:10:53:16 +0800] "GET /ajax.php?act=comps HTTP/1.1" 200 41609 "http://www.xeryx.top/index.php" "Mozilla/5.0 (Windows NT 10.0; Win64; x64) AppleWebKit/537.36 (KHTML, like Gecko) Chrome/92.0.4515.131 Safari/537.36 SLBrowser/8.0.1.4031 SLBChan/105"
47.92.175.167 - - [18/Aug/2023:10:53:39 +0800] "POST /ajax.php?act=context HTTP/1.1" 200 59 "http://www.xeryx.top/index.php" "Mozilla/5.0 (Windows NT 10.0; Win64; x64) AppleWebKit/537.36 (KHTML, like Gecko) Chrome/92.0.4515.131 Safari/537.36 SLBrowser/8.0.1.4031 SLBChan/105"
47.92.175.167 - - [18/Aug/2023:10:53:40 +0800] "GET /ajax.php?act=comps HTTP/1.1" 200 1285 "http://www.xeryx.top/index.php" "Mozilla/5.0 (Windows NT 10.0; Win64; x64) AppleWebKit/537.36 (KHTML, like Gecko) Chrome/92.0.4515.131 Safari/537.36 SLBrowser/8.0.1.4031 SLBChan/105"
120.244.122.7 - - [18/Aug/2023:10:53:59 +0800] "POST /ajax.php?act=context HTTP/1.1" 200 59 "http://www.xeryx.top/index.php" "Mozilla/5.0 (Windows NT 10.0; Win64; x64) AppleWebKit/537.36 (KHTML, like Gecko) Chrome/116.0.0.0 Safari/537.36"
120.244.122.7 - - [18/Aug/2023:10:54:01 +0800] "GET /ajax.php?act=comps HTTP/1.1" 200 37183 "http://www.xeryx.top/index.php" "Mozilla/5.0 (Windows NT 10.0; Win64; x64) AppleWebKit/537.36 (KHTML, like Gecko) Chrome/116.0.0.0 Safari/537.36"
39.100.87.147 - - [18/Aug/2023:10:54:14 +0800] "POST /ajax.php?act=context HTTP/1.1" 200 59 "http://www.xeryx.top/index.php" "Mozilla/5.0 (Windows NT 10.0; Win64; x64) AppleWebKit/537.36 (KHTML, like Gecko) Chrome/115.0.0.0 Safari/537.36"
39.100.87.147 - - [18/Aug/2023:10:54:19 +0800] "GET /ajax.php?act=comps HTTP/1.1" 200 71916 "http://www.xeryx.top/index.php" "Mozilla/5.0 (Windows NT 10.0; Win64; x64) AppleWebKit/537.36 (KHTML, like Gecko) Chrome/115.0.0.0 Safari/537.36"
120.244.122.7 - - [18/Aug/2023:10:54:24 +0800] "POST /ajax.php?act=context HTTP/1.1" 200 59 "http://www.xeryx.top/index.php" "Mozilla/5.0 (Windows NT 10.0; Win64; x64) AppleWebKit/537.36 (KHTML, like Gecko) Chrome/116.0.0.0 Safari/537.36"
120.244.122.7 - - [18/Aug/2023:10:54:28 +0800] "GET /ajax.php?act=comps HTTP/1.1" 200 39665 "http://www.xeryx.top/index.php" "Mozilla/5.0 (Windows NT 10.0; Win64; x64) AppleWebKit/537.36 (KHTML, like Gecko) Chrome/116.0.0.0 Safari/537.36"
47.92.175.167 - - [18/Aug/2023:10:55:59 +0800] "POST /ajax.php?act=context HTTP/1.1" 200 59 "http://www.xeryx.top/index.php" "Mozilla/5.0 (Windows NT 10.0; Win64; x64) AppleWebKit/537.36 (KHTML, like Gecko) Chrome/92.0.4515.131 Safari/537.36 SLBrowser/8.0.1.4031 SLBChan/105"
47.92.175.167 - - [18/Aug/2023:10:55:59 +0800] "GET /ajax.php?act=comps HTTP/1.1" 200 5 "http://www.xeryx.top/index.php" "Mozilla/5.0 (Windows NT 10.0; Win64; x64) AppleWebKit/537.36 (KHTML, like Gecko) Chrome/92.0.4515.131 Safari/537.36 SLBrowser/8.0.1.4031 SLBChan/105"
47.92.175.167 - - [18/Aug/2023:10:56:03 +0800] "GET /index.php HTTP/1.1" 200 4473 "http://www.xeryx.top/user/login.php" "Mozilla/5.0 (Windows NT 10.0; Win64; x64) AppleWebKit/537.36 (KHTML, like Gecko) Chrome/92.0.4515.131 Safari/537.36 SLBrowser/8.0.1.4031 SLBChan/105"
47.92.175.167 - - [18/Aug/2023:10:56:06 +0800] "POST /ajax.php?act=context HTTP/1.1" 200 59 "http://www.xeryx.top/index.php" "Mozilla/5.0 (Windows NT 10.0; Win64; x64) AppleWebKit/537.36 (KHTML, like Gecko) Chrome/92.0.4515.131 Safari/537.36 SLBrowser/8.0.1.4031 SLBChan/105"
47.92.175.167 - - [18/Aug/2023:10:56:07 +0800] "GET /ajax.php?act=comps HTTP/1.1" 200 16402 "http://www.xeryx.top/index.php" "Mozilla/5.0 (Windows NT 10.0; Win64; x64) AppleWebKit/537.36 (KHTML, like Gecko) Chrome/92.0.4515.131 Safari/537.36 SLBrowser/8.0.1.4031 SLBChan/105"
120.244.122.7 - - [18/Aug/2023:10:56:15 +0800] "POST /ajax.php?act=context HTTP/1.1" 200 59 "http://www.xeryx.top/index.php" "Mozilla/5.0 (Windows NT 10.0; Win64; x64) AppleWebKit/537.36 (KHTML, like Gecko) Chrome/116.0.0.0 Safari/537.36"
120.244.122.7 - - [18/Aug/2023:10:56:19 +0800] "GET /ajax.php?act=comps HTTP/1.1" 200 44750 "http://www.xeryx.top/index.php" "Mozilla/5.0 (Windows NT 10.0; Win64; x64) AppleWebKit/537.36 (KHTML, like Gecko) Chrome/116.0.0.0 Safari/537.36"
47.92.175.167 - - [18/Aug/2023:10:56:41 +0800] "POST /ajax.php?act=context HTTP/1.1" 200 59 "http://www.xeryx.top/index.php" "Mozilla/5.0 (Windows NT 10.0; Win64; x64) AppleWebKit/537.36 (KHTML, like Gecko) Chrome/92.0.4515.131 Safari/537.36 SLBrowser/8.0.1.4031 SLBChan/105"
47.92.175.167 - - [18/Aug/2023:10:56:44 +0800] "GET /ajax.php?act=comps HTTP/1.1" 200 28428 "http://www.xeryx.top/index.php" "Mozilla/5.0 (Windows NT 10.0; Win64; x64) AppleWebKit/537.36 (KHTML, like Gecko) Chrome/92.0.4515.131 Safari/537.36 SLBrowser/8.0.1.4031 SLBChan/105"
47.92.6.139 - - [18/Aug/2023:10:57:03 +0800] "GET /index.php HTTP/1.1" 200 4473 "-" "Mozilla/5.0 (Windows NT 10.0; Win64; x64) AppleWebKit/537.36 (KHTML, like Gecko) Chrome/116.0.0.0 Safari/537.36"
47.92.175.167 - - [18/Aug/2023:10:57:23 +0800] "POST /ajax.php?act=context HTTP/1.1" 200 59 "http://www.xeryx.top/index.php" "Mozilla/5.0 (Windows NT 10.0; Win64; x64) AppleWebKit/537.36 (KHTML, like Gecko) Chrome/92.0.4515.131 Safari/537.36 SLBrowser/8.0.1.4031 SLBChan/105"
47.92.175.167 - - [18/Aug/2023:10:57:24 +0800] "GET /ajax.php?act=comps HTTP/1.1" 200 17037 "http://www.xeryx.top/index.php" "Mozilla/5.0 (Windows NT 10.0; Win64; x64) AppleWebKit/537.36 (KHTML, like Gecko) Chrome/92.0.4515.131 Safari/537.36 SLBrowser/8.0.1.4031 SLBChan/105"
47.92.6.139 - - [18/Aug/2023:10:57:25 +0800] "POST /ajax.php?act=context HTTP/1.1" 200 59 "http://www.xeryx.top/index.php" "Mozilla/5.0 (Windows NT 10.0; Win64; x64) AppleWebKit/537.36 (KHTML, like Gecko) Chrome/116.0.0.0 Safari/537.36"
47.92.6.139 - - [18/Aug/2023:10:57:26 +0800] "GET /ajax.php?act=comps HTTP/1.1" 200 11226 "http://www.xeryx.top/index.php" "Mozilla/5.0 (Windows NT 10.0; Win64; x64) AppleWebKit/537.36 (KHTML, like Gecko) Chrome/116.0.0.0 Safari/537.36"
47.92.6.139 - - [18/Aug/2023:10:57:34 +0800] "POST /ajax.php?act=context HTTP/1.1" 200 59 "http://www.xeryx.top/index.php" "Mozilla/5.0 (Windows NT 10.0; Win64; x64) AppleWebKit/537.36 (KHTML, like Gecko) Chrome/116.0.0.0 Safari/537.36"
47.92.6.139 - - [18/Aug/2023:10:57:34 +0800] "GET /ajax.php?act=comps HTTP/1.1" 200 1287 "http://www.xeryx.top/index.php" "Mozilla/5.0 (Windows NT 10.0; Win64; x64) AppleWebKit/537.36 (KHTML, like Gecko) Chrome/116.0.0.0 Safari/537.36"
47.92.6.139 - - [18/Aug/2023:10:57:43 +0800] "POST /ajax.php?act=context HTTP/1.1" 200 59 "http://www.xeryx.top/index.php" "Mozilla/5.0 (Windows NT 10.0; Win64; x64) AppleWebKit/537.36 (KHTML, like Gecko) Chrome/116.0.0.0 Safari/537.36"
47.92.6.139 - - [18/Aug/2023:10:57:43 +0800] "GET /ajax.php?act=comps HTTP/1.1" 200 6251 "http://www.xeryx.top/index.php" "Mozilla/5.0 (Windows NT 10.0; Win64; x64) AppleWebKit/537.36 (KHTML, like Gecko) Chrome/116.0.0.0 Safari/537.36"
114.95.169.40 - - [18/Aug/2023:11:00:15 +0800] "POST /ajax.php?act=context HTTP/1.1" 200 59 "http://www.xeryx.top/index.php" "Mozilla/5.0 (Windows NT 10.0; Win64; x64) AppleWebKit/537.36 (KHTML, like Gecko) Chrome/115.0.0.0 Safari/537.36"
114.95.169.40 - - [18/Aug/2023:11:00:18 +0800] "GET /ajax.php?act=comps HTTP/1.1" 200 39844 "http://www.xeryx.top/index.php" "Mozilla/5.0 (Windows NT 10.0; Win64; x64) AppleWebKit/537.36 (KHTML, like Gecko) Chrome/115.0.0.0 Safari/537.36"
114.95.169.40 - - [18/Aug/2023:11:00:44 +0800] "POST /ajax.php?act=context HTTP/1.1" 200 59 "http://www.xeryx.top/index.php" "Mozilla/5.0 (Windows NT 10.0; Win64; x64) AppleWebKit/537.36 (KHTML, like Gecko) Chrome/115.0.0.0 Safari/537.36"
114.95.169.40 - - [18/Aug/2023:11:00:47 +0800] "GET /ajax.php?act=comps HTTP/1.1" 200 47659 "http://www.xeryx.top/index.php" "Mozilla/5.0 (Windows NT 10.0; Win64; x64) AppleWebKit/537.36 (KHTML, like Gecko) Chrome/115.0.0.0 Safari/537.36"
39.100.87.147 - - [18/Aug/2023:11:01:15 +0800] "POST /ajax.php?act=context HTTP/1.1" 200 59 "http://www.xeryx.top/index.php" "Mozilla/5.0 (Windows NT 10.0; Win64; x64) AppleWebKit/537.36 (KHTML, like Gecko) Chrome/115.0.0.0 Safari/537.36"
39.100.87.147 - - [18/Aug/2023:11:01:23 +0800] "GET /ajax.php?act=comps HTTP/1.1" 200 74307 "http://www.xeryx.top/index.php" "Mozilla/5.0 (Windows NT 10.0; Win64; x64) AppleWebKit/537.36 (KHTML, like Gecko) Chrome/115.0.0.0 Safari/537.36"
47.92.175.167 - - [18/Aug/2023:11:01:32 +0800] "POST /ajax.php?act=context HTTP/1.1" 200 59 "http://www.xeryx.top/index.php" "Mozilla/5.0 (Windows NT 10.0; Win64; x64) AppleWebKit/537.36 (KHTML, like Gecko) Chrome/92.0.4515.131 Safari/537.36 SLBrowser/8.0.1.4031 SLBChan/105"
47.92.175.167 - - [18/Aug/2023:11:01:34 +0800] "GET /ajax.php?act=comps HTTP/1.1" 200 22543 "http://www.xeryx.top/index.php" "Mozilla/5.0 (Windows NT 10.0; Win64; x64) AppleWebKit/537.36 (KHTML, like Gecko) Chrome/92.0.4515.131 Safari/537.36 SLBrowser/8.0.1.4031 SLBChan/105"
47.92.175.167 - - [18/Aug/2023:11:01:52 +0800] "POST /ajax.php?act=context HTTP/1.1" 200 59 "http://www.xeryx.top/index.php" "Mozilla/5.0 (Windows NT 10.0; Win64; x64) AppleWebKit/537.36 (KHTML, like Gecko) Chrome/92.0.4515.131 Safari/537.36 SLBrowser/8.0.1.4031 SLBChan/105"
47.92.175.167 - - [18/Aug/2023:11:01:52 +0800] "GET /ajax.php?act=comps HTTP/1.1" 200 5 "http://www.xeryx.top/index.php" "Mozilla/5.0 (Windows NT 10.0; Win64; x64) AppleWebKit/537.36 (KHTML, like Gecko) Chrome/92.0.4515.131 Safari/537.36 SLBrowser/8.0.1.4031 SLBChan/105"
47.92.175.167 - - [18/Aug/2023:11:01:56 +0800] "POST /ajax.php?act=context HTTP/1.1" 200 59 "http://www.xeryx.top/index.php" "Mozilla/5.0 (Windows NT 10.0; Win64; x64) AppleWebKit/537.36 (KHTML, like Gecko) Chrome/92.0.4515.131 Safari/537.36 SLBrowser/8.0.1.4031 SLBChan/105"
47.92.175.167 - - [18/Aug/2023:11:01:56 +0800] "GET /ajax.php?act=comps HTTP/1.1" 200 5 "http://www.xeryx.top/index.php" "Mozilla/5.0 (Windows NT 10.0; Win64; x64) AppleWebKit/537.36 (KHTML, like Gecko) Chrome/92.0.4515.131 Safari/537.36 SLBrowser/8.0.1.4031 SLBChan/105"
47.92.175.167 - - [18/Aug/2023:11:02:00 +0800] "GET /index.php HTTP/1.1" 200 4473 "http://www.xeryx.top/user/login.php" "Mozilla/5.0 (Windows NT 10.0; Win64; x64) AppleWebKit/537.36 (KHTML, like Gecko) Chrome/92.0.4515.131 Safari/537.36 SLBrowser/8.0.1.4031 SLBChan/105"
47.92.175.167 - - [18/Aug/2023:11:02:08 +0800] "POST /ajax.php?act=context HTTP/1.1" 200 59 "http://www.xeryx.top/index.php" "Mozilla/5.0 (Windows NT 10.0; Win64; x64) AppleWebKit/537.36 (KHTML, like Gecko) Chrome/92.0.4515.131 Safari/537.36 SLBrowser/8.0.1.4031 SLBChan/105"
39.100.87.147 - - [18/Aug/2023:11:02:10 +0800] "POST /ajax.php?act=context HTTP/1.1" 200 59 "http://www.xeryx.top/index.php" "Mozilla/5.0 (Windows NT 10.0; Win64; x64) AppleWebKit/537.36 (KHTML, like Gecko) Chrome/115.0.0.0 Safari/537.36"
39.100.87.147 - - [18/Aug/2023:11:02:15 +0800] "GET /ajax.php?act=comps HTTP/1.1" 200 76512 "http://www.xeryx.top/index.php" "Mozilla/5.0 (Windows NT 10.0; Win64; x64) AppleWebKit/537.36 (KHTML, like Gecko) Chrome/115.0.0.0 Safari/537.36"
47.92.175.167 - - [18/Aug/2023:11:02:24 +0800] "GET /ajax.php?act=comps HTTP/1.1" 200 281196 "http://www.xeryx.top/index.php" "Mozilla/5.0 (Windows NT 10.0; Win64; x64) AppleWebKit/537.36 (KHTML, like Gecko) Chrome/92.0.4515.131 Safari/537.36 SLBrowser/8.0.1.4031 SLBChan/105"
159.226.43.10 - - [18/Aug/2023:11:02:54 +0800] "POST /ajax.php?act=context HTTP/1.1" 200 59 "http://www.xeryx.top/index.php" "Mozilla/5.0 (Windows NT 10.0; WOW64) AppleWebKit/537.36 (KHTML, like Gecko) Chrome/86.0.4240.198 Safari/537.36"
159.226.43.10 - - [18/Aug/2023:11:02:57 +0800] "GET /ajax.php?act=comps HTTP/1.1" 200 35120 "http://www.xeryx.top/index.php" "Mozilla/5.0 (Windows NT 10.0; WOW64) AppleWebKit/537.36 (KHTML, like Gecko) Chrome/86.0.4240.198 Safari/537.36"
114.95.169.40 - - [18/Aug/2023:11:03:22 +0800] "POST /ajax.php?act=context HTTP/1.1" 200 59 "http://www.xeryx.top/index.php" "Mozilla/5.0 (Windows NT 10.0; Win64; x64) AppleWebKit/537.36 (KHTML, like Gecko) Chrome/92.0.4515.131 Safari/537.36 SLBrowser/8.0.1.4031 SLBChan/105"
114.95.169.40 - - [18/Aug/2023:11:03:24 +0800] "GET /ajax.php?act=comps HTTP/1.1" 200 9883 "http://www.xeryx.top/index.php" "Mozilla/5.0 (Windows NT 10.0; Win64; x64) AppleWebKit/537.36 (KHTML, like Gecko) Chrome/92.0.4515.131 Safari/537.36 SLBrowser/8.0.1.4031 SLBChan/105"
114.95.169.40 - - [18/Aug/2023:11:03:46 +0800] "POST /ajax.php?act=context HTTP/1.1" 200 59 "http://www.xeryx.top/index.php" "Mozilla/5.0 (Windows NT 10.0; Win64; x64) AppleWebKit/537.36 (KHTML, like Gecko) Chrome/92.0.4515.131 Safari/537.36 SLBrowser/8.0.1.4031 SLBChan/105"
114.95.169.40 - - [18/Aug/2023:11:03:48 +0800] "GET /ajax.php?act=comps HTTP/1.1" 200 20801 "http://www.xeryx.top/index.php" "Mozilla/5.0 (Windows NT 10.0; Win64; x64) AppleWebKit/537.36 (KHTML, like Gecko) Chrome/92.0.4515.131 Safari/537.36 SLBrowser/8.0.1.4031 SLBChan/105"
